******************************************************************************
                  TI ARM Linker Unix v16.9.2                   
******************************************************************************
>> Linked Mon Mar 26 12:13:45 2018

OUTPUT FILE NAME:   <bin/tda2xx-evm/edma3_drv_arm_tda2xx_core1_sample_m4_debug.xem4>
ENTRY POINT SYMBOL: "ti_sysbios_family_arm_ducati_Core_reset"  address: 00000009


MEMORY CONFIGURATION

         name            origin    length      used     unused   attr    fill
----------------------  --------  ---------  --------  --------  ----  --------
  L2_ROM                00000000   00004000  000001a0  00003e60  RWIX
  L2_RAM                20000000   00010000  00000000  00010000  RWIX
  OCMC_RAM1             40300000   00080000  00000000  00080000  RWIX
  OCMC_RAM2             40400000   00100000  00000000  00100000  RWIX
  OCMC_RAM3             40500000   00100000  00000000  00100000  RWIX
  CODE_CORE_IPU1_1      86800000   01000000  00017f22  00fe80de  RW X
  PRIVATE_DATA_CORE_IPU 87800000   01800000  0003eeb2  017c114e  RW X
  SHARED_FRAME_BUFFER   8a000000   04000000  00000000  04000000  RW X
  SHARED_CTRL           a0000000   01000000  00000000  01000000  RW X
  SHARED_LOG_MEM        a1000000   00700000  00000000  00700000  RW X
  SHARED_MEM            a2000000   01000000  00000000  01000000  RW X


SEGMENT ALLOCATION MAP

run origin  load origin   length   init length attrs members
----------  ----------- ---------- ----------- ----- -------
00000000    00000000    00000050   00000050    r-x
  00000000    00000000    00000050   00000050    r-x .ducatiBoot
000007f0    000007f0    00000010   00000000    rw-
  000007f0    000007f0    00000010   00000000    rw- .ducatiGates
00000800    00000800    00000140   00000140    r--
  00000800    00000800    00000140   00000140    r-- .resetVecs
86800000    86800000    00017f22   00017f22    r-x
  86800000    86800000    00017f22   00017f22    r-x .text
87800000    87800000    00030788   00000000    rw-
  87800000    87800000    00030788   00000000    rw- .bss
87830788    87830788    000091f4   000051f2    rw-
  87830788    87830788    000051f2   000051f2    rw- .data
  8783597c    8783597c    00004000   00000000    rw- .stack
8783997c    8783997c    00002b78   00002b78    r--
  8783997c    8783997c    00002b78   00002b78    r-- .const
8783c500    8783c500    000029c0   00000000    rw-
  8783c500    8783c500    000021c0   00000000    rw- .my_sect_ddr
  8783e6c0    8783e6c0    00000800   00000000    rw- .bss:taskStackSection


SECTION ALLOCATION MAP

 output                                  attributes/
section   page    origin      length       input sections
--------  ----  ----------  ----------   ----------------
.bss       0    87800000    00030788     UNINITIALIZED
                  87800000    00015000     (.common:ti_sysbios_heaps_HeapMem_Instance_State_0_buf__A)
                  87815000    000088e0     (.common:edma3DrvChBoundRes)
                  8781d8e0    00005b40     edma3_lld_rm.aem4 : edma3resmgr.oem4 (.bss:edma3RmChBoundRes)
                  87823420    000047e0     (.common:drvInstance)
                  87827c00    00003ca0     (.common:resMgrInstanceArray)
                  8782b8a0    00001a40     (.common:userInstInitConfigArray)
                  8782d2e0    00000e74     (.common:drvObj)
                  8782e154    00000e74     (.common:resMgrObj)
                  8782efc8    00000a00                       : edma3resmgr.oem4 (.bss:edma3IntrParams)
                  8782f9c8    00000500                       : edma3resmgr.oem4 (.bss:edma3DmaChTccMapping)
                  8782fec8    00000400     (.common:xdc_runtime_SysMin_Module_State_0_outbuf__A)
                  878302c8    00000140     (.common:ti_sysbios_family_arm_m3_Hwi_dispatchTable)
                  87830408    00000120     rtsv7M4_T_le_eabi.lib : trgmsg.obj (.bss:_CIOBUF_)
                  87830528    000000a0     edma3_lld_rm.aem4 : edma3resmgr.oem4 (.bss:edma3QdmaChTccMapping)
                  878305c8    000000a0     (.common:__TI_tmpnams)
                  87830668    00000040                       : edma3resmgr.oem4 (.bss:contiguousParamRes)
                  878306a8    00000020     (.common:hwiTCErrInt)
                  878306c8    00000014     (.common:edma3_dma_ch_max_val)
                  878306dc    00000014     (.common:edma3_link_ch_max_val)
                  878306f0    00000014     (.common:edma3_link_ch_min_val)
                  87830704    00000014     (.common:edma3_log_ch_max_val)
                  87830718    00000014     (.common:edma3_qdma_ch_max_val)
                  8783072c    00000014     (.common:edma3_qdma_ch_min_val)
                  87830740    00000008     rtsv7M4_T_le_eabi.lib : trgdrv.obj (.bss:parmbuf)
                  87830748    00000004     (.common:dsp_num)
                  8783074c    00000004     (.common:dsp_num_tmp)
                  87830750    00000004     (.common:dstBuff1)
                  87830754    00000004     (.common:dstBuff2)
                  87830758    00000004     (.common:dstL1DBuff1)
                  8783075c    00000004     (.common:dstL1DBuff2)
                  87830760    00000004     (.common:hwiCCErrInt)
                  87830764    00000004     (.common:hwiCCXferCompInt)
                  87830768    00000004     (.common:myCoreNum)
                  8783076c    00000004     (.common:pingpongDestBuf)
                  87830770    00000004     (.common:pingpongDestBufCopy)
                  87830774    00000004     (.common:pingpongSrcBuf)
                  87830778    00000004     (.common:pingpongSrcBufCopy)
                  8783077c    00000004     (.common:region_id)
                  87830780    00000004     (.common:srcBuff1)
                  87830784    00000004     (.common:srcBuff2)

.neardata 
*          0    87830788    00000000     UNINITIALIZED

.rodata    0    87830788    00000000     UNINITIALIZED

.stack     0    8783597c    00004000     UNINITIALIZED
                  8783597c    00004000     --HOLE--

.cinit     0    86800000    00000000     UNINITIALIZED

.init_array 
*          0    86800000    00000000     UNINITIALIZED

.bootVecs 
*          0    00000000    00000008     DSECT
                  00000000    00000008     boot.aem4 : boot.oem4 (.bootVecs)

.resetVecs 
*          0    00000800    00000140     
                  00000800    00000140     edma3_drv_bios6_tda2xx_m4_c1_st_sample_pem4.oem4 (.resetVecs)

.vecs      0    00000800    00000000     DSECT

.ducatiBoot 
*          0    00000000    00000050     
                  00000000    00000050     sysbios.aem4 : ducati_Core_asm.obj (.ducatiBoot)

.ducatiGates 
*          0    000007f0    00000010     UNINITIALIZED
                  000007f0    00000010     edma3_drv_bios6_tda2xx_m4_c1_st_sample_pem4.oem4 (.ducatiGates)

.bss:taskStackSection 
*          0    8783e6c0    00000800     UNINITIALIZED
                  8783e6c0    00000800     edma3_drv_bios6_tda2xx_m4_c1_st_sample_pem4.oem4 (.bss:taskStackSection)

.my_sect_ddr 
*          0    8783c500    000021c0     UNINITIALIZED
                  8783c500    00001fc0     dma_ping_pong_test.oem4 (.my_sect_ddr)
                  8783e4c0    00000040     --HOLE--
                  8783e500    000001c0     common.oem4 (.my_sect_ddr)

xdc.meta   0    87800000    000001b0     COPY SECTION
                  87800000    000001b0     edma3_drv_bios6_tda2xx_m4_c1_st_sample_pem4.oem4 (xdc.meta)

.text      0    86800000    00017f22     
                  86800000    00004de8     edma3_lld_rm.aem4 : edma3resmgr.oem4 (.text)
                  86804de8    000028b0     edma3_drv_bios6_tda2xx_m4_c1_st_sample_pem4.oem4 (.text)
                  86807698    00001f3c     edma3_lld_drv.aem4 : edma3_drv_basic.oem4 (.text)
                  868095d4    00001cd0                        : edma3_drv_adv.oem4 (.text)
                  8680b2a4    00001122     rtsv7M4_T_le_eabi.lib : _printfi.obj (.text)
                  8680c3c6    00000002                           : i_div0.obj (.text)
                  8680c3c8    00000d60     main.oem4 (.text)
                  8680d128    0000091e     qdma_link_test.oem4 (.text)
                  8680da46    00000002     --HOLE-- [fill = 0]
                  8680da48    000007fc     edma3_lld_drv.aem4 : edma3_drv_init.oem4 (.text)
                  8680e244    00000622     dma_poll_test.oem4 (.text)
                  8680e866    00000002     --HOLE-- [fill = 0]
                  8680e868    00000530     dma_ping_pong_test.oem4 (.text)
                  8680ed98    0000050c     dma_link_test.oem4 (.text)
                  8680f2a4    000004b4     dma_chain_test.oem4 (.text)
                  8680f758    00000474     qdma_test.oem4 (.text)
                  8680fbcc    00000004     rtsv7M4_T_le_eabi.lib : remove.obj (.text:remove)
                  8680fbd0    00000430     sysbios.aem4 : BIOS.obj (.text:ti_sysbios_family_arm_m3_Hwi_excDumpRegs__I)
                  86810000    00000414     dma_test.oem4 (.text)
                  86810414    000003c0     edma3_lld_drv_sample.aem4 : sample_tda2xx_arm_int_reg.oem4 (.text)
                  868107d4    00000354     ti.targets.arm.rtsarm.aem4 : System.oem4 (.text:xdc_runtime_System_doPrint__I)
                  86810b28    00000324     rtsv7M4_T_le_eabi.lib : trgdrv.obj (.text)
                  86810e4c    00000004     ti.targets.arm.rtsarm.aem4 : Error.oem4 (.text:xdc_runtime_Error_getCode__E)
                  86810e50    00000314     sysbios.aem4 : BIOS.obj (.text:ti_sysbios_knl_Semaphore_pend__E)
                  86811164    0000030c     rtsv7M4_T_le_eabi.lib : lowlev.obj (.text)
                  86811470    00000254     edma3_lld_drv_sample.aem4 : sample_arm_cs.oem4 (.text)
                  868116c4    00000004     ti.targets.arm.rtsarm.aem4 : Error.oem4 (.text:xdc_runtime_Error_getSite__E)
                  868116c8    00000250     sysbios.aem4 : BIOS.obj (.text:ti_sysbios_heaps_HeapMem_freeUnprotected__E)
                  86811918    00000224                  : BIOS.obj (.text:ti_sysbios_knl_Task_Instance_finalize__E)
                  86811b3c    00000004     ti.targets.arm.rtsarm.aem4 : System.oem4 (.text:xdc_runtime_System_abortStd__E)
                  86811b40    000001fc     sysbios.aem4 : BIOS.obj (.text:ti_sysbios_family_arm_m3_Hwi_excHandlerMax__I)
                  86811d3c    00000004     ti.targets.arm.rtsarm.aem4 : System.oem4 (.text:xdc_runtime_System_aprintf_va__F)
                  86811d40    000001fc     sysbios.aem4 : BIOS.obj (.text:ti_sysbios_heaps_HeapMem_allocUnprotected__E)
                  86811f3c    000001f4     rtsv7M4_T_le_eabi.lib : ull_div_t2.obj (.text)
                  86812130    000001d8     sysbios.aem4 : BIOS.obj (.text:ti_sysbios_hal_unicache_Cache_startup__I)
                  86812308    000001c4     rtsv7M4_T_le_eabi.lib : fopen.obj (.text)
                  868124cc    00000004     ti.targets.arm.rtsarm.aem4 : System.oem4 (.text:xdc_runtime_System_asprintf_va__F)
                  868124d0    000001c4     sysbios.aem4 : BIOS.obj (.text:ti_sysbios_family_arm_ducati_Timer_Instance_init__E)
                  86812694    00000004     ti.targets.arm.rtsarm.aem4 : System.oem4 (.text:xdc_runtime_System_exitStd__E)
                  86812698    000001c0     sysbios.aem4 : BIOS.obj (.text:ti_sysbios_knl_Task_Instance_init__E)
                  86812858    000001b6     rtsv7M4_T_le_eabi.lib : fd_add_t2.obj (.text)
                  86812a0e    00000002     --HOLE-- [fill = 0]
                  86812a10    0000019c     sysbios.aem4 : BIOS.obj (.text:ti_sysbios_knl_Task_Module_startup__E)
                  86812bac    00000004     ti.targets.arm.rtsarm.aem4 : System.oem4 (.text:xdc_runtime_System_printf_va__F)
                  86812bb0    00000174     sysbios.aem4 : BIOS.obj (.text:ti_sysbios_family_arm_m3_Hwi_excBusFault__I)
                  86812d24    0000016c     edma3_lld_drv_sample.aem4 : sample_arm_init.oem4 (.text)
                  86812e90    00000164     sysbios.aem4 : BIOS.obj (.text:ti_sysbios_family_arm_m3_Hwi_excUsageFault__I)
                  86812ff4    00000150     dma_misc_test.oem4 (.text)
                  86813144    00000004     ti.targets.arm.rtsarm.aem4 : System.oem4 (.text:xdc_runtime_System_snprintf_va__F)
                  86813148    00000150     sysbios.aem4 : BIOS.obj (.text:ti_sysbios_hal_unicache_Cache_inv__E)
                  86813298    0000014c                  : BIOS.obj (.text:ti_sysbios_family_shared_vayu_IntXbar_connect__E)
                  868133e4    00000004     ti.targets.arm.rtsarm.aem4 : System.oem4 (.text:xdc_runtime_System_sprintf_va__F)
                  868133e8    00000148     sysbios.aem4 : BIOS.obj (.text:ti_sysbios_family_arm_m3_Hwi_excMemFault__I)
                  86813530    00000140                  : BIOS.obj (.text:ti_sysbios_knl_Semaphore_post__E)
                  86813670    0000013c                  : BIOS.obj (.text:ti_sysbios_heaps_HeapMem_Instance_init__E)
                  868137ac    00000004     --HOLE-- [fill = 0]
                  868137b0    0000013c                  : BIOS.obj (.text:ti_sysbios_knl_Clock_workFunc__E)
                  868138ec    00000004     --HOLE-- [fill = 0]
                  868138f0    00000138                  : BIOS.obj (.text:ti_sysbios_family_arm_m3_Hwi_dispatchC__I)
                  86813a28    00000136     rtsv7M4_T_le_eabi.lib : fd_div_t2.obj (.text)
                  86813b5e    00000002     --HOLE-- [fill = 0]
                  86813b60    00000134                           : fputs.obj (.text)
                  86813c94    00000130     ti.targets.arm.rtsarm.aem4 : Error.oem4 (.text:xdc_runtime_Error_policyDefault__E)
                  86813dc4    00000004     --HOLE-- [fill = 0]
                  86813dc8    00000128     sysbios.aem4 : BIOS.obj (.text:ti_sysbios_hal_unicache_Cache_wbInv__E)
                  86813ef0    00000128                  : BIOS.obj (.text:ti_sysbios_hal_unicache_Cache_wb__E)
                  86814018    0000011c                  : BIOS.obj (.text:ti_sysbios_knl_Clock_Instance_init__E)
                  86814134    00000004     --HOLE-- [fill = 0]
                  86814138    0000011c                  : BIOS.obj (.text:ti_sysbios_knl_Swi_run__I)
                  86814254    000000fc     rtsv7M4_T_le_eabi.lib : fd_mul_t2.obj (.text)
                  86814350    000000f8     ti.targets.arm.rtsarm.aem4 : Startup.oem4 (.text:xdc_runtime_Startup_startMods__I)
                  86814448    000000e8                                : Core-mem.oem4 (.text:xdc_runtime_Core_createObject__I)
                  86814530    000000dc     rtsv7M4_T_le_eabi.lib : setvbuf.obj (.text)
                  8681460c    000000d0                           : s_scalbn.obj (.text)
                  868146dc    00000004     --HOLE-- [fill = 0]
                  868146e0    000000d0     sysbios.aem4 : BIOS.obj (.text:ti_sysbios_family_arm_ducati_GateDualCore_enter__E)
                  868147b0    000000d0                  : BIOS.obj (.text:ti_sysbios_family_arm_m3_Hwi_Module_startup__E)
                  86814880    000000cc                  : m3_Hwi_asm.obj (.text:ti_sysbios_family_arm_m3_Hwi_dispatch__I)
                  8681494c    000000cc     ti.targets.arm.rtsarm.aem4 : Core-smem.oem4 (.text:xdc_runtime_Core_constructObject__I)
                  86814a18    000000c8     rtsv7M4_T_le_eabi.lib : fflush.obj (.text)
                  86814ae0    000000c4     sysbios.aem4 : BIOS.obj (.text:ti_sysbios_knl_Swi_Instance_init__E)
                  86814ba4    00000004     --HOLE-- [fill = 0]
                  86814ba8    000000c4                  : BIOS.obj (.text:ti_sysbios_knl_Task_schedule__I)
                  86814c6c    00000004     --HOLE-- [fill = 0]
                  86814c70    000000c0                  : BIOS.obj (.text:ti_sysbios_knl_Task_exit__E)
                  86814d30    000000bc                  : BIOS.obj (.text:ti_sysbios_family_arm_m3_Hwi_excDebugMon__I)
                  86814dec    00000004     --HOLE-- [fill = 0]
                  86814df0    000000bc                  : BIOS.obj (.text:ti_sysbios_family_arm_m3_Hwi_excHardFault__I)
                  86814eac    00000004     --HOLE-- [fill = 0]
                  86814eb0    000000bc                  : BIOS.obj (.text:ti_sysbios_knl_Task_startCore__E)
                  86814f6c    00000004     --HOLE-- [fill = 0]
                  86814f70    000000b4                  : BIOS.obj (.text:ti_sysbios_family_arm_ducati_Timer_startup__E)
                  86815024    00000004     --HOLE-- [fill = 0]
                  86815028    000000b4                  : BIOS.obj (.text:ti_sysbios_family_shared_vayu_IntXbar_initXbarRegs__I)
                  868150dc    00000004     --HOLE-- [fill = 0]
                  868150e0    000000b4                  : BIOS.obj (.text:ti_sysbios_gates_GateMutex_enter__E)
                  86815194    00000004     --HOLE-- [fill = 0]
                  86815198    000000b0                  : BIOS.obj (.text:ti_sysbios_knl_Task_postInit__I)
                  86815248    000000ac     rtsv7M4_T_le_eabi.lib : _io_perm.obj (.text)
                  868152f4    00000004     --HOLE-- [fill = 0]
                  868152f8    000000ac     sysbios.aem4 : BIOS.obj (.text:ti_sysbios_knl_Swi_post__E)
                  868153a4    00000004     --HOLE-- [fill = 0]
                  868153a8    000000a8                  : BIOS.obj (.text:ti_sysbios_knl_Task_blockI__E)
                  86815450    000000a4                  : BIOS.obj (.text:ti_sysbios_knl_Clock_Instance_finalize__E)
                  868154f4    000000a0     auto_init.aem4 : auto_init.oem4 (.text)
                  86815594    00000004     --HOLE-- [fill = 0]
                  86815598    000000a0     sysbios.aem4 : BIOS.obj (.text:ti_sysbios_family_arm_ducati_Timer_trigger__E)
                  86815638    0000009c     rtsv7M4_T_le_eabi.lib : memcpy_t2.obj (.text)
                  868156d4    00000004     --HOLE-- [fill = 0]
                  868156d8    0000009c     sysbios.aem4 : BIOS.obj (.text:ti_sysbios_knl_Semaphore_Instance_init__E)
                  86815774    0000009a     ti.targets.arm.rtsarm.aem4 : Text.oem4 (.text:xdc_runtime_Text_putSite__E)
                  8681580e    00000002     --HOLE-- [fill = 0]
                  86815810    00000098     rtsv7M4_T_le_eabi.lib : fclose.obj (.text)
                  868158a8    00000098                           : fputc.obj (.text)
                  86815940    00000098     ti.targets.arm.rtsarm.aem4 : Text.oem4 (.text:xdc_runtime_Text_putMod__E)
                  868159d8    00000094     common.oem4 (.text)
                  86815a6c    00000090     edma3_lld_drv_sample.aem4 : sample_tda2xx_cfg.oem4 (.text)
                  86815afc    00000004     --HOLE-- [fill = 0]
                  86815b00    00000090     sysbios.aem4 : BIOS.obj (.text:ti_sysbios_family_arm_ducati_GateDualCore_Instance_init__E)
                  86815b90    00000090                  : BIOS.obj (.text:ti_sysbios_knl_Task_unblockI__E)
                  86815c20    0000008c                  : BIOS.obj (.text:ti_sysbios_family_arm_m3_Hwi_Instance_init__E)
                  86815cac    00000004     --HOLE-- [fill = 0]
                  86815cb0    00000088                  : BIOS.obj (.text:ti_sysbios_family_arm_ducati_Timer_setPeriod__E)
                  86815d38    00000088                  : BIOS.obj (.text:ti_sysbios_family_arm_m3_Hwi_initNVIC__E)
                  86815dc0    00000086     rtsv7M4_T_le_eabi.lib : fd_cmp_t2.obj (.text:__aeabi_cdcmple)
                  86815e46    00000086                           : fd_cmp_t2.obj (.text:__aeabi_cdrcmple)
                  86815ecc    00000004     --HOLE-- [fill = 0]
                  86815ed0    00000084     sysbios.aem4 : BIOS.obj (.text:ti_sysbios_family_arm_m3_Hwi_postInit__I)
                  86815f54    00000004     --HOLE-- [fill = 0]
                  86815f58    00000080                  : BIOS.obj (.text:ti_sysbios_family_shared_vayu_IntXbar_initIntXbar__I)
                  86815fd8    0000007c                  : BIOS.obj (.text:ti_sysbios_family_arm_ducati_GateDualCore_Module_startup__E)
                  86816054    00000004     --HOLE-- [fill = 0]
                  86816058    0000007c                  : BIOS.obj (.text:ti_sysbios_family_arm_ducati_Timer_getExpiredCounts__E)
                  868160d4    0000007a     rtsv7M4_T_le_eabi.lib : memset_t2.obj (.text)
                  8681614e    00000002     --HOLE-- [fill = 0]
                  86816150    00000078     sysbios.aem4 : BIOS.obj (.text:ti_sysbios_family_arm_ducati_Timer_start__E)
                  868161c8    00000074                  : BIOS.obj (.text:ti_sysbios_knl_Clock_start__E)
                  8681623c    00000070     rtsv7M4_T_le_eabi.lib : printf.obj (.text)
                  868162ac    00000004     --HOLE-- [fill = 0]
                  868162b0    00000070     sysbios.aem4 : BIOS.obj (.text:ti_sysbios_family_arm_ducati_Timer_setPeriodMicroSecs__E)
                  86816320    00000070     ti.targets.arm.rtsarm.aem4 : Error.oem4 (.text:xdc_runtime_Error_print__E)
                  86816390    0000006d                                : System.oem4 (.text:xdc_runtime_System_formatNum__I)
                  868163fd    00000003     --HOLE-- [fill = 0]
                  86816400    0000006c     sysbios.aem4 : BIOS.obj (.text:ti_sysbios_knl_Swi_restoreHwi__E)
                  8681646c    0000006c     ti.targets.arm.rtsarm.aem4 : Memory.oem4 (.text:xdc_runtime_Memory_alloc__E)
                  868164d8    00000068     rtsv7M4_T_le_eabi.lib : trgmsg.obj (.text)
                  86816540    00000068     sysbios.aem4 : BIOS.obj (.text:ti_sysbios_family_arm_ducati_Timer_Module_startup__E)
                  868165a8    00000068                  : BIOS.obj (.text:ti_sysbios_family_arm_ducati_Timer_getStatus__E)
                  86816610    00000066     ti.targets.arm.rtsarm.aem4 : Core-mem.oem4 (.text:xdc_runtime_Core_deleteObject__I)
                  86816676    00000002     --HOLE-- [fill = 0]
                  86816678    00000064     rtsv7M4_T_le_eabi.lib : fseek.obj (.text)
                  868166dc    00000004     --HOLE-- [fill = 0]
                  868166e0    00000060     sysbios.aem4 : BIOS.obj (.text:ti_sysbios_family_arm_ducati_Timer_initDevice__I)
                  86816740    00000060                  : BIOS.obj (.text:ti_sysbios_knl_Clock_logTick__E)
                  868167a0    0000005c     rtsv7M4_T_le_eabi.lib : s_frexp.obj (.text)
                  868167fc    00000004     --HOLE-- [fill = 0]
                  86816800    0000005c     sysbios.aem4 : BIOS.obj (.text:ti_sysbios_family_arm_m3_Hwi_restoreInterrupt__E)
                  8681685c    00000004     --HOLE-- [fill = 0]
                  86816860    0000005c                  : BIOS.obj (.text:ti_sysbios_knl_Swi_schedule__I)
                  868168bc    0000005b     ti.targets.arm.rtsarm.aem4 : Text.oem4 (.text:xdc_runtime_Text_putLab__E)
                  86816917    00000001     --HOLE-- [fill = 0]
                  86816918    00000058     sysbios.aem4 : BIOS.obj (.text:ti_sysbios_heaps_HeapMem_alloc__E)
                  86816970    00000054     rtsv7M4_T_le_eabi.lib : exit.obj (.text)
                  868169c4    00000054                           : ltoa.obj (.text)
                  86816a18    00000054     sysbios.aem4 : BIOS.obj (.text:ti_sysbios_knl_Swi_Instance_finalize__E)
                  86816a6c    00000054     ti.targets.arm.rtsarm.aem4 : Assert.oem4 (.text:xdc_runtime_Assert_raise__I)
                  86816ac0    00000050                                : Startup.oem4 (.text:xdc_runtime_Startup_exec__E)
                  86816b10    00000050                                : Text.oem4 (.text:xdc_runtime_Text_visitRope2__I)
                  86816b60    0000004c     rtsv7M4_T_le_eabi.lib : atoi.obj (.text)
                  86816bac    0000004c                           : cpy_tbl.obj (.text)
                  86816bf8    0000004c     sysbios.aem4 : BIOS.obj (.text:ti_sysbios_family_arm_ducati_Timer_Instance_finalize__E)
                  86816c44    0000004c                  : m3_TaskSupport_asm.obj (.text:ti_sysbios_family_arm_m3_TaskSupport_buildTaskStack)
                  86816c90    0000004c                  : BIOS.obj (.text:ti_sysbios_heaps_HeapMem_getStats__E)
                  86816cdc    00000004     --HOLE-- [fill = 0]
                  86816ce0    0000004c                  : BIOS.obj (.text:ti_sysbios_knl_Swi_runLoop__I)
                  86816d2c    00000004     --HOLE-- [fill = 0]
                  86816d30    0000004c                  : BIOS.obj (.text:ti_sysbios_knl_Task_allBlockedFunction__I)
                  86816d7c    00000048     rtsv7M4_T_le_eabi.lib : fd_toi_t2.obj (.text)
                  86816dc4    00000004     --HOLE-- [fill = 0]
                  86816dc8    00000048     sysbios.aem4 : BIOS.obj (.text:ti_sysbios_family_arm_m3_Hwi_disableInterrupt__E)
                  86816e10    00000048                  : BIOS.obj (.text:ti_sysbios_family_arm_m3_Hwi_enableInterrupt__E)
                  86816e58    00000048                  : BIOS.obj (.text:ti_sysbios_family_arm_m3_Hwi_excReserved__I)
                  86816ea0    00000048                  : m3_Hwi_asm_switch.obj (.text:ti_sysbios_family_arm_m3_Hwi_initStacks__E)
                  86816ee8    00000048                  : BIOS.obj (.text:ti_sysbios_hal_unicache_Cache_wbInvAll__E)
                  86816f30    00000046     ti.targets.arm.rtsarm.aem4 : Core-params.oem4 (.text:xdc_runtime_Core_assignParams__I)
                  86816f76    00000002     --HOLE-- [fill = 0]
                  86816f78    00000044     boot.aem4 : boot.oem4 (.text)
                  86816fbc    00000004     --HOLE-- [fill = 0]
                  86816fc0    00000044     sysbios.aem4 : BIOS.obj (.text:ti_sysbios_family_arm_ducati_Timer_oneShotStub__E)
                  86817004    00000004     --HOLE-- [fill = 0]
                  86817008    00000044                  : BIOS.obj (.text:ti_sysbios_family_arm_m3_Hwi_getStackInfo__E)
                  8681704c    00000004     --HOLE-- [fill = 0]
                  86817050    00000044                  : BIOS.obj (.text:ti_sysbios_hal_unicache_Cache_wbAll__E)
                  86817094    00000044     ti.targets.arm.rtsarm.aem4 : Error.oem4 (.text:xdc_runtime_Error_setX__E)
                  868170d8    00000044                                : SysMin.oem4 (.text:xdc_runtime_SysMin_flush__E)
                  8681711c    00000044                                : Text.oem4 (.text:xdc_runtime_Text_xprintf__I)
                  86817160    00000040     rtsv7M4_T_le_eabi.lib : u_divt2.obj (.text)
                  868171a0    00000040     sysbios.aem4 : BIOS.obj (.text:ti_sysbios_family_arm_ducati_Timer_getFreq__E)
                  868171e0    00000040                  : BIOS.obj (.text:ti_sysbios_hal_unicache_Cache_seizeRegs__I)
                  86817220    0000003c                  : BIOS.obj (.text:ti_sysbios_family_arm_ducati_Core_Module_startup__E)
                  8681725c    00000004     --HOLE-- [fill = 0]
                  86817260    0000003c                  : BIOS.obj (.text:ti_sysbios_family_arm_m3_Hwi_Instance_finalize__E)
                  8681729c    00000004     --HOLE-- [fill = 0]
                  868172a0    0000003c                  : BIOS.obj (.text:ti_sysbios_family_arm_m3_Hwi_excSvCall__I)
                  868172dc    00000004     --HOLE-- [fill = 0]
                  868172e0    0000003c                  : BIOS.obj (.text:ti_sysbios_hal_unicache_Cache_disable__E)
                  8681731c    00000004     --HOLE-- [fill = 0]
                  86817320    0000003c                  : BIOS.obj (.text:ti_sysbios_hal_unicache_Cache_enable__E)
                  8681735c    00000004     --HOLE-- [fill = 0]
                  86817360    0000003c                  : BIOS.obj (.text:ti_sysbios_heaps_HeapMem_init__I)
                  8681739c    00000004     --HOLE-- [fill = 0]
                  868173a0    0000003c                  : BIOS.obj (.text:ti_sysbios_knl_Swi_startup__E)
                  868173dc    00000004     --HOLE-- [fill = 0]
                  868173e0    00000038                  : BIOS.obj (.text:ti_sysbios_family_arm_m3_Hwi_excNoIsr__I)
                  86817418    00000038                  : BIOS.obj (.text:ti_sysbios_knl_Task_processVitalTaskFlag__I)
                  86817450    00000038     ti.targets.arm.rtsarm.aem4 : SysMin.oem4 (.text:xdc_runtime_SysMin_putch__E)
                  86817488    00000038                                : System.oem4 (.text:xdc_runtime_System_atexit__E)
                  868174c0    00000036     rtsv7M4_T_le_eabi.lib : strncpy.obj (.text)
                  868174f6    00000002     --HOLE-- [fill = 0]
                  868174f8    00000034     sysbios.aem4 : BIOS.obj (.text:ti_sysbios_family_arm_m3_Hwi_excNmi__I)
                  8681752c    00000034     ti.targets.arm.rtsarm.aem4 : Core-label.oem4 (.text:xdc_runtime_Core_assignLabel__I)
                  86817560    00000033                                : Text.oem4 (.text:xdc_runtime_Text_printVisFxn__I)
                  86817593    00000005     --HOLE-- [fill = 0]
                  86817598    00000032     sysbios.aem4 : BIOS.obj (.text:ti_sysbios_knl_Semaphore_pendTimeout__I)
                  868175ca    00000006                  : m3_Hwi_asm_switch.obj (.text:ti_sysbios_family_arm_m3_Hwi_getTaskSP__E)
                  868175d0    00000030                  : BIOS.obj (.text:ti_sysbios_family_arm_ducati_Timer_stop__E)
                  86817600    00000030                  : BIOS.obj (.text:ti_sysbios_heaps_HeapMem_free__E)
                  86817630    00000030     ti.targets.arm.rtsarm.aem4 : SysMin.oem4 (.text:xdc_runtime_SysMin_abort__E)
                  86817660    00000030                                : System.oem4 (.text:xdc_runtime_System_processAtExit__E)
                  86817690    0000002e     rtsv7M4_T_le_eabi.lib : i_tofd_t2.obj (.text)
                  868176be    00000002     --HOLE-- [fill = 0]
                  868176c0    0000002c                           : assert.obj (.text)
                  868176ec    00000004     --HOLE-- [fill = 0]
                  868176f0    0000002c     sysbios.aem4 : BIOS.obj (.text:ti_sysbios_knl_Task_restore__E)
                  8681771c    0000002c     ti.targets.arm.rtsarm.aem4 : Text.oem4 (.text:xdc_runtime_Text_cordText__E)
                  86817748    0000002a                                : System.oem4 (.text:xdc_runtime_System_putchar__I)
                  86817772    00000006                                : System.oem4 (.text:xdc_runtime_System_Module_startup__E)
                  86817778    00000028     sysbios.aem4 : BIOS.obj (.text:ti_sysbios_hal_unicache_Cache_wait__E)
                  868177a0    00000028                  : BIOS.obj (.text:ti_sysbios_knl_Swi_Module_startup__E)
                  868177c8    00000026     ti.targets.arm.rtsarm.aem4 : System.oem4 (.text:xdc_runtime_System_avprintf__E)
                  868177ee    00000002     --HOLE-- [fill = 0]
                  868177f0    00000024     sysbios.aem4 : BIOS.obj (.text:ti_sysbios_family_arm_m3_Hwi_doTaskRestore__I)
                  86817814    00000004     --HOLE-- [fill = 0]
                  86817818    00000024                  : BIOS.obj (.text:ti_sysbios_knl_Clock_Module_startup__E)
                  8681783c    00000024     ti.targets.arm.rtsarm.aem4 : System.oem4 (.text:xdc_runtime_System_vprintf__E)
                  86817860    00000020     rtsv7M4_T_le_eabi.lib : memchr.obj (.text)
                  86817880    00000020     sysbios.aem4 : BIOS.obj (.text:ti_sysbios_family_arm_ducati_Timer_getCount__E)
                  868178a0    00000020                  : BIOS.obj (.text:ti_sysbios_family_arm_m3_Hwi_clearInterrupt__E)
                  868178c0    00000020                  : m3_Hwi_asm.obj (.text:ti_sysbios_family_arm_m3_Hwi_excHandlerAsm__I)
                  868178e0    00000020                  : BIOS.obj (.text:ti_sysbios_family_arm_m3_Hwi_excHandler__I)
                  86817900    00000020                  : BIOS.obj (.text:ti_sysbios_hal_Hwi_Instance_init__E)
                  86817920    00000020                  : BIOS.obj (.text:ti_sysbios_knl_Idle_run__E)
                  86817940    00000020     ti.targets.arm.rtsarm.aem4 : Registry.oem4 (.text:xdc_runtime_Registry_findById__E)
                  86817960    00000020                                : SysMin.oem4 (.text:xdc_runtime_SysMin_Module_startup__E)
                  86817980    0000001e     sysbios.aem4 : m3_Hwi_asm_switch.obj (.text:ti_sysbios_family_xxx_Hwi_switchAndRunFunc)
                  8681799e    0000001c     rtsv7M4_T_le_eabi.lib : memccpy.obj (.text)
                  868179ba    00000006     --HOLE-- [fill = 0]
                  868179c0    0000001c     sysbios.aem4 : BIOS.obj (.text:ti_sysbios_family_arm_ducati_Timer_periodicStub__E)
                  868179dc    00000004     --HOLE-- [fill = 0]
                  868179e0    0000001c                  : BIOS.obj (.text:ti_sysbios_family_arm_m3_TaskSupport_start__E)
                  868179fc    00000004     --HOLE-- [fill = 0]
                  86817a00    0000001c                  : BIOS.obj (.text:ti_sysbios_gates_GateMutex_Instance_init__E)
                  86817a1c    00000004     --HOLE-- [fill = 0]
                  86817a20    0000001c                  : BIOS.obj (.text:ti_sysbios_knl_Task_enter__I)
                  86817a3c    0000001c     ti.targets.arm.rtsarm.aem4 : Error.oem4 (.text:xdc_runtime_Error_check__E)
                  86817a58    0000001c                                : Error.oem4 (.text:xdc_runtime_Error_raiseX__E)
                  86817a74    0000001c                                : Memory.oem4 (.text:xdc_runtime_Memory_valloc__E)
                  86817a90    0000001c                                : SysMin.oem4 (.text:xdc_runtime_SysMin_exit__E)
                  86817aac    0000001c                                : System.oem4 (.text:xdc_runtime_System_abort__E)
                  86817ac8    0000001a     sysbios.aem4 : m3_Hwi_asm.obj (.text:ti_sysbios_family_arm_m3_Hwi_pendSV__I)
                  86817ae2    00000002     --HOLE-- [fill = 0]
                  86817ae4    00000018     rtsv7M4_T_le_eabi.lib : args_main.obj (.text)
                  86817afc    00000018                           : strcmp.obj (.text)
                  86817b14    00000004     --HOLE-- [fill = 0]
                  86817b18    00000018     sysbios.aem4 : BIOS.obj (.text:ti_sysbios_family_arm_m3_TaskSupport_stackUsed__E)
                  86817b30    00000018                  : BIOS.obj (.text:ti_sysbios_gates_GateMutex_leave__E)
                  86817b48    00000018     ti.targets.arm.rtsarm.aem4 : Error.oem4 (.text:xdc_runtime_Error_init__E)
                  86817b60    00000018                                : System.oem4 (.text:xdc_runtime_System_exit__E)
                  86817b78    00000018                                : Text.oem4 (.text:xdc_runtime_Text_ropeText__E)
                  86817b90    00000016     rtsv7M4_T_le_eabi.lib : strchr.obj (.text)
                  86817ba6    00000016     ti.targets.arm.rtsarm.aem4 : System.oem4 (.text:xdc_runtime_System_avsprintf__E)
                  86817bbc    00000016                                : System.oem4 (.text:xdc_runtime_System_vsprintf__E)
                  86817bd2    00000002     --HOLE-- [fill = 0]
                  86817bd4    00000014     rtsv7M4_T_le_eabi.lib : _lock.obj (.text)
                  86817be8    00000014                           : strcpy.obj (.text)
                  86817bfc    00000014                           : strlen.obj (.text)
                  86817c10    00000014     sysbios.aem4 : BIOS.obj (.text:ti_sysbios_family_arm_m3_Hwi_switchFromBootStack__E)
                  86817c24    00000004     --HOLE-- [fill = 0]
                  86817c28    00000012                  : BIOS.obj (.text:ti_sysbios_family_arm_ducati_Timer_setFunc__E)
                  86817c3a    00000006     --HOLE-- [fill = 0]
                  86817c40    00000012                  : BIOS.obj (.text:ti_sysbios_hal_Hwi_Module_startup__E)
                  86817c52    00000006     --HOLE-- [fill = 0]
                  86817c58    00000010                  : BIOS.obj (.text:ti_sysbios_BIOS_setThreadType__E)
                  86817c68    00000010                  : BIOS.obj (.text:ti_sysbios_BIOS_start__E)
                  86817c78    00000010                  : BIOS.obj (.text:ti_sysbios_family_arm_m3_Hwi_post__E)
                  86817c88    00000010                  : m3_TaskSupport_asm.obj (.text:ti_sysbios_family_arm_m3_TaskSupport_glue)
                  86817c98    00000010                  : m3_TaskSupport_asm.obj (.text:ti_sysbios_family_arm_m3_TaskSupport_swap__E)
                  86817ca8    00000010                  : BIOS.obj (.text:ti_sysbios_gates_GateMutex_Instance_finalize__E)
                  86817cb8    00000010                  : BIOS.obj (.text:ti_sysbios_knl_Semaphore_Instance_finalize__E)
                  86817cc8    00000010                  : BIOS.obj (.text:ti_sysbios_knl_Swi_disable__E)
                  86817cd8    00000010                  : BIOS.obj (.text:ti_sysbios_knl_Task_disable__E)
                  86817ce8    00000010     ti.targets.arm.rtsarm.aem4 : Gate.oem4 (.text:xdc_runtime_Gate_leaveSystem__E)
                  86817cf8    00000010                                : Memory.oem4 (.text:xdc_runtime_Memory_free__E)
                  86817d08    00000010                                : SysMin.oem4 (.text:xdc_runtime_SysMin_ready__E)
                  86817d18    00000010                                : System.oem4 (.text:xdc_runtime_System_vsnprintf__E)
                  86817d28    0000000e     sysbios.aem4 : BIOS.obj (.text:ti_sysbios_knl_Idle_loop__E)
                  86817d36    00000002     --HOLE-- [fill = 0]
                  86817d38    0000000e                  : BIOS.obj (.text:ti_sysbios_knl_Queue_empty__E)
                  86817d46    00000002     --HOLE-- [fill = 0]
                  86817d48    0000000c                  : BIOS.obj (.text:ti_sysbios_family_arm_ducati_Core_getIpuId__E)
                  86817d54    00000004     --HOLE-- [fill = 0]
                  86817d58    0000000c                  : BIOS.obj (.text:ti_sysbios_family_arm_ducati_Core_startCore1__I)
                  86817d64    00000004     --HOLE-- [fill = 0]
                  86817d68    0000000c                  : BIOS.obj (.text:ti_sysbios_family_arm_ducati_GateDualCore_leave__E)
                  86817d74    00000004     --HOLE-- [fill = 0]
                  86817d78    0000000c                  : BIOS.obj (.text:ti_sysbios_family_arm_m3_Hwi_disableFxn__E)
                  86817d84    00000004     --HOLE-- [fill = 0]
                  86817d88    0000000c                  : BIOS.obj (.text:ti_sysbios_family_arm_m3_Hwi_enableFxn__E)
                  86817d94    00000004     --HOLE-- [fill = 0]
                  86817d98    0000000c                  : BIOS.obj (.text:ti_sysbios_family_arm_m3_TaskSupport_checkStack__E)
                  86817da4    00000004     --HOLE-- [fill = 0]
                  86817da8    0000000c                  : BIOS.obj (.text:ti_sysbios_family_arm_m3_TaskSupport_getDefaultStackSize__E)
                  86817db4    00000004     --HOLE-- [fill = 0]
                  86817db8    0000000c                  : BIOS.obj (.text:ti_sysbios_family_arm_m3_TaskSupport_getStackAlignment__E)
                  86817dc4    00000004     --HOLE-- [fill = 0]
                  86817dc8    0000000c                  : BIOS.obj (.text:ti_sysbios_gates_GateHwi_enter__E)
                  86817dd4    0000000c     ti.targets.arm.rtsarm.aem4 : Gate.oem4 (.text:xdc_runtime_Gate_enterSystem__E)
                  86817de0    0000000c                                : Memory.oem4 (.text:xdc_runtime_Memory_calloc__E)
                  86817dec    0000000c                                : Memory.oem4 (.text:xdc_runtime_Memory_getMaxDefaultTypeAlign__E)
                  86817df8    0000000c                                : Startup.oem4 (.text:xdc_runtime_Startup_rtsDone__E)
                  86817e04    0000000a     sysbios.aem4 : m3_IntrinsicsSupport_asm.obj (.text:ti_sysbios_family_arm_m3_IntrinsicsSupport_maxbit__E)
                  86817e0e    00000002     --HOLE-- [fill = 0]
                  86817e10    0000000a                  : BIOS.obj (.text:ti_sysbios_family_arm_m3_TaskSupport_getCheckValueAddr__E)
                  86817e1a    00000006     --HOLE-- [fill = 0]
                  86817e20    0000000a                  : BIOS.obj (.text:ti_sysbios_hal_Hwi_Instance_finalize__E)
                  86817e2a    00000008     rtsv7M4_T_le_eabi.lib : s_copysign.obj (.text)
                  86817e32    00000006     --HOLE-- [fill = 0]
                  86817e38    00000008     sysbios.aem4 : BIOS.obj (.text:ti_sysbios_family_arm_ducati_Timer_getFunc__E)
                  86817e40    00000008                  : BIOS.obj (.text:ti_sysbios_family_arm_m3_Hwi_doSwiRestore__I)
                  86817e48    00000008                  : BIOS.obj (.text:ti_sysbios_family_arm_m3_Hwi_getFunc__E)
                  86817e50    00000008                  : BIOS.obj (.text:ti_sysbios_family_arm_m3_Hwi_getHookContext__E)
                  86817e58    00000008                  : BIOS.obj (.text:ti_sysbios_family_arm_m3_Hwi_setHookContext__E)
                  86817e60    00000008                  : BIOS.obj (.text:ti_sysbios_family_arm_m3_Hwi_startup__E)
                  86817e68    00000006                  : BIOS.obj (.text:ti_sysbios_family_arm_m3_Hwi_restoreFxn__E)
                  86817e6e    00000002     --HOLE-- [fill = 0]
                  86817e70    00000006                  : BIOS.obj (.text:ti_sysbios_family_arm_m3_Hwi_setFunc__E)
                  86817e76    00000002     --HOLE-- [fill = 0]
                  86817e78    00000006                  : BIOS.obj (.text:ti_sysbios_gates_GateHwi_leave__E)
                  86817e7e    00000002     --HOLE-- [fill = 0]
                  86817e80    00000006                  : BIOS.obj (.text:ti_sysbios_heaps_HeapMem_isBlocking__E)
                  86817e86    00000002     --HOLE-- [fill = 0]
                  86817e88    00000006                  : BIOS.obj (.text:ti_sysbios_knl_Queue_Instance_init__E)
                  86817e8e    00000002     --HOLE-- [fill = 0]
                  86817e90    00000006                  : BIOS.obj (.text:ti_sysbios_knl_Task_enable__E)
                  86817e96    00000002     --HOLE-- [fill = 0]
                  86817e98    00000004                  : BIOS.obj (.text:ti_sysbios_family_arm_ducati_GateDualCore_query__E)
                  86817e9c    00000004     --HOLE-- [fill = 0]
                  86817ea0    00000004                  : BIOS.obj (.text:ti_sysbios_family_arm_ducati_Timer_getCurrentTick__E)
                  86817ea4    00000004     --HOLE-- [fill = 0]
                  86817ea8    00000004                  : BIOS.obj (.text:ti_sysbios_family_arm_ducati_Timer_getExpiredTicks__E)
                  86817eac    00000004     --HOLE-- [fill = 0]
                  86817eb0    00000004                  : BIOS.obj (.text:ti_sysbios_family_arm_ducati_Timer_getMaxTicks__E)
                  86817eb4    00000004     --HOLE-- [fill = 0]
                  86817eb8    00000004                  : BIOS.obj (.text:ti_sysbios_family_arm_ducati_Timer_getNumTimers__E)
                  86817ebc    00000004     --HOLE-- [fill = 0]
                  86817ec0    00000004                  : BIOS.obj (.text:ti_sysbios_family_arm_ducati_Timer_getPeriod__E)
                  86817ec4    00000004     --HOLE-- [fill = 0]
                  86817ec8    00000004                  : BIOS.obj (.text:ti_sysbios_family_arm_m3_Hwi_getIrp__E)
                  86817ecc    00000004     --HOLE-- [fill = 0]
                  86817ed0    00000004                  : BIOS.obj (.text:ti_sysbios_gates_GateHwi_query__E)
                  86817ed4    00000004     --HOLE-- [fill = 0]
                  86817ed8    00000004                  : BIOS.obj (.text:ti_sysbios_gates_GateMutex_query__E)
                  86817edc    00000004     --HOLE-- [fill = 0]
                  86817ee0    00000004                  : BIOS.obj (.text:ti_sysbios_hal_Cache_inv__E)
                  86817ee4    00000004     --HOLE-- [fill = 0]
                  86817ee8    00000004                  : BIOS.obj (.text:ti_sysbios_hal_Cache_wb__E)
                  86817eec    00000004     --HOLE-- [fill = 0]
                  86817ef0    00000004                  : BIOS.obj (.text:ti_sysbios_hal_Hwi_disableInterrupt__E)
                  86817ef4    00000004     --HOLE-- [fill = 0]
                  86817ef8    00000004                  : BIOS.obj (.text:ti_sysbios_hal_Hwi_enableInterrupt__E)
                  86817efc    00000004     --HOLE-- [fill = 0]
                  86817f00    00000004                  : BIOS.obj (.text:ti_sysbios_hal_Hwi_startup__E)
                  86817f04    00000004     --HOLE-- [fill = 0]
                  86817f08    00000004                  : BIOS.obj (.text:ti_sysbios_knl_Task_startup__E)
                  86817f0c    00000004     --HOLE-- [fill = 0]
                  86817f10    00000002                  : BIOS.obj (.text:ti_sysbios_BIOS_linkedWithIncorrectBootLibrary__E)
                  86817f12    00000006     --HOLE-- [fill = 0]
                  86817f18    00000002                  : BIOS.obj (.text:ti_sysbios_family_arm_ducati_Timer_setNextTick__E)
                  86817f1a    00000006     --HOLE-- [fill = 0]
                  86817f20    00000002                  : BIOS.obj (.text:ti_sysbios_gates_GateHwi_Instance_init__E)

.data      0    87830788    000051f2     
                  87830788    000017a0     edma3_lld_drv_sample.aem4 : sample_tda2xx_cfg.oem4 (.data:sampleXbarChanInitConfig)
                  87831f28    00000fc0     edma3_lld_rm.aem4 : edma3_tda2xx_cfg.oem4 (.data:defInstInitConfig)
                  87832ee8    00000fc0     edma3_lld_drv_sample.aem4 : sample_tda2xx_cfg.oem4 (.data:sampleInstInitConfig)
                  87833ea8    00000888     edma3_lld_rm.aem4 : edma3_tda2xx_cfg.oem4 (.data:edma3GblCfgParams)
                  87834730    00000888     edma3_lld_drv_sample.aem4 : sample_tda2xx_cfg.oem4 (.data:sampleEdma3GblCfgParams)
                  87834fb8    000000f0     rtsv7M4_T_le_eabi.lib : defs.obj (.data:_ftable)
                  878350a8    000000d0                           : lowlev.obj (.data:$O1$$)
                  87835178    00000080     edma3_drv_bios6_tda2xx_m4_c1_st_sample_pem4.oem4 (.data:ti_sysbios_knl_Swi_Module_State_0_readyQ__A)
                  878351f8    00000080     edma3_drv_bios6_tda2xx_m4_c1_st_sample_pem4.oem4 (.data:ti_sysbios_knl_Task_Module_State_0_readyQ__A)
                  87835278    00000072     edma3_drv_bios6_tda2xx_m4_c1_st_sample_pem4.oem4 (.data:ti_sysbios_family_shared_vayu_IntXbar_Module_State_0_intXbar__A)
                  878352ea    00000002     edma3_lld_drv.aem4 : edma3_drv_init.oem4 (.data)
                  878352ec    00000060     edma3_lld_drv_sample.aem4 : sample_tda2xx_cfg.oem4 (.data:ccCompEdmaXbarIndex)
                  8783534c    00000060                               : sample_tda2xx_cfg.oem4 (.data:ccXferCompInt)
                  878353ac    00000060                               : sample_tda2xx_cfg.oem4 (.data:ccXferCompIntXbarInstNo)
                  8783540c    00000060                               : sample_tda2xx_cfg.oem4 (.data:tcErrEdmaXbarIndex)
                  8783546c    00000060                               : sample_tda2xx_cfg.oem4 (.data:tcErrorInt)
                  878354cc    00000060                               : sample_tda2xx_cfg.oem4 (.data:tcErrorIntXbarInstNo)
                  8783552c    0000004c     edma3_drv_bios6_tda2xx_m4_c1_st_sample_pem4.oem4 (.data:ti_sysbios_knl_Task_Object__table__V)
                  87835578    00000044     edma3_drv_bios6_tda2xx_m4_c1_st_sample_pem4.oem4 (.data:ti_sysbios_knl_Task_Module__state__V)
                  878355bc    00000038     edma3_drv_bios6_tda2xx_m4_c1_st_sample_pem4.oem4 (.data:ti_sysbios_gates_GateMutex_Object__table__V)
                  878355f4    00000034     edma3_drv_bios6_tda2xx_m4_c1_st_sample_pem4.oem4 (.data:ti_sysbios_family_arm_ducati_Timer_Object__table__V)
                  87835628    00000034     edma3_drv_bios6_tda2xx_m4_c1_st_sample_pem4.oem4 (.data:ti_sysbios_family_arm_m3_Hwi_Module__state__V)
                  8783565c    00000030     edma3_drv_bios6_tda2xx_m4_c1_st_sample_pem4.oem4 (.data:ti_sysbios_family_arm_m3_Hwi_Object__table__V)
                  8783568c    00000030     edma3_drv_bios6_tda2xx_m4_c1_st_sample_pem4.oem4 (.data:ti_sysbios_knl_Swi_Object__table__V)
                  878356bc    0000002c     edma3_drv_bios6_tda2xx_m4_c1_st_sample_pem4.oem4 (.data:ti_sysbios_knl_Clock_Module__state__V)
                  878356e8    00000028     edma3_lld_rm.aem4 : edma3resmgr.oem4 (.data:allocatedTCCs)
                  87835710    00000024     edma3_drv_bios6_tda2xx_m4_c1_st_sample_pem4.oem4 (.data:ti_sysbios_BIOS_Module__state__V)
                  87835734    00000020     edma3_lld_drv_sample.aem4 : sample_tda2xx_arm_int_reg.oem4 (.data:ptrEdma3TcIsrHandler)
                  87835754    00000020     edma3_drv_bios6_tda2xx_m4_c1_st_sample_pem4.oem4 (.data:ti_sysbios_family_arm_ducati_GateDualCore_Object__table__V)
                  87835774    00000020     edma3_drv_bios6_tda2xx_m4_c1_st_sample_pem4.oem4 (.data:xdc_runtime_Error_IgnoreBlock)
                  87835794    00000020     edma3_drv_bios6_tda2xx_m4_c1_st_sample_pem4.oem4 (.data:xdc_runtime_System_Module_State_0_atexitHandlers__A)
                  878357b4    0000001c     edma3_drv_bios6_tda2xx_m4_c1_st_sample_pem4.oem4 (.data:ti_sysbios_knl_Swi_Module__state__V)
                  878357d0    00000018     edma3_drv_bios6_tda2xx_m4_c1_st_sample_pem4.oem4 (.data:ti_sysbios_heaps_HeapMem_Object__table__V)
                  878357e8    00000014     edma3_lld_rm.aem4 : edma3resmgr.oem4 (.data:masterExists)
                  878357fc    00000010                       : edma3_rm_gbl_data.oem4 (.data)
                  8783580c    00000010     qdma_link_test.oem4 (.data)
                  8783581c    00000010     rtsv7M4_T_le_eabi.lib : defs.obj (.data)
                  8783582c    0000000c                           : exit.obj (.data:$O1$$)
                  87835838    0000000c     edma3_lld_drv_sample.aem4 : sample_tda2xx_cfg.oem4 (.data:ccErrEdmaXbarIndex)
                  87835844    0000000c                               : sample_tda2xx_cfg.oem4 (.data:ccErrorInt)
                  87835850    0000000c                               : sample_tda2xx_cfg.oem4 (.data:ccErrorIntXbarInstNo)
                  8783585c    0000000c     common.oem4 (.data)
                  87835868    0000000c     edma3_lld_drv_sample.aem4 : sample_tda2xx_arm_int_reg.oem4 (.data)
                  87835874    0000000c                               : sample_tda2xx_cfg.oem4 (.data:numEdma3Tc)
                  87835880    0000000c                               : sample_tda2xx_cfg.oem4 (.data:semHandle)
                  8783588c    0000000c     edma3_drv_bios6_tda2xx_m4_c1_st_sample_pem4.oem4 (.data:ti_sysbios_family_arm_ducati_Timer_Module__state__V)
                  87835898    0000000c     edma3_drv_bios6_tda2xx_m4_c1_st_sample_pem4.oem4 (.data:xdc_runtime_SysMin_Module__state__V)
                  878358a4    0000000a     edma3_lld_rm.aem4 : edma3resmgr.oem4 (.data)
                  878358ae    00000002     edma3_drv_bios6_tda2xx_m4_c1_st_sample_pem4.oem4 (.data:ti_sysbios_family_arm_m3_Hwi_Module_State_0_excActive__A)
                  878358b0    00000008     rtsv7M4_T_le_eabi.lib : _lock.obj (.data:$O1$$)
                  878358b8    00000008     edma3_lld_rm.aem4 : edma3resmgr.oem4 (.data:contiguousDmaRes)
                  878358c0    00000008                       : edma3resmgr.oem4 (.data:contiguousTccRes)
                  878358c8    00000008     qdma_test.oem4 (.data)
                  878358d0    00000008     edma3_drv_bios6_tda2xx_m4_c1_st_sample_pem4.oem4 (.data:ti_sysbios_family_arm_ducati_GateDualCore_Module__root__V)
                  878358d8    00000008     edma3_drv_bios6_tda2xx_m4_c1_st_sample_pem4.oem4 (.data:ti_sysbios_family_arm_ducati_Timer_Module__root__V)
                  878358e0    00000008     edma3_drv_bios6_tda2xx_m4_c1_st_sample_pem4.oem4 (.data:ti_sysbios_family_arm_m3_Hwi_Module__root__V)
                  878358e8    00000008     edma3_drv_bios6_tda2xx_m4_c1_st_sample_pem4.oem4 (.data:ti_sysbios_gates_GateHwi_Module__root__V)
                  878358f0    00000008     edma3_drv_bios6_tda2xx_m4_c1_st_sample_pem4.oem4 (.data:ti_sysbios_gates_GateMutex_Module__root__V)
                  878358f8    00000008     edma3_drv_bios6_tda2xx_m4_c1_st_sample_pem4.oem4 (.data:ti_sysbios_hal_Hwi_Module__root__V)
                  87835900    00000008     edma3_drv_bios6_tda2xx_m4_c1_st_sample_pem4.oem4 (.data:ti_sysbios_heaps_HeapMem_Module__root__V)
                  87835908    00000008     edma3_drv_bios6_tda2xx_m4_c1_st_sample_pem4.oem4 (.data:ti_sysbios_knl_Clock_Module__root__V)
                  87835910    00000008     edma3_drv_bios6_tda2xx_m4_c1_st_sample_pem4.oem4 (.data:ti_sysbios_knl_Queue_Module__root__V)
                  87835918    00000008     edma3_drv_bios6_tda2xx_m4_c1_st_sample_pem4.oem4 (.data:ti_sysbios_knl_Semaphore_Module__root__V)
                  87835920    00000008     edma3_drv_bios6_tda2xx_m4_c1_st_sample_pem4.oem4 (.data:ti_sysbios_knl_Swi_Module__root__V)
                  87835928    00000008     edma3_drv_bios6_tda2xx_m4_c1_st_sample_pem4.oem4 (.data:ti_sysbios_knl_Task_Module__root__V)
                  87835930    00000008     edma3_drv_bios6_tda2xx_m4_c1_st_sample_pem4.oem4 (.data:xdc_runtime_Registry_Module__state__V)
                  87835938    00000008     edma3_drv_bios6_tda2xx_m4_c1_st_sample_pem4.oem4 (.data:xdc_runtime_Startup_Module__state__V)
                  87835940    00000008     edma3_drv_bios6_tda2xx_m4_c1_st_sample_pem4.oem4 (.data:xdc_runtime_System_Module__state__V)
                  87835948    00000004     edma3_lld_rm.aem4 : edma3resmgr.oem4 (.data:contiguousQdmaRes)
                  8783594c    00000004     main.oem4 (.data)
                  87835950    00000004     rtsv7M4_T_le_eabi.lib : errno.obj (.data)
                  87835954    00000004                           : fopen.obj (.data)
                  87835958    00000004                           : stkdepth_vars.obj (.data)
                  8783595c    00000004     edma3_drv_bios6_tda2xx_m4_c1_st_sample_pem4.oem4 (.data:ti_sysbios_family_arm_ducati_GateDualCore_Module__state__V)
                  87835960    00000004     edma3_drv_bios6_tda2xx_m4_c1_st_sample_pem4.oem4 (.data:ti_sysbios_family_arm_m3_Hwi_Module_State_0_excContext__A)
                  87835964    00000004     edma3_drv_bios6_tda2xx_m4_c1_st_sample_pem4.oem4 (.data:ti_sysbios_family_arm_m3_Hwi_Module_State_0_excStack__A)
                  87835968    00000004     edma3_drv_bios6_tda2xx_m4_c1_st_sample_pem4.oem4 (.data:ti_sysbios_family_shared_vayu_IntXbar_Module__state__V)
                  8783596c    00000004     edma3_drv_bios6_tda2xx_m4_c1_st_sample_pem4.oem4 (.data:ti_sysbios_gates_GateHwi_Object__table__V)
                  87835970    00000004     edma3_drv_bios6_tda2xx_m4_c1_st_sample_pem4.oem4 (.data:ti_sysbios_knl_Task_Module_State_0_idleTask__A)
                  87835974    00000004     edma3_drv_bios6_tda2xx_m4_c1_st_sample_pem4.oem4 (.data:xdc_runtime_Memory_Module__state__V)
                  87835978    00000002     edma3_drv_bios6_tda2xx_m4_c1_st_sample_pem4.oem4 (.data:xdc_runtime_Error_Module__state__V)

.const     0    8783997c    00002b78     
                  8783997c    00001bee     edma3_drv_bios6_tda2xx_m4_c1_st_sample_pem4.oem4 (.const:xdc_runtime_Text_charTab__A)
                  8783b56a    00000002     edma3_drv_bios6_tda2xx_m4_c1_st_sample_pem4.oem4 (.const:ti_sysbios_family_arm_ducati_Core_Module__id__C)
                  8783b56c    000004b8     edma3_drv_bios6_tda2xx_m4_c1_st_sample_pem4.oem4 (.const:ti_sysbios_hal_ammu_AMMU_mmuInitConfig__C)
                  8783ba24    00000101     rtsv7M4_T_le_eabi.lib : ctype.obj (.const:.string:_ctypes_)
                  8783bb25    00000001     edma3_drv_bios6_tda2xx_m4_c1_st_sample_pem4.oem4 (.const:xdc_runtime_Error_policy__C)
                  8783bb26    000000d0     edma3_drv_bios6_tda2xx_m4_c1_st_sample_pem4.oem4 (.const:xdc_runtime_Text_nodeTab__A)
                  8783bbf6    00000002     edma3_drv_bios6_tda2xx_m4_c1_st_sample_pem4.oem4 (.const:ti_sysbios_family_arm_ducati_GateDualCore_Module__id__C)
                  8783bbf8    00000048     edma3_drv_bios6_tda2xx_m4_c1_st_sample_pem4.oem4 (.const:.string)
                  8783bc40    0000003c     edma3_drv_bios6_tda2xx_m4_c1_st_sample_pem4.oem4 (.const:ti_sysbios_knl_Task_Object__PARAMS__C)
                  8783bc7c    00000038     edma3_drv_bios6_tda2xx_m4_c1_st_sample_pem4.oem4 (.const:ti_sysbios_hal_unicache_Cache_Module__FXNS__C)
                  8783bcb4    00000035     edma3_lld_drv.aem4 : edma3_drv_basic.oem4 (.const:.string:edma3LldVersionStr)
                  8783bce9    00000001     --HOLE-- [fill = 0]
                  8783bcea    00000002     edma3_drv_bios6_tda2xx_m4_c1_st_sample_pem4.oem4 (.const:ti_sysbios_family_arm_ducati_GateDualCore_initGates__C)
                  8783bcec    00000034     edma3_drv_bios6_tda2xx_m4_c1_st_sample_pem4.oem4 (.const:ti_sysbios_family_arm_ducati_Timer_Object__PARAMS__C)
                  8783bd20    00000030     edma3_drv_bios6_tda2xx_m4_c1_st_sample_pem4.oem4 (.const:ti_sysbios_family_arm_m3_Hwi_Object__PARAMS__C)
                  8783bd50    0000002c     edma3_drv_bios6_tda2xx_m4_c1_st_sample_pem4.oem4 (.const:ti_sysbios_hal_Hwi_Object__PARAMS__C)
                  8783bd7c    0000002c     edma3_drv_bios6_tda2xx_m4_c1_st_sample_pem4.oem4 (.const:xdc_runtime_SysMin_Module__FXNS__C)
                  8783bda8    00000028     edma3_drv_bios6_tda2xx_m4_c1_st_sample_pem4.oem4 (.const:ti_sysbios_heaps_HeapMem_Module__FXNS__C)
                  8783bdd0    00000028     edma3_drv_bios6_tda2xx_m4_c1_st_sample_pem4.oem4 (.const:ti_sysbios_knl_Swi_Object__PARAMS__C)
                  8783bdf8    00000028     edma3_drv_bios6_tda2xx_m4_c1_st_sample_pem4.oem4 (.const:xdc_runtime_Startup_sfxnTab__A)
                  8783be20    00000024     edma3_drv_bios6_tda2xx_m4_c1_st_sample_pem4.oem4 (.const:ti_sysbios_family_arm_ducati_GateDualCore_Module__FXNS__C)
                  8783be44    00000024     edma3_drv_bios6_tda2xx_m4_c1_st_sample_pem4.oem4 (.const:ti_sysbios_gates_GateHwi_Module__FXNS__C)
                  8783be68    00000024     edma3_drv_bios6_tda2xx_m4_c1_st_sample_pem4.oem4 (.const:ti_sysbios_gates_GateMutex_Module__FXNS__C)
                  8783be8c    00000024     edma3_drv_bios6_tda2xx_m4_c1_st_sample_pem4.oem4 (.const:ti_sysbios_heaps_HeapMem_Object__PARAMS__C)
                  8783beb0    00000024     edma3_drv_bios6_tda2xx_m4_c1_st_sample_pem4.oem4 (.const:ti_sysbios_knl_Clock_Object__PARAMS__C)
                  8783bed4    00000024     edma3_drv_bios6_tda2xx_m4_c1_st_sample_pem4.oem4 (.const:ti_sysbios_knl_Semaphore_Object__PARAMS__C)
                  8783bef8    00000020     dma_link_test.oem4 (.const:$P$T0$1)
                  8783bf18    00000020     dma_ping_pong_test.oem4 (.const:$P$T0$1)
                  8783bf38    00000020     dma_test.oem4 (.const:$P$T0$1)
                  8783bf58    00000020     edma3_drv_bios6_tda2xx_m4_c1_st_sample_pem4.oem4 (.const:ti_sysbios_family_arm_ducati_GateDualCore_Object__DESC__C)
                  8783bf78    00000020     edma3_drv_bios6_tda2xx_m4_c1_st_sample_pem4.oem4 (.const:ti_sysbios_family_arm_ducati_Timer_Object__DESC__C)
                  8783bf98    00000020     edma3_drv_bios6_tda2xx_m4_c1_st_sample_pem4.oem4 (.const:ti_sysbios_family_arm_m3_Hwi_Object__DESC__C)
                  8783bfb8    00000020     edma3_drv_bios6_tda2xx_m4_c1_st_sample_pem4.oem4 (.const:ti_sysbios_gates_GateHwi_Object__DESC__C)
                  8783bfd8    00000020     edma3_drv_bios6_tda2xx_m4_c1_st_sample_pem4.oem4 (.const:ti_sysbios_gates_GateMutex_Object__DESC__C)
                  8783bff8    00000020     edma3_drv_bios6_tda2xx_m4_c1_st_sample_pem4.oem4 (.const:ti_sysbios_hal_Hwi_Object__DESC__C)
                  8783c018    00000020     edma3_drv_bios6_tda2xx_m4_c1_st_sample_pem4.oem4 (.const:ti_sysbios_heaps_HeapMem_Object__DESC__C)
                  8783c038    00000020     edma3_drv_bios6_tda2xx_m4_c1_st_sample_pem4.oem4 (.const:ti_sysbios_knl_Clock_Object__DESC__C)
                  8783c058    00000020     edma3_drv_bios6_tda2xx_m4_c1_st_sample_pem4.oem4 (.const:ti_sysbios_knl_Queue_Object__DESC__C)
                  8783c078    00000020     edma3_drv_bios6_tda2xx_m4_c1_st_sample_pem4.oem4 (.const:ti_sysbios_knl_Semaphore_Object__DESC__C)
                  8783c098    00000020     edma3_drv_bios6_tda2xx_m4_c1_st_sample_pem4.oem4 (.const:ti_sysbios_knl_Swi_Object__DESC__C)
                  8783c0b8    00000020     edma3_drv_bios6_tda2xx_m4_c1_st_sample_pem4.oem4 (.const:ti_sysbios_knl_Task_Object__DESC__C)
                  8783c0d8    0000001c     edma3_drv_bios6_tda2xx_m4_c1_st_sample_pem4.oem4 (.const:ti_sysbios_family_arm_ducati_GateDualCore_Object__PARAMS__C)
                  8783c0f4    0000001c     edma3_drv_bios6_tda2xx_m4_c1_st_sample_pem4.oem4 (.const:ti_sysbios_family_arm_m3_IntrinsicsSupport_Module__FXNS__C)
                  8783c110    00000018     edma3_drv_bios6_tda2xx_m4_c1_st_sample_pem4.oem4 (.const:ti_sysbios_gates_GateHwi_Object__PARAMS__C)
                  8783c128    00000018     edma3_drv_bios6_tda2xx_m4_c1_st_sample_pem4.oem4 (.const:ti_sysbios_gates_GateMutex_Object__PARAMS__C)
                  8783c140    00000018     edma3_drv_bios6_tda2xx_m4_c1_st_sample_pem4.oem4 (.const:ti_sysbios_knl_Queue_Object__PARAMS__C)
                  8783c158    00000014     edma3_drv_bios6_tda2xx_m4_c1_st_sample_pem4.oem4 (.const:xdc_runtime_Startup_sfxnRts__A)
                  8783c16c    0000000c     edma3_drv_bios6_tda2xx_m4_c1_st_sample_pem4.oem4 (.const:xdc_runtime_Startup_firstFxns__A)
                  8783c178    00000008     edma3_lld_drv_sample.aem4 : sample_tda2xx_cfg.oem4 (.const)
                  8783c180    00000008     edma3_drv_bios6_tda2xx_m4_c1_st_sample_pem4.oem4 (.const:ti_sysbios_family_arm_m3_Hwi_excHookFuncs__A)
                  8783c188    00000008     edma3_drv_bios6_tda2xx_m4_c1_st_sample_pem4.oem4 (.const:ti_sysbios_knl_Idle_funcList__C)
                  8783c190    00000008     edma3_drv_bios6_tda2xx_m4_c1_st_sample_pem4.oem4 (.const:xdc_runtime_Startup_firstFxns__C)
                  8783c198    00000008     edma3_drv_bios6_tda2xx_m4_c1_st_sample_pem4.oem4 (.const:xdc_runtime_Startup_lastFxns__C)
                  8783c1a0    00000004     dma_chain_test.oem4 (.const:$P$T0$1)
                  8783c1a4    00000004     edma3_lld_rm.aem4 : edma3_rm_gbl_data.oem4 (.const)
                  8783c1a8    00000004     edma3_drv_bios6_tda2xx_m4_c1_st_sample_pem4.oem4 (.const:ti_sysbios_BIOS_installedErrorHook__C)
                  8783c1ac    00000004     edma3_drv_bios6_tda2xx_m4_c1_st_sample_pem4.oem4 (.const:ti_sysbios_family_arm_ducati_Core_E_mismatchedIds__C)
                  8783c1b0    00000004     edma3_drv_bios6_tda2xx_m4_c1_st_sample_pem4.oem4 (.const:ti_sysbios_family_arm_ducati_Core_id__C)
                  8783c1b4    00000004     edma3_drv_bios6_tda2xx_m4_c1_st_sample_pem4.oem4 (.const:ti_sysbios_family_arm_ducati_Core_ipuId__C)
                  8783c1b8    00000004     edma3_drv_bios6_tda2xx_m4_c1_st_sample_pem4.oem4 (.const:ti_sysbios_family_arm_ducati_GateDualCore_A_nestedEnter__C)
                  8783c1bc    00000004     edma3_drv_bios6_tda2xx_m4_c1_st_sample_pem4.oem4 (.const:ti_sysbios_family_arm_ducati_GateDualCore_E_gateInUse__C)
                  8783c1c0    00000004     edma3_drv_bios6_tda2xx_m4_c1_st_sample_pem4.oem4 (.const:ti_sysbios_family_arm_ducati_GateDualCore_E_invalidIndex__C)
                  8783c1c4    00000004     edma3_drv_bios6_tda2xx_m4_c1_st_sample_pem4.oem4 (.const:ti_sysbios_family_arm_ducati_GateDualCore_Module__diagsEnabled__C)
                  8783c1c8    00000004     edma3_drv_bios6_tda2xx_m4_c1_st_sample_pem4.oem4 (.const:ti_sysbios_family_arm_ducati_GateDualCore_Module__diagsIncluded__C)
                  8783c1cc    00000004     edma3_drv_bios6_tda2xx_m4_c1_st_sample_pem4.oem4 (.const:ti_sysbios_family_arm_ducati_GateDualCore_Module__diagsMask__C)
                  8783c1d0    00000004     edma3_drv_bios6_tda2xx_m4_c1_st_sample_pem4.oem4 (.const:ti_sysbios_family_arm_ducati_GateDualCore_Object__count__C)
                  8783c1d4    00000004     edma3_drv_bios6_tda2xx_m4_c1_st_sample_pem4.oem4 (.const:ti_sysbios_family_arm_ducati_GateDualCore_Object__table__C)
                  8783c1d8    00000004     edma3_drv_bios6_tda2xx_m4_c1_st_sample_pem4.oem4 (.const:ti_sysbios_family_arm_ducati_GateDualCore_numGates__C)
                  8783c1dc    00000004     edma3_drv_bios6_tda2xx_m4_c1_st_sample_pem4.oem4 (.const:ti_sysbios_family_arm_ducati_Timer_E_cannotSupport__C)
                  8783c1e0    00000004     edma3_drv_bios6_tda2xx_m4_c1_st_sample_pem4.oem4 (.const:ti_sysbios_family_arm_ducati_Timer_E_invalidTimer__C)
                  8783c1e4    00000004     edma3_drv_bios6_tda2xx_m4_c1_st_sample_pem4.oem4 (.const:ti_sysbios_family_arm_ducati_Timer_E_notAvailable__C)
                  8783c1e8    00000004     edma3_drv_bios6_tda2xx_m4_c1_st_sample_pem4.oem4 (.const:ti_sysbios_family_arm_ducati_Timer_Module__diagsEnabled__C)
                  8783c1ec    00000004     edma3_drv_bios6_tda2xx_m4_c1_st_sample_pem4.oem4 (.const:ti_sysbios_family_arm_ducati_Timer_Module__diagsIncluded__C)
                  8783c1f0    00000004     edma3_drv_bios6_tda2xx_m4_c1_st_sample_pem4.oem4 (.const:ti_sysbios_family_arm_ducati_Timer_Module__diagsMask__C)
                  8783c1f4    00000004     edma3_drv_bios6_tda2xx_m4_c1_st_sample_pem4.oem4 (.const:ti_sysbios_family_arm_ducati_Timer_Object__count__C)
                  8783c1f8    00000004     edma3_drv_bios6_tda2xx_m4_c1_st_sample_pem4.oem4 (.const:ti_sysbios_family_arm_ducati_Timer_Object__table__C)
                  8783c1fc    00000004     edma3_drv_bios6_tda2xx_m4_c1_st_sample_pem4.oem4 (.const:ti_sysbios_family_arm_ducati_Timer_anyMask__C)
                  8783c200    00000004     edma3_drv_bios6_tda2xx_m4_c1_st_sample_pem4.oem4 (.const:ti_sysbios_family_arm_ducati_Timer_startupNeeded__C)
                  8783c204    00000004     edma3_drv_bios6_tda2xx_m4_c1_st_sample_pem4.oem4 (.const:ti_sysbios_family_arm_m3_Hwi_E_NMI__C)
                  8783c208    00000004     edma3_drv_bios6_tda2xx_m4_c1_st_sample_pem4.oem4 (.const:ti_sysbios_family_arm_m3_Hwi_E_alreadyDefined__C)
                  8783c20c    00000004     edma3_drv_bios6_tda2xx_m4_c1_st_sample_pem4.oem4 (.const:ti_sysbios_family_arm_m3_Hwi_E_busFault__C)
                  8783c210    00000004     edma3_drv_bios6_tda2xx_m4_c1_st_sample_pem4.oem4 (.const:ti_sysbios_family_arm_m3_Hwi_E_debugMon__C)
                  8783c214    00000004     edma3_drv_bios6_tda2xx_m4_c1_st_sample_pem4.oem4 (.const:ti_sysbios_family_arm_m3_Hwi_E_hardFault__C)
                  8783c218    00000004     edma3_drv_bios6_tda2xx_m4_c1_st_sample_pem4.oem4 (.const:ti_sysbios_family_arm_m3_Hwi_E_memFault__C)
                  8783c21c    00000004     edma3_drv_bios6_tda2xx_m4_c1_st_sample_pem4.oem4 (.const:ti_sysbios_family_arm_m3_Hwi_E_noIsr__C)
                  8783c220    00000004     edma3_drv_bios6_tda2xx_m4_c1_st_sample_pem4.oem4 (.const:ti_sysbios_family_arm_m3_Hwi_E_reserved__C)
                  8783c224    00000004     edma3_drv_bios6_tda2xx_m4_c1_st_sample_pem4.oem4 (.const:ti_sysbios_family_arm_m3_Hwi_E_svCall__C)
                  8783c228    00000004     edma3_drv_bios6_tda2xx_m4_c1_st_sample_pem4.oem4 (.const:ti_sysbios_family_arm_m3_Hwi_E_usageFault__C)
                  8783c22c    00000004     edma3_drv_bios6_tda2xx_m4_c1_st_sample_pem4.oem4 (.const:ti_sysbios_family_arm_m3_Hwi_LD_end__C)
                  8783c230    00000004     edma3_drv_bios6_tda2xx_m4_c1_st_sample_pem4.oem4 (.const:ti_sysbios_family_arm_m3_Hwi_LM_begin__C)
                  8783c234    00000004     edma3_drv_bios6_tda2xx_m4_c1_st_sample_pem4.oem4 (.const:ti_sysbios_family_arm_m3_Hwi_Module__diagsEnabled__C)
                  8783c238    00000004     edma3_drv_bios6_tda2xx_m4_c1_st_sample_pem4.oem4 (.const:ti_sysbios_family_arm_m3_Hwi_Module__diagsIncluded__C)
                  8783c23c    00000004     edma3_drv_bios6_tda2xx_m4_c1_st_sample_pem4.oem4 (.const:ti_sysbios_family_arm_m3_Hwi_Module__diagsMask__C)
                  8783c240    00000004     edma3_drv_bios6_tda2xx_m4_c1_st_sample_pem4.oem4 (.const:ti_sysbios_family_arm_m3_Hwi_Module__loggerFxn1__C)
                  8783c244    00000004     edma3_drv_bios6_tda2xx_m4_c1_st_sample_pem4.oem4 (.const:ti_sysbios_family_arm_m3_Hwi_Module__loggerFxn8__C)
                  8783c248    00000004     edma3_drv_bios6_tda2xx_m4_c1_st_sample_pem4.oem4 (.const:ti_sysbios_family_arm_m3_Hwi_Module__loggerObj__C)
                  8783c24c    00000004     edma3_drv_bios6_tda2xx_m4_c1_st_sample_pem4.oem4 (.const:ti_sysbios_family_arm_m3_Hwi_NUM_INTERRUPTS__C)
                  8783c250    00000004     edma3_drv_bios6_tda2xx_m4_c1_st_sample_pem4.oem4 (.const:ti_sysbios_family_arm_m3_Hwi_Object__count__C)
                  8783c254    00000004     edma3_drv_bios6_tda2xx_m4_c1_st_sample_pem4.oem4 (.const:ti_sysbios_family_arm_m3_Hwi_Object__table__C)
                  8783c258    00000004     edma3_drv_bios6_tda2xx_m4_c1_st_sample_pem4.oem4 (.const:ti_sysbios_family_arm_m3_Hwi_ccr__C)
                  8783c25c    00000004     edma3_drv_bios6_tda2xx_m4_c1_st_sample_pem4.oem4 (.const:ti_sysbios_family_arm_m3_Hwi_excHandlerFunc__C)
                  8783c260    00000004     edma3_drv_bios6_tda2xx_m4_c1_st_sample_pem4.oem4 (.const:ti_sysbios_family_arm_m3_Hwi_excHookFuncs__C)
                  8783c264    00000004     edma3_drv_bios6_tda2xx_m4_c1_st_sample_pem4.oem4 (.const:ti_sysbios_family_arm_m3_Hwi_nullIsrFunc__C)
                  8783c268    00000004     edma3_drv_bios6_tda2xx_m4_c1_st_sample_pem4.oem4 (.const:ti_sysbios_family_arm_m3_Hwi_priGroup__C)
                  8783c26c    00000004     edma3_drv_bios6_tda2xx_m4_c1_st_sample_pem4.oem4 (.const:ti_sysbios_family_arm_m3_TaskSupport_defaultStackSize__C)
                  8783c270    00000004     edma3_drv_bios6_tda2xx_m4_c1_st_sample_pem4.oem4 (.const:ti_sysbios_family_arm_m3_TaskSupport_stackAlignment__C)
                  8783c274    00000004     edma3_drv_bios6_tda2xx_m4_c1_st_sample_pem4.oem4 (.const:ti_sysbios_family_shared_vayu_IntXbar_A_badBenelliIpuId__C)
                  8783c278    00000004     edma3_drv_bios6_tda2xx_m4_c1_st_sample_pem4.oem4 (.const:ti_sysbios_family_shared_vayu_IntXbar_A_badBenelliXbarInstanceNum__C)
                  8783c27c    00000004     edma3_drv_bios6_tda2xx_m4_c1_st_sample_pem4.oem4 (.const:ti_sysbios_family_shared_vayu_IntXbar_A_badIntSourceIdx__C)
                  8783c280    00000004     edma3_drv_bios6_tda2xx_m4_c1_st_sample_pem4.oem4 (.const:ti_sysbios_family_shared_vayu_IntXbar_Module__diagsEnabled__C)
                  8783c284    00000004     edma3_drv_bios6_tda2xx_m4_c1_st_sample_pem4.oem4 (.const:ti_sysbios_family_shared_vayu_IntXbar_Module__diagsIncluded__C)
                  8783c288    00000004     edma3_drv_bios6_tda2xx_m4_c1_st_sample_pem4.oem4 (.const:ti_sysbios_family_shared_vayu_IntXbar_Module__diagsMask__C)
                  8783c28c    00000004     edma3_drv_bios6_tda2xx_m4_c1_st_sample_pem4.oem4 (.const:ti_sysbios_family_shared_vayu_IntXbar_mmrBaseAddr__C)
                  8783c290    00000004     edma3_drv_bios6_tda2xx_m4_c1_st_sample_pem4.oem4 (.const:ti_sysbios_gates_GateHwi_Object__count__C)
                  8783c294    00000004     edma3_drv_bios6_tda2xx_m4_c1_st_sample_pem4.oem4 (.const:ti_sysbios_gates_GateHwi_Object__table__C)
                  8783c298    00000004     edma3_drv_bios6_tda2xx_m4_c1_st_sample_pem4.oem4 (.const:ti_sysbios_gates_GateMutex_A_badContext__C)
                  8783c29c    00000004     edma3_drv_bios6_tda2xx_m4_c1_st_sample_pem4.oem4 (.const:ti_sysbios_gates_GateMutex_Instance_State_sem__O)
                  8783c2a0    00000004     edma3_drv_bios6_tda2xx_m4_c1_st_sample_pem4.oem4 (.const:ti_sysbios_gates_GateMutex_Module__diagsEnabled__C)
                  8783c2a4    00000004     edma3_drv_bios6_tda2xx_m4_c1_st_sample_pem4.oem4 (.const:ti_sysbios_gates_GateMutex_Module__diagsIncluded__C)
                  8783c2a8    00000004     edma3_drv_bios6_tda2xx_m4_c1_st_sample_pem4.oem4 (.const:ti_sysbios_gates_GateMutex_Module__diagsMask__C)
                  8783c2ac    00000004     edma3_drv_bios6_tda2xx_m4_c1_st_sample_pem4.oem4 (.const:ti_sysbios_gates_GateMutex_Object__count__C)
                  8783c2b0    00000004     edma3_drv_bios6_tda2xx_m4_c1_st_sample_pem4.oem4 (.const:ti_sysbios_gates_GateMutex_Object__table__C)
                  8783c2b4    00000004     edma3_drv_bios6_tda2xx_m4_c1_st_sample_pem4.oem4 (.const:ti_sysbios_hal_Hwi_Object__count__C)
                  8783c2b8    00000004     edma3_drv_bios6_tda2xx_m4_c1_st_sample_pem4.oem4 (.const:ti_sysbios_hal_Hwi_Object__table__C)
                  8783c2bc    00000004     edma3_drv_bios6_tda2xx_m4_c1_st_sample_pem4.oem4 (.const:ti_sysbios_hal_ammu_AMMU_numLargePages__C)
                  8783c2c0    00000004     edma3_drv_bios6_tda2xx_m4_c1_st_sample_pem4.oem4 (.const:ti_sysbios_hal_ammu_AMMU_numLinePages__C)
                  8783c2c4    00000004     edma3_drv_bios6_tda2xx_m4_c1_st_sample_pem4.oem4 (.const:ti_sysbios_hal_ammu_AMMU_numMediumPages__C)
                  8783c2c8    00000004     edma3_drv_bios6_tda2xx_m4_c1_st_sample_pem4.oem4 (.const:ti_sysbios_hal_ammu_AMMU_numSmallPages__C)
                  8783c2cc    00000004     edma3_drv_bios6_tda2xx_m4_c1_st_sample_pem4.oem4 (.const:ti_sysbios_hal_unicache_Cache_Module__gateObj__C)
                  8783c2d0    00000004     edma3_drv_bios6_tda2xx_m4_c1_st_sample_pem4.oem4 (.const:ti_sysbios_hal_unicache_Cache_l1ocpConfig__C)
                  8783c2d4    00000004     edma3_drv_bios6_tda2xx_m4_c1_st_sample_pem4.oem4 (.const:ti_sysbios_hal_unicache_Cache_l1secConfig__C)
                  8783c2d8    00000004     edma3_drv_bios6_tda2xx_m4_c1_st_sample_pem4.oem4 (.const:ti_sysbios_hal_unicache_Cache_l2ocpConfig__C)
                  8783c2dc    00000004     edma3_drv_bios6_tda2xx_m4_c1_st_sample_pem4.oem4 (.const:ti_sysbios_hal_unicache_Cache_l2secConfig__C)
                  8783c2e0    00000004     edma3_drv_bios6_tda2xx_m4_c1_st_sample_pem4.oem4 (.const:ti_sysbios_hal_unicache_Cache_maxLineModeBufSize__C)
                  8783c2e4    00000004     edma3_drv_bios6_tda2xx_m4_c1_st_sample_pem4.oem4 (.const:ti_sysbios_heaps_HeapMem_A_align__C)
                  8783c2e8    00000004     edma3_drv_bios6_tda2xx_m4_c1_st_sample_pem4.oem4 (.const:ti_sysbios_heaps_HeapMem_A_heapSize__C)
                  8783c2ec    00000004     edma3_drv_bios6_tda2xx_m4_c1_st_sample_pem4.oem4 (.const:ti_sysbios_heaps_HeapMem_A_invalidFree__C)
                  8783c2f0    00000004     edma3_drv_bios6_tda2xx_m4_c1_st_sample_pem4.oem4 (.const:ti_sysbios_heaps_HeapMem_A_zeroBlock__C)
                  8783c2f4    00000004     edma3_drv_bios6_tda2xx_m4_c1_st_sample_pem4.oem4 (.const:ti_sysbios_heaps_HeapMem_E_memory__C)
                  8783c2f8    00000004     edma3_drv_bios6_tda2xx_m4_c1_st_sample_pem4.oem4 (.const:ti_sysbios_heaps_HeapMem_Module__diagsEnabled__C)
                  8783c2fc    00000004     edma3_drv_bios6_tda2xx_m4_c1_st_sample_pem4.oem4 (.const:ti_sysbios_heaps_HeapMem_Module__diagsIncluded__C)
                  8783c300    00000004     edma3_drv_bios6_tda2xx_m4_c1_st_sample_pem4.oem4 (.const:ti_sysbios_heaps_HeapMem_Module__diagsMask__C)
                  8783c304    00000004     edma3_drv_bios6_tda2xx_m4_c1_st_sample_pem4.oem4 (.const:ti_sysbios_heaps_HeapMem_Module__gateObj__C)
                  8783c308    00000004     edma3_drv_bios6_tda2xx_m4_c1_st_sample_pem4.oem4 (.const:ti_sysbios_heaps_HeapMem_Object__count__C)
                  8783c30c    00000004     edma3_drv_bios6_tda2xx_m4_c1_st_sample_pem4.oem4 (.const:ti_sysbios_heaps_HeapMem_Object__table__C)
                  8783c310    00000004     edma3_drv_bios6_tda2xx_m4_c1_st_sample_pem4.oem4 (.const:ti_sysbios_heaps_HeapMem_reqAlign__C)
                  8783c314    00000004     edma3_drv_bios6_tda2xx_m4_c1_st_sample_pem4.oem4 (.const:ti_sysbios_interfaces_ICache_Interface__BASE__C)
                  8783c318    00000004     edma3_drv_bios6_tda2xx_m4_c1_st_sample_pem4.oem4 (.const:ti_sysbios_interfaces_IIntrinsicsSupport_Interface__BASE__C)
                  8783c31c    00000004     edma3_drv_bios6_tda2xx_m4_c1_st_sample_pem4.oem4 (.const:ti_sysbios_knl_Clock_A_badThreadType__C)
                  8783c320    00000004     edma3_drv_bios6_tda2xx_m4_c1_st_sample_pem4.oem4 (.const:ti_sysbios_knl_Clock_LM_begin__C)
                  8783c324    00000004     edma3_drv_bios6_tda2xx_m4_c1_st_sample_pem4.oem4 (.const:ti_sysbios_knl_Clock_LM_tick__C)
                  8783c328    00000004     edma3_drv_bios6_tda2xx_m4_c1_st_sample_pem4.oem4 (.const:ti_sysbios_knl_Clock_LW_delayed__C)
                  8783c32c    00000004     edma3_drv_bios6_tda2xx_m4_c1_st_sample_pem4.oem4 (.const:ti_sysbios_knl_Clock_Module_State_clockQ__O)
                  8783c330    00000004     edma3_drv_bios6_tda2xx_m4_c1_st_sample_pem4.oem4 (.const:ti_sysbios_knl_Clock_Module__diagsEnabled__C)
                  8783c334    00000004     edma3_drv_bios6_tda2xx_m4_c1_st_sample_pem4.oem4 (.const:ti_sysbios_knl_Clock_Module__diagsIncluded__C)
                  8783c338    00000004     edma3_drv_bios6_tda2xx_m4_c1_st_sample_pem4.oem4 (.const:ti_sysbios_knl_Clock_Module__diagsMask__C)
                  8783c33c    00000004     edma3_drv_bios6_tda2xx_m4_c1_st_sample_pem4.oem4 (.const:ti_sysbios_knl_Clock_Module__loggerFxn1__C)
                  8783c340    00000004     edma3_drv_bios6_tda2xx_m4_c1_st_sample_pem4.oem4 (.const:ti_sysbios_knl_Clock_Module__loggerFxn2__C)
                  8783c344    00000004     edma3_drv_bios6_tda2xx_m4_c1_st_sample_pem4.oem4 (.const:ti_sysbios_knl_Clock_Module__loggerObj__C)
                  8783c348    00000004     edma3_drv_bios6_tda2xx_m4_c1_st_sample_pem4.oem4 (.const:ti_sysbios_knl_Clock_Object__count__C)
                  8783c34c    00000004     edma3_drv_bios6_tda2xx_m4_c1_st_sample_pem4.oem4 (.const:ti_sysbios_knl_Clock_Object__table__C)
                  8783c350    00000004     edma3_drv_bios6_tda2xx_m4_c1_st_sample_pem4.oem4 (.const:ti_sysbios_knl_Queue_Object__count__C)
                  8783c354    00000004     edma3_drv_bios6_tda2xx_m4_c1_st_sample_pem4.oem4 (.const:ti_sysbios_knl_Queue_Object__table__C)
                  8783c358    00000004     edma3_drv_bios6_tda2xx_m4_c1_st_sample_pem4.oem4 (.const:ti_sysbios_knl_Semaphore_A_badContext__C)
                  8783c35c    00000004     edma3_drv_bios6_tda2xx_m4_c1_st_sample_pem4.oem4 (.const:ti_sysbios_knl_Semaphore_A_noEvents__C)
[...]
8783c1b8  ti_sysbios_family_arm_ducati_GateDualCore_A_nestedEnter__C           
8783c1bc  ti_sysbios_family_arm_ducati_GateDualCore_E_gateInUse__C             
8783c1c0  ti_sysbios_family_arm_ducati_GateDualCore_E_invalidIndex__C          
8783c1c4  ti_sysbios_family_arm_ducati_GateDualCore_Module__diagsEnabled__C    
8783c1c8  ti_sysbios_family_arm_ducati_GateDualCore_Module__diagsIncluded__C   
8783c1cc  ti_sysbios_family_arm_ducati_GateDualCore_Module__diagsMask__C       
8783c1d0  ti_sysbios_family_arm_ducati_GateDualCore_Object__count__C           
8783c1d4  ti_sysbios_family_arm_ducati_GateDualCore_Object__table__C           
8783c1d8  ti_sysbios_family_arm_ducati_GateDualCore_numGates__C                
8783c1dc  ti_sysbios_family_arm_ducati_Timer_E_cannotSupport__C                
8783c1e0  ti_sysbios_family_arm_ducati_Timer_E_invalidTimer__C                 
8783c1e4  ti_sysbios_family_arm_ducati_Timer_E_notAvailable__C                 
8783c1e8  ti_sysbios_family_arm_ducati_Timer_Module__diagsEnabled__C           
8783c1ec  ti_sysbios_family_arm_ducati_Timer_Module__diagsIncluded__C          
8783c1f0  ti_sysbios_family_arm_ducati_Timer_Module__diagsMask__C              
8783c1f4  ti_sysbios_family_arm_ducati_Timer_Object__count__C                  
8783c1f8  ti_sysbios_family_arm_ducati_Timer_Object__table__C                  
8783c1fc  ti_sysbios_family_arm_ducati_Timer_anyMask__C                        
8783c200  ti_sysbios_family_arm_ducati_Timer_startupNeeded__C                  
8783c204  ti_sysbios_family_arm_m3_Hwi_E_NMI__C                                
8783c208  ti_sysbios_family_arm_m3_Hwi_E_alreadyDefined__C                     
8783c20c  ti_sysbios_family_arm_m3_Hwi_E_busFault__C                           
8783c210  ti_sysbios_family_arm_m3_Hwi_E_debugMon__C                           
8783c214  ti_sysbios_family_arm_m3_Hwi_E_hardFault__C                          
8783c218  ti_sysbios_family_arm_m3_Hwi_E_memFault__C                           
8783c21c  ti_sysbios_family_arm_m3_Hwi_E_noIsr__C                              
8783c220  ti_sysbios_family_arm_m3_Hwi_E_reserved__C                           
8783c224  ti_sysbios_family_arm_m3_Hwi_E_svCall__C                             
8783c228  ti_sysbios_family_arm_m3_Hwi_E_usageFault__C                         
8783c22c  ti_sysbios_family_arm_m3_Hwi_LD_end__C                               
8783c230  ti_sysbios_family_arm_m3_Hwi_LM_begin__C                             
8783c234  ti_sysbios_family_arm_m3_Hwi_Module__diagsEnabled__C                 
8783c238  ti_sysbios_family_arm_m3_Hwi_Module__diagsIncluded__C                
8783c23c  ti_sysbios_family_arm_m3_Hwi_Module__diagsMask__C                    
8783c240  ti_sysbios_family_arm_m3_Hwi_Module__loggerFxn1__C                   
8783c244  ti_sysbios_family_arm_m3_Hwi_Module__loggerFxn8__C                   
8783c248  ti_sysbios_family_arm_m3_Hwi_Module__loggerObj__C                    
8783c24c  ti_sysbios_family_arm_m3_Hwi_NUM_INTERRUPTS__C                       
8783c250  ti_sysbios_family_arm_m3_Hwi_Object__count__C                        
8783c254  ti_sysbios_family_arm_m3_Hwi_Object__table__C                        
8783c258  ti_sysbios_family_arm_m3_Hwi_ccr__C                                  
8783c25c  ti_sysbios_family_arm_m3_Hwi_excHandlerFunc__C                       
8783c260  ti_sysbios_family_arm_m3_Hwi_excHookFuncs__C                         
8783c264  ti_sysbios_family_arm_m3_Hwi_nullIsrFunc__C                          
8783c268  ti_sysbios_family_arm_m3_Hwi_priGroup__C                             
8783c26c  ti_sysbios_family_arm_m3_TaskSupport_defaultStackSize__C             
8783c270  ti_sysbios_family_arm_m3_TaskSupport_stackAlignment__C               
8783c274  ti_sysbios_family_shared_vayu_IntXbar_A_badBenelliIpuId__C           
8783c278  ti_sysbios_family_shared_vayu_IntXbar_A_badBenelliXbarInstanceNum__C 
8783c27c  ti_sysbios_family_shared_vayu_IntXbar_A_badIntSourceIdx__C           
8783c280  ti_sysbios_family_shared_vayu_IntXbar_Module__diagsEnabled__C        
8783c284  ti_sysbios_family_shared_vayu_IntXbar_Module__diagsIncluded__C       
8783c288  ti_sysbios_family_shared_vayu_IntXbar_Module__diagsMask__C           
8783c28c  ti_sysbios_family_shared_vayu_IntXbar_mmrBaseAddr__C                 
8783c290  ti_sysbios_gates_GateHwi_Object__count__C                            
8783c294  ti_sysbios_gates_GateHwi_Object__table__C                            
8783c298  ti_sysbios_gates_GateMutex_A_badContext__C                           
8783c29c  ti_sysbios_gates_GateMutex_Instance_State_sem__O                     
8783c2a0  ti_sysbios_gates_GateMutex_Module__diagsEnabled__C                   
8783c2a4  ti_sysbios_gates_GateMutex_Module__diagsIncluded__C                  
8783c2a8  ti_sysbios_gates_GateMutex_Module__diagsMask__C                      
8783c2ac  ti_sysbios_gates_GateMutex_Object__count__C                          
8783c2b0  ti_sysbios_gates_GateMutex_Object__table__C                          
8783c2b4  ti_sysbios_hal_Hwi_Object__count__C                                  
8783c2b8  ti_sysbios_hal_Hwi_Object__table__C                                  
8783c2bc  ti_sysbios_hal_ammu_AMMU_numLargePages__C                            
8783c2c0  ti_sysbios_hal_ammu_AMMU_numLinePages__C                             
8783c2c4  ti_sysbios_hal_ammu_AMMU_numMediumPages__C                           
8783c2c8  ti_sysbios_hal_ammu_AMMU_numSmallPages__C                            
8783c2cc  ti_sysbios_hal_unicache_Cache_Module__gateObj__C                     
8783c2d0  ti_sysbios_hal_unicache_Cache_l1ocpConfig__C                         
8783c2d4  ti_sysbios_hal_unicache_Cache_l1secConfig__C                         
8783c2d8  ti_sysbios_hal_unicache_Cache_l2ocpConfig__C                         
8783c2dc  ti_sysbios_hal_unicache_Cache_l2secConfig__C                         
8783c2e0  ti_sysbios_hal_unicache_Cache_maxLineModeBufSize__C                  
8783c2e4  ti_sysbios_heaps_HeapMem_A_align__C                                  
8783c2e8  ti_sysbios_heaps_HeapMem_A_heapSize__C                               
8783c2ec  ti_sysbios_heaps_HeapMem_A_invalidFree__C                            
8783c2f0  ti_sysbios_heaps_HeapMem_A_zeroBlock__C                              
8783c2f4  ti_sysbios_heaps_HeapMem_E_memory__C                                 
8783c2f8  ti_sysbios_heaps_HeapMem_Module__diagsEnabled__C                     
8783c2fc  ti_sysbios_heaps_HeapMem_Module__diagsIncluded__C                    
8783c300  ti_sysbios_heaps_HeapMem_Module__diagsMask__C                        
8783c304  ti_sysbios_heaps_HeapMem_Module__gateObj__C                          
8783c308  ti_sysbios_heaps_HeapMem_Object__count__C                            
8783c30c  ti_sysbios_heaps_HeapMem_Object__table__C                            
8783c310  ti_sysbios_heaps_HeapMem_reqAlign__C                                 
8783c314  ti_sysbios_interfaces_ICache_Interface__BASE__C                      
8783c318  ti_sysbios_interfaces_IIntrinsicsSupport_Interface__BASE__C          
8783c31c  ti_sysbios_knl_Clock_A_badThreadType__C                              
8783c320  ti_sysbios_knl_Clock_LM_begin__C                                     
8783c324  ti_sysbios_knl_Clock_LM_tick__C                                      
8783c328  ti_sysbios_knl_Clock_LW_delayed__C                                   
8783c32c  ti_sysbios_knl_Clock_Module_State_clockQ__O                          
8783c330  ti_sysbios_knl_Clock_Module__diagsEnabled__C                         
8783c334  ti_sysbios_knl_Clock_Module__diagsIncluded__C                        
8783c338  ti_sysbios_knl_Clock_Module__diagsMask__C                            
8783c33c  ti_sysbios_knl_Clock_Module__loggerFxn1__C                           
8783c340  ti_sysbios_knl_Clock_Module__loggerFxn2__C                           
8783c344  ti_sysbios_knl_Clock_Module__loggerObj__C                            
8783c348  ti_sysbios_knl_Clock_Object__count__C                                
8783c34c  ti_sysbios_knl_Clock_Object__table__C                                
8783c350  ti_sysbios_knl_Queue_Object__count__C                                
8783c354  ti_sysbios_knl_Queue_Object__table__C                                
8783c358  ti_sysbios_knl_Semaphore_A_badContext__C                             
8783c35c  ti_sysbios_knl_Semaphore_A_noEvents__C                               
8783c360  ti_sysbios_knl_Semaphore_A_overflow__C                               
8783c364  ti_sysbios_knl_Semaphore_A_pendTaskDisabled__C                       
8783c368  ti_sysbios_knl_Semaphore_Instance_State_pendQ__O                     
8783c36c  ti_sysbios_knl_Semaphore_LM_pend__C                                  
8783c370  ti_sysbios_knl_Semaphore_LM_post__C                                  
8783c374  ti_sysbios_knl_Semaphore_Module__diagsEnabled__C                     
8783c378  ti_sysbios_knl_Semaphore_Module__diagsIncluded__C                    
8783c37c  ti_sysbios_knl_Semaphore_Module__diagsMask__C                        
8783c380  ti_sysbios_knl_Semaphore_Module__loggerFxn2__C                       
8783c384  ti_sysbios_knl_Semaphore_Module__loggerFxn4__C                       
8783c388  ti_sysbios_knl_Semaphore_Module__loggerObj__C                        
8783c38c  ti_sysbios_knl_Semaphore_Object__count__C                            
8783c390  ti_sysbios_knl_Semaphore_Object__table__C                            
8783c394  ti_sysbios_knl_Swi_A_badPriority__C                                  
8783c398  ti_sysbios_knl_Swi_LD_end__C                                         
8783c39c  ti_sysbios_knl_Swi_LM_begin__C                                       
8783c3a0  ti_sysbios_knl_Swi_LM_post__C                                        
8783c3a4  ti_sysbios_knl_Swi_Module__diagsEnabled__C                           
8783c3a8  ti_sysbios_knl_Swi_Module__diagsIncluded__C                          
8783c3ac  ti_sysbios_knl_Swi_Module__diagsMask__C                              
8783c3b0  ti_sysbios_knl_Swi_Module__loggerFxn1__C                             
8783c3b4  ti_sysbios_knl_Swi_Module__loggerFxn4__C                             
8783c3b8  ti_sysbios_knl_Swi_Module__loggerObj__C                              
8783c3bc  ti_sysbios_knl_Swi_Object__count__C                                  
8783c3c0  ti_sysbios_knl_Swi_Object__table__C                                  
8783c3c4  ti_sysbios_knl_Task_A_badPriority__C                                 
8783c3c8  ti_sysbios_knl_Task_A_badTaskState__C                                
8783c3cc  ti_sysbios_knl_Task_A_badThreadType__C                               
8783c3d0  ti_sysbios_knl_Task_A_noPendElem__C                                  
8783c3d4  ti_sysbios_knl_Task_LD_block__C                                      
8783c3d8  ti_sysbios_knl_Task_LD_exit__C                                       
8783c3dc  ti_sysbios_knl_Task_LD_ready__C                                      
8783c3e0  ti_sysbios_knl_Task_LM_switch__C                                     
8783c3e4  ti_sysbios_knl_Task_Module_State_inactiveQ__O                        
8783c3e8  ti_sysbios_knl_Task_Module__diagsEnabled__C                          
8783c3ec  ti_sysbios_knl_Task_Module__diagsIncluded__C                         
8783c3f0  ti_sysbios_knl_Task_Module__diagsMask__C                             
8783c3f4  ti_sysbios_knl_Task_Module__loggerFxn2__C                            
8783c3f8  ti_sysbios_knl_Task_Module__loggerFxn4__C                            
8783c3fc  ti_sysbios_knl_Task_Module__loggerObj__C                             
8783c400  ti_sysbios_knl_Task_Object__count__C                                 
8783c404  ti_sysbios_knl_Task_Object__table__C                                 
8783c408  ti_sysbios_knl_Task_allBlockedFunc__C                                
8783c40c  ti_sysbios_knl_Task_defaultStackHeap__C                              
8783c410  ti_sysbios_knl_Task_defaultStackSize__C                              
8783c414  ti_sysbios_knl_Task_numConstructedTasks__C                           
8783c418  xdc_runtime_Assert_E_assertFailed__C                                 
8783c41c  xdc_runtime_Core_A_initializedParams__C                              
8783c420  xdc_runtime_Core_Module__diagsEnabled__C                             
8783c424  xdc_runtime_Core_Module__diagsIncluded__C                            
8783c428  xdc_runtime_Core_Module__diagsMask__C                                
8783c42c  xdc_runtime_Error_E_memory__C                                        
8783c430  xdc_runtime_Error_Module__diagsEnabled__C                            
8783c434  xdc_runtime_Error_Module__diagsIncluded__C                           
8783c438  xdc_runtime_Error_Module__diagsMask__C                               
8783c43c  xdc_runtime_Error_Module__loggerFxn8__C                              
8783c440  xdc_runtime_Error_Module__loggerObj__C                               
8783c444  xdc_runtime_Error_policyFxn__C                                       
8783c448  xdc_runtime_Error_raiseHook__C                                       
8783c44c  xdc_runtime_IGateProvider_Interface__BASE__C                         
8783c450  xdc_runtime_IHeap_Interface__BASE__C                                 
8783c454  xdc_runtime_IModule_Interface__BASE__C                               
8783c458  xdc_runtime_ISystemSupport_Interface__BASE__C                        
8783c45c  xdc_runtime_Log_L_error__C                                           
8783c460  xdc_runtime_Main_Module__diagsEnabled__C                             
8783c464  xdc_runtime_Main_Module__diagsIncluded__C                            
8783c468  xdc_runtime_Main_Module__diagsMask__C                                
8783c46c  xdc_runtime_Memory_defaultHeapInstance__C                            
8783c470  xdc_runtime_Startup_execImpl__C                                      
8783c474  xdc_runtime_Startup_lastFxns__A                                      
8783c478  xdc_runtime_Startup_maxPasses__C                                     
8783c47c  xdc_runtime_Startup_sfxnRts__C                                       
8783c480  xdc_runtime_Startup_sfxnTab__C                                       
8783c484  xdc_runtime_Startup_startModsFxn__C                                  
8783c488  xdc_runtime_SysMin_bufSize__C                                        
8783c48c  xdc_runtime_SysMin_outputFunc__C                                     
8783c490  xdc_runtime_System_Module__gateObj__C                                
8783c494  xdc_runtime_System_abortFxn__C                                       
8783c498  xdc_runtime_System_exitFxn__C                                        
8783c49c  xdc_runtime_System_extendFxn__C                                      
8783c4a0  xdc_runtime_System_maxAtexitHandlers__C                              
8783c4a4  xdc_runtime_Text_charTab__C                                          
8783c4a8  xdc_runtime_Text_nameEmpty__C                                        
8783c4ac  xdc_runtime_Text_nameStatic__C                                       
8783c4b0  xdc_runtime_Text_nameUnknown__C                                      
8783c4b4  xdc_runtime_Text_nodeTab__C                                          
8783c4b8  xdc_runtime_Text_visitRopeFxn__C                                     
8783c4bc  ti_sysbios_family_arm_ducati_Timer_Module__id__C                     
8783c4be  ti_sysbios_family_arm_m3_Hwi_Module__id__C                           
8783c4c0  ti_sysbios_family_arm_m3_Hwi_Module__loggerDefined__C                
8783c4c2  ti_sysbios_family_shared_vayu_IntXbar_Module__id__C                  
8783c4c4  ti_sysbios_gates_GateMutex_Module__id__C                             
8783c4c6  ti_sysbios_hal_ammu_AMMU_configureAmmu__C                            
8783c4c8  ti_sysbios_hal_unicache_Cache_configureCache__C                      
8783c4ca  ti_sysbios_hal_unicache_Cache_enableCache__C                         
8783c4cc  ti_sysbios_hal_unicache_Cache_l2CacheSupported__C                    
8783c4ce  ti_sysbios_heaps_HeapMem_Module__id__C                               
8783c4d0  ti_sysbios_knl_Clock_Module__id__C                                   
8783c4d2  ti_sysbios_knl_Clock_Module__loggerDefined__C                        
8783c4d4  ti_sysbios_knl_Semaphore_Module__id__C                               
8783c4d6  ti_sysbios_knl_Semaphore_Module__loggerDefined__C                    
8783c4d8  ti_sysbios_knl_Swi_Module__id__C                                     
8783c4da  ti_sysbios_knl_Swi_Module__loggerDefined__C                          
8783c4dc  ti_sysbios_knl_Task_Module__id__C                                    
8783c4de  ti_sysbios_knl_Task_Module__loggerDefined__C                         
8783c4e0  xdc_runtime_Core_Module__id__C                                       
8783c4e2  xdc_runtime_Error_Module__loggerDefined__C                           
8783c4e4  xdc_runtime_Error_maxDepth__C                                        
8783c4e6  xdc_runtime_Main_Module__id__C                                       
8783c4e8  xdc_runtime_Memory_Module__id__C                                     
8783c4ea  xdc_runtime_SysMin_flushAtExit__C                                    
8783c4ec  xdc_runtime_Text_charCnt__C                                          
8783c4ee  xdc_runtime_Text_isLoaded__C                                         
8783c4f0  xdc_runtime_Text_registryModsLastId__C                               
8783c4f2  xdc_runtime_Text_unnamedModsLastId__C                                
8783c500  _pingpongSrcBuf                                                      
8783d280  _pingpongDestBuf                                                     
8783e000  _dstL1DBuff1                                                         
8783e280  _dstL1DBuff2                                                         
8783e500  _srcBuff1                                                            
8783e580  _dstBuff1                                                            
8783e600  _srcBuff2                                                            
8783e680  _dstBuff2                                                            
8783e6c0  ti_sysbios_knl_Task_Instance_State_0_stack__A                        
e000e000  ti_sysbios_family_arm_m3_Hwi_nvic                                    
ffffffff  __TI_pprof_out_hndl                                                  
ffffffff  __TI_prof_data_size                                                  
ffffffff  __TI_prof_data_start                                                 
ffffffff  __TI_static_base__                                                   
ffffffff  __binit__                                                            
ffffffff  __c_args__                                                           
ffffffff  binit                                                                
UNDEFED   SHT$$INIT_ARRAY$$Base                                                
UNDEFED   SHT$$INIT_ARRAY$$Limit                                               
UNDEFED   __TI_CINIT_Base                                                      
UNDEFED   __TI_CINIT_Limit                                                     
UNDEFED   __TI_Handler_Table_Base                                              
UNDEFED   __TI_Handler_Table_Limit                                             
UNDEFED   ti_sysbios_family_arm_m3_Hwi_getCoreStackInfo__E                     

[1235 symbols]


DYNAMIC SYMBOLS: SORTED ALPHABETICALLY BY Name 

address  name
-------  ----
UNDEFED      

[1 symbols]


IMPORTED and EXPORTED SYMBOLS: SORTED ALPHABETICALLY BY Name 

IMPORTED SYMBOLS

name                           size      Imported from
-----------------------------  --------  -------------

[0 symbols]


EXPORTED SYMBOLS


[0 symbols]
