******************************************************************************
                  TI ARM Linker Unix v16.9.2                   
******************************************************************************
>> Linked Mon Mar 26 12:13:49 2018

OUTPUT FILE NAME:   <bin/tda2xx-evm/edma3_drv_arm_tda2xx_core0_sample_m4_debug.xem4>
ENTRY POINT SYMBOL: "ti_sysbios_family_arm_ducati_Core_reset"  address: 00000009


MEMORY CONFIGURATION

         name            origin    length      used     unused   attr    fill
----------------------  --------  ---------  --------  --------  ----  --------
  L2_ROM                00000000   00004000  000001a0  00003e60  RWIX
  L2_RAM                20000000   00010000  00000000  00010000  RWIX
  OCMC_RAM1             40300000   00080000  00000000  00080000  RWIX
  OCMC_RAM2             40400000   00100000  00000000  00100000  RWIX
  OCMC_RAM3             40500000   00100000  00000000  00100000  RWIX
  CODE_CORE_IPU1_0      84000000   01000000  00017f22  00fe80de  RW X
  PRIVATE_DATA_CORE_IPU 85000000   01800000  0003eeb2  017c114e  RW X
  SHARED_FRAME_BUFFER   8a000000   04000000  00000000  04000000  RW X
  SHARED_CTRL           a0000000   01000000  00000000  01000000  RW X
  SHARED_LOG_MEM        a1000000   00700000  00000000  00700000  RW X
  HDVPSS_DESCRIPTOR_NON a1800000   00800000  00000000  00800000  RW X
  SHARED_MEM            a2000000   01000000  00000000  01000000  RW X


SEGMENT ALLOCATION MAP

run origin  load origin   length   init length attrs members
----------  ----------- ---------- ----------- ----- -------
00000000    00000000    00000050   00000050    r-x
  00000000    00000000    00000050   00000050    r-x .ducatiBoot
00000400    00000400    00000140   00000140    r--
  00000400    00000400    00000140   00000140    r-- .resetVecs
000007f0    000007f0    00000010   00000000    rw-
  000007f0    000007f0    00000010   00000000    rw- .ducatiGates
84000000    84000000    00017f22   00017f22    r-x
  84000000    84000000    00017f22   00017f22    r-x .text
85000000    85000000    00030788   00000000    rw-
  85000000    85000000    00030788   00000000    rw- .bss
85030788    85030788    000091f4   000051f2    rw-
  85030788    85030788    000051f2   000051f2    rw- .data
  8503597c    8503597c    00004000   00000000    rw- .stack
8503997c    8503997c    00002b78   00002b78    r--
  8503997c    8503997c    00002b78   00002b78    r-- .const
8503c500    8503c500    000029c0   00000000    rw-
  8503c500    8503c500    000021c0   00000000    rw- .my_sect_ddr
  8503e6c0    8503e6c0    00000800   00000000    rw- .bss:taskStackSection


SECTION ALLOCATION MAP

 output                                  attributes/
section   page    origin      length       input sections
--------  ----  ----------  ----------   ----------------
.bss       0    85000000    00030788     UNINITIALIZED
                  85000000    00015000     (.common:ti_sysbios_heaps_HeapMem_Instance_State_0_buf__A)
                  85015000    000088e0     (.common:edma3DrvChBoundRes)
                  8501d8e0    00005b40     edma3_lld_rm.aem4 : edma3resmgr.oem4 (.bss:edma3RmChBoundRes)
                  85023420    000047e0     (.common:drvInstance)
                  85027c00    00003ca0     (.common:resMgrInstanceArray)
                  8502b8a0    00001a40     (.common:userInstInitConfigArray)
                  8502d2e0    00000e74     (.common:drvObj)
                  8502e154    00000e74     (.common:resMgrObj)
                  8502efc8    00000a00                       : edma3resmgr.oem4 (.bss:edma3IntrParams)
                  8502f9c8    00000500                       : edma3resmgr.oem4 (.bss:edma3DmaChTccMapping)
                  8502fec8    00000400     (.common:xdc_runtime_SysMin_Module_State_0_outbuf__A)
                  850302c8    00000140     (.common:ti_sysbios_family_arm_m3_Hwi_dispatchTable)
                  85030408    00000120     rtsv7M4_T_le_eabi.lib : trgmsg.obj (.bss:_CIOBUF_)
                  85030528    000000a0     edma3_lld_rm.aem4 : edma3resmgr.oem4 (.bss:edma3QdmaChTccMapping)
                  850305c8    000000a0     (.common:__TI_tmpnams)
                  85030668    00000040                       : edma3resmgr.oem4 (.bss:contiguousParamRes)
                  850306a8    00000020     (.common:hwiTCErrInt)
                  850306c8    00000014     (.common:edma3_dma_ch_max_val)
                  850306dc    00000014     (.common:edma3_link_ch_max_val)
                  850306f0    00000014     (.common:edma3_link_ch_min_val)
                  85030704    00000014     (.common:edma3_log_ch_max_val)
                  85030718    00000014     (.common:edma3_qdma_ch_max_val)
                  8503072c    00000014     (.common:edma3_qdma_ch_min_val)
                  85030740    00000008     rtsv7M4_T_le_eabi.lib : trgdrv.obj (.bss:parmbuf)
                  85030748    00000004     (.common:dsp_num)
                  8503074c    00000004     (.common:dsp_num_tmp)
                  85030750    00000004     (.common:dstBuff1)
                  85030754    00000004     (.common:dstBuff2)
                  85030758    00000004     (.common:dstL1DBuff1)
                  8503075c    00000004     (.common:dstL1DBuff2)
                  85030760    00000004     (.common:hwiCCErrInt)
                  85030764    00000004     (.common:hwiCCXferCompInt)
                  85030768    00000004     (.common:myCoreNum)
                  8503076c    00000004     (.common:pingpongDestBuf)
                  85030770    00000004     (.common:pingpongDestBufCopy)
                  85030774    00000004     (.common:pingpongSrcBuf)
                  85030778    00000004     (.common:pingpongSrcBufCopy)
                  8503077c    00000004     (.common:region_id)
                  85030780    00000004     (.common:srcBuff1)
                  85030784    00000004     (.common:srcBuff2)

.neardata 
*          0    85030788    00000000     UNINITIALIZED

.rodata    0    85030788    00000000     UNINITIALIZED

.stack     0    8503597c    00004000     UNINITIALIZED
                  8503597c    00004000     --HOLE--

.cinit     0    84000000    00000000     UNINITIALIZED

.init_array 
*          0    84000000    00000000     UNINITIALIZED

.bootVecs 
*          0    00000000    00000008     DSECT
                  00000000    00000008     boot.aem4 : boot.oem4 (.bootVecs)

.resetVecs 
*          0    00000400    00000140     
                  00000400    00000140     edma3_drv_bios6_tda2xx_m4_c0_st_sample_pem4.oem4 (.resetVecs)

.vecs      0    00000400    00000000     DSECT

.ducatiBoot 
*          0    00000000    00000050     
                  00000000    00000050     sysbios.aem4 : ducati_Core_asm.obj (.ducatiBoot)

.ducatiGates 
*          0    000007f0    00000010     UNINITIALIZED
                  000007f0    00000010     edma3_drv_bios6_tda2xx_m4_c0_st_sample_pem4.oem4 (.ducatiGates)

.data      0    85030788    000051f2     
                  85030788    000017a0     edma3_lld_drv_sample.aem4 : sample_tda2xx_cfg.oem4 (.data:sampleXbarChanInitConfig)
                  85031f28    00000fc0     edma3_lld_rm.aem4 : edma3_tda2xx_cfg.oem4 (.data:defInstInitConfig)
                  85032ee8    00000fc0     edma3_lld_drv_sample.aem4 : sample_tda2xx_cfg.oem4 (.data:sampleInstInitConfig)
                  85033ea8    00000888     edma3_lld_rm.aem4 : edma3_tda2xx_cfg.oem4 (.data:edma3GblCfgParams)
                  85034730    00000888     edma3_lld_drv_sample.aem4 : sample_tda2xx_cfg.oem4 (.data:sampleEdma3GblCfgParams)
                  85034fb8    000000f0     rtsv7M4_T_le_eabi.lib : defs.obj (.data:_ftable)
                  850350a8    000000d0                           : lowlev.obj (.data:$O1$$)
                  85035178    00000080     edma3_drv_bios6_tda2xx_m4_c0_st_sample_pem4.oem4 (.data:ti_sysbios_knl_Swi_Module_State_0_readyQ__A)
                  850351f8    00000080     edma3_drv_bios6_tda2xx_m4_c0_st_sample_pem4.oem4 (.data:ti_sysbios_knl_Task_Module_State_0_readyQ__A)
                  85035278    00000072     edma3_drv_bios6_tda2xx_m4_c0_st_sample_pem4.oem4 (.data:ti_sysbios_family_shared_vayu_IntXbar_Module_State_0_intXbar__A)
                  850352ea    00000002     edma3_lld_drv.aem4 : edma3_drv_init.oem4 (.data)
                  850352ec    00000060     edma3_lld_drv_sample.aem4 : sample_tda2xx_cfg.oem4 (.data:ccCompEdmaXbarIndex)
                  8503534c    00000060                               : sample_tda2xx_cfg.oem4 (.data:ccXferCompInt)
                  850353ac    00000060                               : sample_tda2xx_cfg.oem4 (.data:ccXferCompIntXbarInstNo)
                  8503540c    00000060                               : sample_tda2xx_cfg.oem4 (.data:tcErrEdmaXbarIndex)
                  8503546c    00000060                               : sample_tda2xx_cfg.oem4 (.data:tcErrorInt)
                  850354cc    00000060                               : sample_tda2xx_cfg.oem4 (.data:tcErrorIntXbarInstNo)
                  8503552c    0000004c     edma3_drv_bios6_tda2xx_m4_c0_st_sample_pem4.oem4 (.data:ti_sysbios_knl_Task_Object__table__V)
                  85035578    00000044     edma3_drv_bios6_tda2xx_m4_c0_st_sample_pem4.oem4 (.data:ti_sysbios_knl_Task_Module__state__V)
                  850355bc    00000038     edma3_drv_bios6_tda2xx_m4_c0_st_sample_pem4.oem4 (.data:ti_sysbios_gates_GateMutex_Object__table__V)
                  850355f4    00000034     edma3_drv_bios6_tda2xx_m4_c0_st_sample_pem4.oem4 (.data:ti_sysbios_family_arm_ducati_Timer_Object__table__V)
                  85035628    00000034     edma3_drv_bios6_tda2xx_m4_c0_st_sample_pem4.oem4 (.data:ti_sysbios_family_arm_m3_Hwi_Module__state__V)
                  8503565c    00000030     edma3_drv_bios6_tda2xx_m4_c0_st_sample_pem4.oem4 (.data:ti_sysbios_family_arm_m3_Hwi_Object__table__V)
                  8503568c    00000030     edma3_drv_bios6_tda2xx_m4_c0_st_sample_pem4.oem4 (.data:ti_sysbios_knl_Swi_Object__table__V)
                  850356bc    0000002c     edma3_drv_bios6_tda2xx_m4_c0_st_sample_pem4.oem4 (.data:ti_sysbios_knl_Clock_Module__state__V)
                  850356e8    00000028     edma3_lld_rm.aem4 : edma3resmgr.oem4 (.data:allocatedTCCs)
                  85035710    00000024     edma3_drv_bios6_tda2xx_m4_c0_st_sample_pem4.oem4 (.data:ti_sysbios_BIOS_Module__state__V)
                  85035734    00000020     edma3_lld_drv_sample.aem4 : sample_tda2xx_arm_int_reg.oem4 (.data:ptrEdma3TcIsrHandler)
                  85035754    00000020     edma3_drv_bios6_tda2xx_m4_c0_st_sample_pem4.oem4 (.data:ti_sysbios_family_arm_ducati_GateDualCore_Object__table__V)
                  85035774    00000020     edma3_drv_bios6_tda2xx_m4_c0_st_sample_pem4.oem4 (.data:xdc_runtime_Error_IgnoreBlock)
                  85035794    00000020     edma3_drv_bios6_tda2xx_m4_c0_st_sample_pem4.oem4 (.data:xdc_runtime_System_Module_State_0_atexitHandlers__A)
                  850357b4    0000001c     edma3_drv_bios6_tda2xx_m4_c0_st_sample_pem4.oem4 (.data:ti_sysbios_knl_Swi_Module__state__V)
                  850357d0    00000018     edma3_drv_bios6_tda2xx_m4_c0_st_sample_pem4.oem4 (.data:ti_sysbios_heaps_HeapMem_Object__table__V)
                  850357e8    00000014     edma3_lld_rm.aem4 : edma3resmgr.oem4 (.data:masterExists)
                  850357fc    00000010                       : edma3_rm_gbl_data.oem4 (.data)
                  8503580c    00000010     qdma_link_test.oem4 (.data)
                  8503581c    00000010     rtsv7M4_T_le_eabi.lib : defs.obj (.data)
                  8503582c    0000000c                           : exit.obj (.data:$O1$$)
                  85035838    0000000c     edma3_lld_drv_sample.aem4 : sample_tda2xx_cfg.oem4 (.data:ccErrEdmaXbarIndex)
                  85035844    0000000c                               : sample_tda2xx_cfg.oem4 (.data:ccErrorInt)
                  85035850    0000000c                               : sample_tda2xx_cfg.oem4 (.data:ccErrorIntXbarInstNo)
                  8503585c    0000000c     common.oem4 (.data)
                  85035868    0000000c     edma3_lld_drv_sample.aem4 : sample_tda2xx_arm_int_reg.oem4 (.data)
                  85035874    0000000c                               : sample_tda2xx_cfg.oem4 (.data:numEdma3Tc)
                  85035880    0000000c                               : sample_tda2xx_cfg.oem4 (.data:semHandle)
                  8503588c    0000000c     edma3_drv_bios6_tda2xx_m4_c0_st_sample_pem4.oem4 (.data:ti_sysbios_family_arm_ducati_Timer_Module__state__V)
                  85035898    0000000c     edma3_drv_bios6_tda2xx_m4_c0_st_sample_pem4.oem4 (.data:xdc_runtime_SysMin_Module__state__V)
                  850358a4    0000000a     edma3_lld_rm.aem4 : edma3resmgr.oem4 (.data)
                  850358ae    00000002     edma3_drv_bios6_tda2xx_m4_c0_st_sample_pem4.oem4 (.data:ti_sysbios_family_arm_m3_Hwi_Module_State_0_excActive__A)
                  850358b0    00000008     rtsv7M4_T_le_eabi.lib : _lock.obj (.data:$O1$$)
                  850358b8    00000008     edma3_lld_rm.aem4 : edma3resmgr.oem4 (.data:contiguousDmaRes)
                  850358c0    00000008                       : edma3resmgr.oem4 (.data:contiguousTccRes)
                  850358c8    00000008     qdma_test.oem4 (.data)
                  850358d0    00000008     edma3_drv_bios6_tda2xx_m4_c0_st_sample_pem4.oem4 (.data:ti_sysbios_family_arm_ducati_GateDualCore_Module__root__V)
                  850358d8    00000008     edma3_drv_bios6_tda2xx_m4_c0_st_sample_pem4.oem4 (.data:ti_sysbios_family_arm_ducati_Timer_Module__root__V)
                  850358e0    00000008     edma3_drv_bios6_tda2xx_m4_c0_st_sample_pem4.oem4 (.data:ti_sysbios_family_arm_m3_Hwi_Module__root__V)
                  850358e8    00000008     edma3_drv_bios6_tda2xx_m4_c0_st_sample_pem4.oem4 (.data:ti_sysbios_gates_GateHwi_Module__root__V)
                  850358f0    00000008     edma3_drv_bios6_tda2xx_m4_c0_st_sample_pem4.oem4 (.data:ti_sysbios_gates_GateMutex_Module__root__V)
                  850358f8    00000008     edma3_drv_bios6_tda2xx_m4_c0_st_sample_pem4.oem4 (.data:ti_sysbios_hal_Hwi_Module__root__V)
                  85035900    00000008     edma3_drv_bios6_tda2xx_m4_c0_st_sample_pem4.oem4 (.data:ti_sysbios_heaps_HeapMem_Module__root__V)
                  85035908    00000008     edma3_drv_bios6_tda2xx_m4_c0_st_sample_pem4.oem4 (.data:ti_sysbios_knl_Clock_Module__root__V)
                  85035910    00000008     edma3_drv_bios6_tda2xx_m4_c0_st_sample_pem4.oem4 (.data:ti_sysbios_knl_Queue_Module__root__V)
                  85035918    00000008     edma3_drv_bios6_tda2xx_m4_c0_st_sample_pem4.oem4 (.data:ti_sysbios_knl_Semaphore_Module__root__V)
                  85035920    00000008     edma3_drv_bios6_tda2xx_m4_c0_st_sample_pem4.oem4 (.data:ti_sysbios_knl_Swi_Module__root__V)
                  85035928    00000008     edma3_drv_bios6_tda2xx_m4_c0_st_sample_pem4.oem4 (.data:ti_sysbios_knl_Task_Module__root__V)
                  85035930    00000008     edma3_drv_bios6_tda2xx_m4_c0_st_sample_pem4.oem4 (.data:xdc_runtime_Registry_Module__state__V)
                  85035938    00000008     edma3_drv_bios6_tda2xx_m4_c0_st_sample_pem4.oem4 (.data:xdc_runtime_Startup_Module__state__V)
                  85035940    00000008     edma3_drv_bios6_tda2xx_m4_c0_st_sample_pem4.oem4 (.data:xdc_runtime_System_Module__state__V)
                  85035948    00000004     edma3_lld_rm.aem4 : edma3resmgr.oem4 (.data:contiguousQdmaRes)
                  8503594c    00000004     main.oem4 (.data)
                  85035950    00000004     rtsv7M4_T_le_eabi.lib : errno.obj (.data)
                  85035954    00000004                           : fopen.obj (.data)
                  85035958    00000004                           : stkdepth_vars.obj (.data)
                  8503595c    00000004     edma3_drv_bios6_tda2xx_m4_c0_st_sample_pem4.oem4 (.data:ti_sysbios_family_arm_ducati_GateDualCore_Module__state__V)
                  85035960    00000004     edma3_drv_bios6_tda2xx_m4_c0_st_sample_pem4.oem4 (.data:ti_sysbios_family_arm_m3_Hwi_Module_State_0_excContext__A)
                  85035964    00000004     edma3_drv_bios6_tda2xx_m4_c0_st_sample_pem4.oem4 (.data:ti_sysbios_family_arm_m3_Hwi_Module_State_0_excStack__A)
                  85035968    00000004     edma3_drv_bios6_tda2xx_m4_c0_st_sample_pem4.oem4 (.data:ti_sysbios_family_shared_vayu_IntXbar_Module__state__V)
                  8503596c    00000004     edma3_drv_bios6_tda2xx_m4_c0_st_sample_pem4.oem4 (.data:ti_sysbios_gates_GateHwi_Object__table__V)
                  85035970    00000004     edma3_drv_bios6_tda2xx_m4_c0_st_sample_pem4.oem4 (.data:ti_sysbios_knl_Task_Module_State_0_idleTask__A)
                  85035974    00000004     edma3_drv_bios6_tda2xx_m4_c0_st_sample_pem4.oem4 (.data:xdc_runtime_Memory_Module__state__V)
                  85035978    00000002     edma3_drv_bios6_tda2xx_m4_c0_st_sample_pem4.oem4 (.data:xdc_runtime_Error_Module__state__V)

.bss:taskStackSection 
*          0    8503e6c0    00000800     UNINITIALIZED
                  8503e6c0    00000800     edma3_drv_bios6_tda2xx_m4_c0_st_sample_pem4.oem4 (.bss:taskStackSection)

.my_sect_ddr 
*          0    8503c500    000021c0     UNINITIALIZED
                  8503c500    00001fc0     dma_ping_pong_test.oem4 (.my_sect_ddr)
                  8503e4c0    00000040     --HOLE--
                  8503e500    000001c0     common.oem4 (.my_sect_ddr)

xdc.meta   0    85000000    000001b0     COPY SECTION
                  85000000    000001b0     edma3_drv_bios6_tda2xx_m4_c0_st_sample_pem4.oem4 (xdc.meta)

.text      0    84000000    00017f22     
                  84000000    00004de8     edma3_lld_rm.aem4 : edma3resmgr.oem4 (.text)
                  84004de8    000028b0     edma3_drv_bios6_tda2xx_m4_c0_st_sample_pem4.oem4 (.text)
                  84007698    00001f3c     edma3_lld_drv.aem4 : edma3_drv_basic.oem4 (.text)
                  840095d4    00001cd0                        : edma3_drv_adv.oem4 (.text)
                  8400b2a4    00001122     rtsv7M4_T_le_eabi.lib : _printfi.obj (.text)
                  8400c3c6    00000002                           : i_div0.obj (.text)
                  8400c3c8    00000d60     main.oem4 (.text)
                  8400d128    0000091e     qdma_link_test.oem4 (.text)
                  8400da46    00000002     --HOLE-- [fill = 0]
                  8400da48    000007fc     edma3_lld_drv.aem4 : edma3_drv_init.oem4 (.text)
                  8400e244    00000622     dma_poll_test.oem4 (.text)
                  8400e866    00000002     --HOLE-- [fill = 0]
                  8400e868    00000530     dma_ping_pong_test.oem4 (.text)
                  8400ed98    0000050c     dma_link_test.oem4 (.text)
                  8400f2a4    000004b4     dma_chain_test.oem4 (.text)
                  8400f758    00000474     qdma_test.oem4 (.text)
                  8400fbcc    00000004     rtsv7M4_T_le_eabi.lib : remove.obj (.text:remove)
                  8400fbd0    00000430     sysbios.aem4 : BIOS.obj (.text:ti_sysbios_family_arm_m3_Hwi_excDumpRegs__I)
                  84010000    00000414     dma_test.oem4 (.text)
                  84010414    000003c0     edma3_lld_drv_sample.aem4 : sample_tda2xx_arm_int_reg.oem4 (.text)
                  840107d4    00000354     ti.targets.arm.rtsarm.aem4 : System.oem4 (.text:xdc_runtime_System_doPrint__I)
                  84010b28    00000324     rtsv7M4_T_le_eabi.lib : trgdrv.obj (.text)
                  84010e4c    00000004     ti.targets.arm.rtsarm.aem4 : Error.oem4 (.text:xdc_runtime_Error_getCode__E)
                  84010e50    00000314     sysbios.aem4 : BIOS.obj (.text:ti_sysbios_knl_Semaphore_pend__E)
                  84011164    0000030c     rtsv7M4_T_le_eabi.lib : lowlev.obj (.text)
                  84011470    00000254     edma3_lld_drv_sample.aem4 : sample_arm_cs.oem4 (.text)
                  840116c4    00000004     ti.targets.arm.rtsarm.aem4 : Error.oem4 (.text:xdc_runtime_Error_getSite__E)
                  840116c8    00000250     sysbios.aem4 : BIOS.obj (.text:ti_sysbios_heaps_HeapMem_freeUnprotected__E)
                  84011918    00000224                  : BIOS.obj (.text:ti_sysbios_knl_Task_Instance_finalize__E)
                  84011b3c    00000004     ti.targets.arm.rtsarm.aem4 : System.oem4 (.text:xdc_runtime_System_abortStd__E)
                  84011b40    000001fc     sysbios.aem4 : BIOS.obj (.text:ti_sysbios_family_arm_m3_Hwi_excHandlerMax__I)
                  84011d3c    00000004     ti.targets.arm.rtsarm.aem4 : System.oem4 (.text:xdc_runtime_System_aprintf_va__F)
                  84011d40    000001fc     sysbios.aem4 : BIOS.obj (.text:ti_sysbios_heaps_HeapMem_allocUnprotected__E)
                  84011f3c    000001f4     rtsv7M4_T_le_eabi.lib : ull_div_t2.obj (.text)
                  84012130    000001d8     sysbios.aem4 : BIOS.obj (.text:ti_sysbios_hal_unicache_Cache_startup__I)
                  84012308    000001c4     rtsv7M4_T_le_eabi.lib : fopen.obj (.text)
                  840124cc    00000004     ti.targets.arm.rtsarm.aem4 : System.oem4 (.text:xdc_runtime_System_asprintf_va__F)
                  840124d0    000001c4     sysbios.aem4 : BIOS.obj (.text:ti_sysbios_family_arm_ducati_Timer_Instance_init__E)
                  84012694    00000004     ti.targets.arm.rtsarm.aem4 : System.oem4 (.text:xdc_runtime_System_exitStd__E)
                  84012698    000001c0     sysbios.aem4 : BIOS.obj (.text:ti_sysbios_knl_Task_Instance_init__E)
                  84012858    000001b6     rtsv7M4_T_le_eabi.lib : fd_add_t2.obj (.text)
                  84012a0e    00000002     --HOLE-- [fill = 0]
                  84012a10    0000019c     sysbios.aem4 : BIOS.obj (.text:ti_sysbios_knl_Task_Module_startup__E)
                  84012bac    00000004     ti.targets.arm.rtsarm.aem4 : System.oem4 (.text:xdc_runtime_System_printf_va__F)
                  84012bb0    00000174     sysbios.aem4 : BIOS.obj (.text:ti_sysbios_family_arm_m3_Hwi_excBusFault__I)
                  84012d24    0000016c     edma3_lld_drv_sample.aem4 : sample_arm_init.oem4 (.text)
                  84012e90    00000164     sysbios.aem4 : BIOS.obj (.text:ti_sysbios_family_arm_m3_Hwi_excUsageFault__I)
                  84012ff4    00000150     dma_misc_test.oem4 (.text)
                  84013144    00000004     ti.targets.arm.rtsarm.aem4 : System.oem4 (.text:xdc_runtime_System_snprintf_va__F)
                  84013148    00000150     sysbios.aem4 : BIOS.obj (.text:ti_sysbios_hal_unicache_Cache_inv__E)
                  84013298    0000014c                  : BIOS.obj (.text:ti_sysbios_family_shared_vayu_IntXbar_connect__E)
                  840133e4    00000004     ti.targets.arm.rtsarm.aem4 : System.oem4 (.text:xdc_runtime_System_sprintf_va__F)
                  840133e8    00000148     sysbios.aem4 : BIOS.obj (.text:ti_sysbios_family_arm_m3_Hwi_excMemFault__I)
                  84013530    00000140                  : BIOS.obj (.text:ti_sysbios_knl_Semaphore_post__E)
                  84013670    0000013c                  : BIOS.obj (.text:ti_sysbios_heaps_HeapMem_Instance_init__E)
                  840137ac    00000004     --HOLE-- [fill = 0]
                  840137b0    0000013c                  : BIOS.obj (.text:ti_sysbios_knl_Clock_workFunc__E)
                  840138ec    00000004     --HOLE-- [fill = 0]
                  840138f0    00000138                  : BIOS.obj (.text:ti_sysbios_family_arm_m3_Hwi_dispatchC__I)
                  84013a28    00000136     rtsv7M4_T_le_eabi.lib : fd_div_t2.obj (.text)
                  84013b5e    00000002     --HOLE-- [fill = 0]
                  84013b60    00000134                           : fputs.obj (.text)
                  84013c94    00000130     ti.targets.arm.rtsarm.aem4 : Error.oem4 (.text:xdc_runtime_Error_policyDefault__E)
                  84013dc4    00000004     --HOLE-- [fill = 0]
                  84013dc8    00000128     sysbios.aem4 : BIOS.obj (.text:ti_sysbios_hal_unicache_Cache_wbInv__E)
                  84013ef0    00000128                  : BIOS.obj (.text:ti_sysbios_hal_unicache_Cache_wb__E)
                  84014018    0000011c                  : BIOS.obj (.text:ti_sysbios_knl_Clock_Instance_init__E)
                  84014134    00000004     --HOLE-- [fill = 0]
                  84014138    0000011c                  : BIOS.obj (.text:ti_sysbios_knl_Swi_run__I)
                  84014254    000000fc     rtsv7M4_T_le_eabi.lib : fd_mul_t2.obj (.text)
                  84014350    000000f8     ti.targets.arm.rtsarm.aem4 : Startup.oem4 (.text:xdc_runtime_Startup_startMods__I)
                  84014448    000000e8                                : Core-mem.oem4 (.text:xdc_runtime_Core_createObject__I)
                  84014530    000000dc     rtsv7M4_T_le_eabi.lib : setvbuf.obj (.text)
                  8401460c    000000d0                           : s_scalbn.obj (.text)
                  840146dc    00000004     --HOLE-- [fill = 0]
                  840146e0    000000d0     sysbios.aem4 : BIOS.obj (.text:ti_sysbios_family_arm_ducati_GateDualCore_enter__E)
                  840147b0    000000d0                  : BIOS.obj (.text:ti_sysbios_family_arm_m3_Hwi_Module_startup__E)
                  84014880    000000cc                  : m3_Hwi_asm.obj (.text:ti_sysbios_family_arm_m3_Hwi_dispatch__I)
                  8401494c    000000cc     ti.targets.arm.rtsarm.aem4 : Core-smem.oem4 (.text:xdc_runtime_Core_constructObject__I)
                  84014a18    000000c8     rtsv7M4_T_le_eabi.lib : fflush.obj (.text)
                  84014ae0    000000c4     sysbios.aem4 : BIOS.obj (.text:ti_sysbios_knl_Swi_Instance_init__E)
                  84014ba4    00000004     --HOLE-- [fill = 0]
                  84014ba8    000000c4                  : BIOS.obj (.text:ti_sysbios_knl_Task_schedule__I)
                  84014c6c    00000004     --HOLE-- [fill = 0]
                  84014c70    000000c0                  : BIOS.obj (.text:ti_sysbios_knl_Task_exit__E)
                  84014d30    000000bc                  : BIOS.obj (.text:ti_sysbios_family_arm_m3_Hwi_excDebugMon__I)
                  84014dec    00000004     --HOLE-- [fill = 0]
                  84014df0    000000bc                  : BIOS.obj (.text:ti_sysbios_family_arm_m3_Hwi_excHardFault__I)
                  84014eac    00000004     --HOLE-- [fill = 0]
                  84014eb0    000000bc                  : BIOS.obj (.text:ti_sysbios_knl_Task_startCore__E)
                  84014f6c    00000004     --HOLE-- [fill = 0]
                  84014f70    000000b4                  : BIOS.obj (.text:ti_sysbios_family_arm_ducati_Timer_startup__E)
                  84015024    00000004     --HOLE-- [fill = 0]
                  84015028    000000b4                  : BIOS.obj (.text:ti_sysbios_family_shared_vayu_IntXbar_initXbarRegs__I)
                  840150dc    00000004     --HOLE-- [fill = 0]
                  840150e0    000000b4                  : BIOS.obj (.text:ti_sysbios_gates_GateMutex_enter__E)
                  84015194    00000004     --HOLE-- [fill = 0]
                  84015198    000000b0                  : BIOS.obj (.text:ti_sysbios_knl_Task_postInit__I)
                  84015248    000000ac     rtsv7M4_T_le_eabi.lib : _io_perm.obj (.text)
                  840152f4    00000004     --HOLE-- [fill = 0]
                  840152f8    000000ac     sysbios.aem4 : BIOS.obj (.text:ti_sysbios_knl_Swi_post__E)
                  840153a4    00000004     --HOLE-- [fill = 0]
                  840153a8    000000a8                  : BIOS.obj (.text:ti_sysbios_knl_Task_blockI__E)
                  84015450    000000a4                  : BIOS.obj (.text:ti_sysbios_knl_Clock_Instance_finalize__E)
                  840154f4    000000a0     auto_init.aem4 : auto_init.oem4 (.text)
                  84015594    00000004     --HOLE-- [fill = 0]
                  84015598    000000a0     sysbios.aem4 : BIOS.obj (.text:ti_sysbios_family_arm_ducati_Timer_trigger__E)
                  84015638    0000009c     rtsv7M4_T_le_eabi.lib : memcpy_t2.obj (.text)
                  840156d4    00000004     --HOLE-- [fill = 0]
                  840156d8    0000009c     sysbios.aem4 : BIOS.obj (.text:ti_sysbios_knl_Semaphore_Instance_init__E)
                  84015774    0000009a     ti.targets.arm.rtsarm.aem4 : Text.oem4 (.text:xdc_runtime_Text_putSite__E)
                  8401580e    00000002     --HOLE-- [fill = 0]
                  84015810    00000098     rtsv7M4_T_le_eabi.lib : fclose.obj (.text)
                  840158a8    00000098                           : fputc.obj (.text)
                  84015940    00000098     ti.targets.arm.rtsarm.aem4 : Text.oem4 (.text:xdc_runtime_Text_putMod__E)
                  840159d8    00000094     common.oem4 (.text)
                  84015a6c    00000090     edma3_lld_drv_sample.aem4 : sample_tda2xx_cfg.oem4 (.text)
                  84015afc    00000004     --HOLE-- [fill = 0]
                  84015b00    00000090     sysbios.aem4 : BIOS.obj (.text:ti_sysbios_family_arm_ducati_GateDualCore_Instance_init__E)
                  84015b90    00000090                  : BIOS.obj (.text:ti_sysbios_knl_Task_unblockI__E)
                  84015c20    0000008c                  : BIOS.obj (.text:ti_sysbios_family_arm_m3_Hwi_Instance_init__E)
                  84015cac    00000004     --HOLE-- [fill = 0]
                  84015cb0    00000088                  : BIOS.obj (.text:ti_sysbios_family_arm_ducati_Timer_setPeriod__E)
                  84015d38    00000088                  : BIOS.obj (.text:ti_sysbios_family_arm_m3_Hwi_initNVIC__E)
                  84015dc0    00000086     rtsv7M4_T_le_eabi.lib : fd_cmp_t2.obj (.text:__aeabi_cdcmple)
                  84015e46    00000086                           : fd_cmp_t2.obj (.text:__aeabi_cdrcmple)
                  84015ecc    00000004     --HOLE-- [fill = 0]
                  84015ed0    00000084     sysbios.aem4 : BIOS.obj (.text:ti_sysbios_family_arm_m3_Hwi_postInit__I)
                  84015f54    00000004     --HOLE-- [fill = 0]
                  84015f58    00000080                  : BIOS.obj (.text:ti_sysbios_family_shared_vayu_IntXbar_initIntXbar__I)
                  84015fd8    0000007c                  : BIOS.obj (.text:ti_sysbios_family_arm_ducati_GateDualCore_Module_startup__E)
                  84016054    00000004     --HOLE-- [fill = 0]
                  84016058    0000007c                  : BIOS.obj (.text:ti_sysbios_family_arm_ducati_Timer_getExpiredCounts__E)
                  840160d4    0000007a     rtsv7M4_T_le_eabi.lib : memset_t2.obj (.text)
                  8401614e    00000002     --HOLE-- [fill = 0]
                  84016150    00000078     sysbios.aem4 : BIOS.obj (.text:ti_sysbios_family_arm_ducati_Timer_start__E)
                  840161c8    00000074                  : BIOS.obj (.text:ti_sysbios_knl_Clock_start__E)
                  8401623c    00000070     rtsv7M4_T_le_eabi.lib : printf.obj (.text)
                  840162ac    00000004     --HOLE-- [fill = 0]
                  840162b0    00000070     sysbios.aem4 : BIOS.obj (.text:ti_sysbios_family_arm_ducati_Timer_setPeriodMicroSecs__E)
                  84016320    00000070     ti.targets.arm.rtsarm.aem4 : Error.oem4 (.text:xdc_runtime_Error_print__E)
                  84016390    0000006d                                : System.oem4 (.text:xdc_runtime_System_formatNum__I)
                  840163fd    00000003     --HOLE-- [fill = 0]
                  84016400    0000006c     sysbios.aem4 : BIOS.obj (.text:ti_sysbios_knl_Swi_restoreHwi__E)
                  8401646c    0000006c     ti.targets.arm.rtsarm.aem4 : Memory.oem4 (.text:xdc_runtime_Memory_alloc__E)
                  840164d8    00000068     rtsv7M4_T_le_eabi.lib : trgmsg.obj (.text)
                  84016540    00000068     sysbios.aem4 : BIOS.obj (.text:ti_sysbios_family_arm_ducati_Timer_Module_startup__E)
                  840165a8    00000068                  : BIOS.obj (.text:ti_sysbios_family_arm_ducati_Timer_getStatus__E)
                  84016610    00000066     ti.targets.arm.rtsarm.aem4 : Core-mem.oem4 (.text:xdc_runtime_Core_deleteObject__I)
                  84016676    00000002     --HOLE-- [fill = 0]
                  84016678    00000064     rtsv7M4_T_le_eabi.lib : fseek.obj (.text)
                  840166dc    00000004     --HOLE-- [fill = 0]
                  840166e0    00000060     sysbios.aem4 : BIOS.obj (.text:ti_sysbios_family_arm_ducati_Timer_initDevice__I)
                  84016740    00000060                  : BIOS.obj (.text:ti_sysbios_knl_Clock_logTick__E)
                  840167a0    0000005c     rtsv7M4_T_le_eabi.lib : s_frexp.obj (.text)
                  840167fc    00000004     --HOLE-- [fill = 0]
                  84016800    0000005c     sysbios.aem4 : BIOS.obj (.text:ti_sysbios_family_arm_m3_Hwi_restoreInterrupt__E)
                  8401685c    00000004     --HOLE-- [fill = 0]
                  84016860    0000005c                  : BIOS.obj (.text:ti_sysbios_knl_Swi_schedule__I)
                  840168bc    0000005b     ti.targets.arm.rtsarm.aem4 : Text.oem4 (.text:xdc_runtime_Text_putLab__E)
                  84016917    00000001     --HOLE-- [fill = 0]
                  84016918    00000058     sysbios.aem4 : BIOS.obj (.text:ti_sysbios_heaps_HeapMem_alloc__E)
                  84016970    00000054     rtsv7M4_T_le_eabi.lib : exit.obj (.text)
                  840169c4    00000054                           : ltoa.obj (.text)
                  84016a18    00000054     sysbios.aem4 : BIOS.obj (.text:ti_sysbios_knl_Swi_Instance_finalize__E)
                  84016a6c    00000054     ti.targets.arm.rtsarm.aem4 : Assert.oem4 (.text:xdc_runtime_Assert_raise__I)
                  84016ac0    00000050                                : Startup.oem4 (.text:xdc_runtime_Startup_exec__E)
                  84016b10    00000050                                : Text.oem4 (.text:xdc_runtime_Text_visitRope2__I)
                  84016b60    0000004c     rtsv7M4_T_le_eabi.lib : atoi.obj (.text)
                  84016bac    0000004c                           : cpy_tbl.obj (.text)
                  84016bf8    0000004c     sysbios.aem4 : BIOS.obj (.text:ti_sysbios_family_arm_ducati_Timer_Instance_finalize__E)
                  84016c44    0000004c                  : m3_TaskSupport_asm.obj (.text:ti_sysbios_family_arm_m3_TaskSupport_buildTaskStack)
                  84016c90    0000004c                  : BIOS.obj (.text:ti_sysbios_heaps_HeapMem_getStats__E)
                  84016cdc    00000004     --HOLE-- [fill = 0]
                  84016ce0    0000004c                  : BIOS.obj (.text:ti_sysbios_knl_Swi_runLoop__I)
                  84016d2c    00000004     --HOLE-- [fill = 0]
                  84016d30    0000004c                  : BIOS.obj (.text:ti_sysbios_knl_Task_allBlockedFunction__I)
                  84016d7c    00000048     rtsv7M4_T_le_eabi.lib : fd_toi_t2.obj (.text)
                  84016dc4    00000004     --HOLE-- [fill = 0]
                  84016dc8    00000048     sysbios.aem4 : BIOS.obj (.text:ti_sysbios_family_arm_m3_Hwi_disableInterrupt__E)
                  84016e10    00000048                  : BIOS.obj (.text:ti_sysbios_family_arm_m3_Hwi_enableInterrupt__E)
                  84016e58    00000048                  : BIOS.obj (.text:ti_sysbios_family_arm_m3_Hwi_excReserved__I)
                  84016ea0    00000048                  : m3_Hwi_asm_switch.obj (.text:ti_sysbios_family_arm_m3_Hwi_initStacks__E)
                  84016ee8    00000048                  : BIOS.obj (.text:ti_sysbios_hal_unicache_Cache_wbInvAll__E)
                  84016f30    00000046     ti.targets.arm.rtsarm.aem4 : Core-params.oem4 (.text:xdc_runtime_Core_assignParams__I)
                  84016f76    00000002     --HOLE-- [fill = 0]
                  84016f78    00000044     boot.aem4 : boot.oem4 (.text)
                  84016fbc    00000004     --HOLE-- [fill = 0]
                  84016fc0    00000044     sysbios.aem4 : BIOS.obj (.text:ti_sysbios_family_arm_ducati_Timer_oneShotStub__E)
                  84017004    00000004     --HOLE-- [fill = 0]
                  84017008    00000044                  : BIOS.obj (.text:ti_sysbios_family_arm_m3_Hwi_getStackInfo__E)
                  8401704c    00000004     --HOLE-- [fill = 0]
                  84017050    00000044                  : BIOS.obj (.text:ti_sysbios_hal_unicache_Cache_wbAll__E)
                  84017094    00000044     ti.targets.arm.rtsarm.aem4 : Error.oem4 (.text:xdc_runtime_Error_setX__E)
                  840170d8    00000044                                : SysMin.oem4 (.text:xdc_runtime_SysMin_flush__E)
                  8401711c    00000044                                : Text.oem4 (.text:xdc_runtime_Text_xprintf__I)
                  84017160    00000040     rtsv7M4_T_le_eabi.lib : u_divt2.obj (.text)
                  840171a0    00000040     sysbios.aem4 : BIOS.obj (.text:ti_sysbios_family_arm_ducati_Timer_getFreq__E)
                  840171e0    00000040                  : BIOS.obj (.text:ti_sysbios_hal_unicache_Cache_seizeRegs__I)
                  84017220    0000003c                  : BIOS.obj (.text:ti_sysbios_family_arm_ducati_Core_Module_startup__E)
                  8401725c    00000004     --HOLE-- [fill = 0]
                  84017260    0000003c                  : BIOS.obj (.text:ti_sysbios_family_arm_m3_Hwi_Instance_finalize__E)
                  8401729c    00000004     --HOLE-- [fill = 0]
                  840172a0    0000003c                  : BIOS.obj (.text:ti_sysbios_family_arm_m3_Hwi_excSvCall__I)
                  840172dc    00000004     --HOLE-- [fill = 0]
                  840172e0    0000003c                  : BIOS.obj (.text:ti_sysbios_hal_unicache_Cache_disable__E)
                  8401731c    00000004     --HOLE-- [fill = 0]
                  84017320    0000003c                  : BIOS.obj (.text:ti_sysbios_hal_unicache_Cache_enable__E)
                  8401735c    00000004     --HOLE-- [fill = 0]
                  84017360    0000003c                  : BIOS.obj (.text:ti_sysbios_heaps_HeapMem_init__I)
                  8401739c    00000004     --HOLE-- [fill = 0]
                  840173a0    0000003c                  : BIOS.obj (.text:ti_sysbios_knl_Swi_startup__E)
                  840173dc    00000004     --HOLE-- [fill = 0]
                  840173e0    00000038                  : BIOS.obj (.text:ti_sysbios_family_arm_m3_Hwi_excNoIsr__I)
                  84017418    00000038                  : BIOS.obj (.text:ti_sysbios_knl_Task_processVitalTaskFlag__I)
                  84017450    00000038     ti.targets.arm.rtsarm.aem4 : SysMin.oem4 (.text:xdc_runtime_SysMin_putch__E)
                  84017488    00000038                                : System.oem4 (.text:xdc_runtime_System_atexit__E)
                  840174c0    00000036     rtsv7M4_T_le_eabi.lib : strncpy.obj (.text)
                  840174f6    00000002     --HOLE-- [fill = 0]
                  840174f8    00000034     sysbios.aem4 : BIOS.obj (.text:ti_sysbios_family_arm_m3_Hwi_excNmi__I)
                  8401752c    00000034     ti.targets.arm.rtsarm.aem4 : Core-label.oem4 (.text:xdc_runtime_Core_assignLabel__I)
                  84017560    00000033                                : Text.oem4 (.text:xdc_runtime_Text_printVisFxn__I)
                  84017593    00000005     --HOLE-- [fill = 0]
                  84017598    00000032     sysbios.aem4 : BIOS.obj (.text:ti_sysbios_knl_Semaphore_pendTimeout__I)
                  840175ca    00000006                  : m3_Hwi_asm_switch.obj (.text:ti_sysbios_family_arm_m3_Hwi_getTaskSP__E)
                  840175d0    00000030                  : BIOS.obj (.text:ti_sysbios_family_arm_ducati_Timer_stop__E)
                  84017600    00000030                  : BIOS.obj (.text:ti_sysbios_heaps_HeapMem_free__E)
                  84017630    00000030     ti.targets.arm.rtsarm.aem4 : SysMin.oem4 (.text:xdc_runtime_SysMin_abort__E)
                  84017660    00000030                                : System.oem4 (.text:xdc_runtime_System_processAtExit__E)
                  84017690    0000002e     rtsv7M4_T_le_eabi.lib : i_tofd_t2.obj (.text)
                  840176be    00000002     --HOLE-- [fill = 0]
                  840176c0    0000002c                           : assert.obj (.text)
                  840176ec    00000004     --HOLE-- [fill = 0]
                  840176f0    0000002c     sysbios.aem4 : BIOS.obj (.text:ti_sysbios_knl_Task_restore__E)
                  8401771c    0000002c     ti.targets.arm.rtsarm.aem4 : Text.oem4 (.text:xdc_runtime_Text_cordText__E)
                  84017748    0000002a                                : System.oem4 (.text:xdc_runtime_System_putchar__I)
                  84017772    00000006                                : System.oem4 (.text:xdc_runtime_System_Module_startup__E)
                  84017778    00000028     sysbios.aem4 : BIOS.obj (.text:ti_sysbios_hal_unicache_Cache_wait__E)
                  840177a0    00000028                  : BIOS.obj (.text:ti_sysbios_knl_Swi_Module_startup__E)
                  840177c8    00000026     ti.targets.arm.rtsarm.aem4 : System.oem4 (.text:xdc_runtime_System_avprintf__E)
                  840177ee    00000002     --HOLE-- [fill = 0]
                  840177f0    00000024     sysbios.aem4 : BIOS.obj (.text:ti_sysbios_family_arm_m3_Hwi_doTaskRestore__I)
                  84017814    00000004     --HOLE-- [fill = 0]
                  84017818    00000024                  : BIOS.obj (.text:ti_sysbios_knl_Clock_Module_startup__E)
                  8401783c    00000024     ti.targets.arm.rtsarm.aem4 : System.oem4 (.text:xdc_runtime_System_vprintf__E)
                  84017860    00000020     rtsv7M4_T_le_eabi.lib : memchr.obj (.text)
                  84017880    00000020     sysbios.aem4 : BIOS.obj (.text:ti_sysbios_family_arm_ducati_Timer_getCount__E)
                  840178a0    00000020                  : BIOS.obj (.text:ti_sysbios_family_arm_m3_Hwi_clearInterrupt__E)
                  840178c0    00000020                  : m3_Hwi_asm.obj (.text:ti_sysbios_family_arm_m3_Hwi_excHandlerAsm__I)
                  840178e0    00000020                  : BIOS.obj (.text:ti_sysbios_family_arm_m3_Hwi_excHandler__I)
                  84017900    00000020                  : BIOS.obj (.text:ti_sysbios_hal_Hwi_Instance_init__E)
                  84017920    00000020                  : BIOS.obj (.text:ti_sysbios_knl_Idle_run__E)
                  84017940    00000020     ti.targets.arm.rtsarm.aem4 : Registry.oem4 (.text:xdc_runtime_Registry_findById__E)
                  84017960    00000020                                : SysMin.oem4 (.text:xdc_runtime_SysMin_Module_startup__E)
                  84017980    0000001e     sysbios.aem4 : m3_Hwi_asm_switch.obj (.text:ti_sysbios_family_xxx_Hwi_switchAndRunFunc)
                  8401799e    0000001c     rtsv7M4_T_le_eabi.lib : memccpy.obj (.text)
                  840179ba    00000006     --HOLE-- [fill = 0]
                  840179c0    0000001c     sysbios.aem4 : BIOS.obj (.text:ti_sysbios_family_arm_ducati_Timer_periodicStub__E)
                  840179dc    00000004     --HOLE-- [fill = 0]
                  840179e0    0000001c                  : BIOS.obj (.text:ti_sysbios_family_arm_m3_TaskSupport_start__E)
                  840179fc    00000004     --HOLE-- [fill = 0]
                  84017a00    0000001c                  : BIOS.obj (.text:ti_sysbios_gates_GateMutex_Instance_init__E)
                  84017a1c    00000004     --HOLE-- [fill = 0]
                  84017a20    0000001c                  : BIOS.obj (.text:ti_sysbios_knl_Task_enter__I)
                  84017a3c    0000001c     ti.targets.arm.rtsarm.aem4 : Error.oem4 (.text:xdc_runtime_Error_check__E)
                  84017a58    0000001c                                : Error.oem4 (.text:xdc_runtime_Error_raiseX__E)
                  84017a74    0000001c                                : Memory.oem4 (.text:xdc_runtime_Memory_valloc__E)
                  84017a90    0000001c                                : SysMin.oem4 (.text:xdc_runtime_SysMin_exit__E)
                  84017aac    0000001c                                : System.oem4 (.text:xdc_runtime_System_abort__E)
                  84017ac8    0000001a     sysbios.aem4 : m3_Hwi_asm.obj (.text:ti_sysbios_family_arm_m3_Hwi_pendSV__I)
                  84017ae2    00000002     --HOLE-- [fill = 0]
                  84017ae4    00000018     rtsv7M4_T_le_eabi.lib : args_main.obj (.text)
                  84017afc    00000018                           : strcmp.obj (.text)
                  84017b14    00000004     --HOLE-- [fill = 0]
                  84017b18    00000018     sysbios.aem4 : BIOS.obj (.text:ti_sysbios_family_arm_m3_TaskSupport_stackUsed__E)
                  84017b30    00000018                  : BIOS.obj (.text:ti_sysbios_gates_GateMutex_leave__E)
                  84017b48    00000018     ti.targets.arm.rtsarm.aem4 : Error.oem4 (.text:xdc_runtime_Error_init__E)
                  84017b60    00000018                                : System.oem4 (.text:xdc_runtime_System_exit__E)
                  84017b78    00000018                                : Text.oem4 (.text:xdc_runtime_Text_ropeText__E)
                  84017b90    00000016     rtsv7M4_T_le_eabi.lib : strchr.obj (.text)
                  84017ba6    00000016     ti.targets.arm.rtsarm.aem4 : System.oem4 (.text:xdc_runtime_System_avsprintf__E)
                  84017bbc    00000016                                : System.oem4 (.text:xdc_runtime_System_vsprintf__E)
                  84017bd2    00000002     --HOLE-- [fill = 0]
                  84017bd4    00000014     rtsv7M4_T_le_eabi.lib : _lock.obj (.text)
                  84017be8    00000014                           : strcpy.obj (.text)
                  84017bfc    00000014                           : strlen.obj (.text)
                  84017c10    00000014     sysbios.aem4 : BIOS.obj (.text:ti_sysbios_family_arm_m3_Hwi_switchFromBootStack__E)
                  84017c24    00000004     --HOLE-- [fill = 0]
                  84017c28    00000012                  : BIOS.obj (.text:ti_sysbios_family_arm_ducati_Timer_setFunc__E)
                  84017c3a    00000006     --HOLE-- [fill = 0]
                  84017c40    00000012                  : BIOS.obj (.text:ti_sysbios_hal_Hwi_Module_startup__E)
                  84017c52    00000006     --HOLE-- [fill = 0]
                  84017c58    00000010                  : BIOS.obj (.text:ti_sysbios_BIOS_setThreadType__E)
                  84017c68    00000010                  : BIOS.obj (.text:ti_sysbios_BIOS_start__E)
                  84017c78    00000010                  : BIOS.obj (.text:ti_sysbios_family_arm_m3_Hwi_post__E)
                  84017c88    00000010                  : m3_TaskSupport_asm.obj (.text:ti_sysbios_family_arm_m3_TaskSupport_glue)
                  84017c98    00000010                  : m3_TaskSupport_asm.obj (.text:ti_sysbios_family_arm_m3_TaskSupport_swap__E)
                  84017ca8    00000010                  : BIOS.obj (.text:ti_sysbios_gates_GateMutex_Instance_finalize__E)
                  84017cb8    00000010                  : BIOS.obj (.text:ti_sysbios_knl_Semaphore_Instance_finalize__E)
                  84017cc8    00000010                  : BIOS.obj (.text:ti_sysbios_knl_Swi_disable__E)
                  84017cd8    00000010                  : BIOS.obj (.text:ti_sysbios_knl_Task_disable__E)
                  84017ce8    00000010     ti.targets.arm.rtsarm.aem4 : Gate.oem4 (.text:xdc_runtime_Gate_leaveSystem__E)
                  84017cf8    00000010                                : Memory.oem4 (.text:xdc_runtime_Memory_free__E)
                  84017d08    00000010                                : SysMin.oem4 (.text:xdc_runtime_SysMin_ready__E)
                  84017d18    00000010                                : System.oem4 (.text:xdc_runtime_System_vsnprintf__E)
                  84017d28    0000000e     sysbios.aem4 : BIOS.obj (.text:ti_sysbios_knl_Idle_loop__E)
                  84017d36    00000002     --HOLE-- [fill = 0]
                  84017d38    0000000e                  : BIOS.obj (.text:ti_sysbios_knl_Queue_empty__E)
                  84017d46    00000002     --HOLE-- [fill = 0]
                  84017d48    0000000c                  : BIOS.obj (.text:ti_sysbios_family_arm_ducati_Core_getIpuId__E)
                  84017d54    00000004     --HOLE-- [fill = 0]
                  84017d58    0000000c                  : BIOS.obj (.text:ti_sysbios_family_arm_ducati_Core_startCore1__I)
                  84017d64    00000004     --HOLE-- [fill = 0]
                  84017d68    0000000c                  : BIOS.obj (.text:ti_sysbios_family_arm_ducati_GateDualCore_leave__E)
                  84017d74    00000004     --HOLE-- [fill = 0]
                  84017d78    0000000c                  : BIOS.obj (.text:ti_sysbios_family_arm_m3_Hwi_disableFxn__E)
                  84017d84    00000004     --HOLE-- [fill = 0]
                  84017d88    0000000c                  : BIOS.obj (.text:ti_sysbios_family_arm_m3_Hwi_enableFxn__E)
                  84017d94    00000004     --HOLE-- [fill = 0]
                  84017d98    0000000c                  : BIOS.obj (.text:ti_sysbios_family_arm_m3_TaskSupport_checkStack__E)
                  84017da4    00000004     --HOLE-- [fill = 0]
                  84017da8    0000000c                  : BIOS.obj (.text:ti_sysbios_family_arm_m3_TaskSupport_getDefaultStackSize__E)
                  84017db4    00000004     --HOLE-- [fill = 0]
                  84017db8    0000000c                  : BIOS.obj (.text:ti_sysbios_family_arm_m3_TaskSupport_getStackAlignment__E)
                  84017dc4    00000004     --HOLE-- [fill = 0]
                  84017dc8    0000000c                  : BIOS.obj (.text:ti_sysbios_gates_GateHwi_enter__E)
                  84017dd4    0000000c     ti.targets.arm.rtsarm.aem4 : Gate.oem4 (.text:xdc_runtime_Gate_enterSystem__E)
                  84017de0    0000000c                                : Memory.oem4 (.text:xdc_runtime_Memory_calloc__E)
                  84017dec    0000000c                                : Memory.oem4 (.text:xdc_runtime_Memory_getMaxDefaultTypeAlign__E)
                  84017df8    0000000c                                : Startup.oem4 (.text:xdc_runtime_Startup_rtsDone__E)
                  84017e04    0000000a     sysbios.aem4 : m3_IntrinsicsSupport_asm.obj (.text:ti_sysbios_family_arm_m3_IntrinsicsSupport_maxbit__E)
                  84017e0e    00000002     --HOLE-- [fill = 0]
                  84017e10    0000000a                  : BIOS.obj (.text:ti_sysbios_family_arm_m3_TaskSupport_getCheckValueAddr__E)
                  84017e1a    00000006     --HOLE-- [fill = 0]
                  84017e20    0000000a                  : BIOS.obj (.text:ti_sysbios_hal_Hwi_Instance_finalize__E)
                  84017e2a    00000008     rtsv7M4_T_le_eabi.lib : s_copysign.obj (.text)
                  84017e32    00000006     --HOLE-- [fill = 0]
                  84017e38    00000008     sysbios.aem4 : BIOS.obj (.text:ti_sysbios_family_arm_ducati_Timer_getFunc__E)
                  84017e40    00000008                  : BIOS.obj (.text:ti_sysbios_family_arm_m3_Hwi_doSwiRestore__I)
                  84017e48    00000008                  : BIOS.obj (.text:ti_sysbios_family_arm_m3_Hwi_getFunc__E)
                  84017e50    00000008                  : BIOS.obj (.text:ti_sysbios_family_arm_m3_Hwi_getHookContext__E)
                  84017e58    00000008                  : BIOS.obj (.text:ti_sysbios_family_arm_m3_Hwi_setHookContext__E)
                  84017e60    00000008                  : BIOS.obj (.text:ti_sysbios_family_arm_m3_Hwi_startup__E)
                  84017e68    00000006                  : BIOS.obj (.text:ti_sysbios_family_arm_m3_Hwi_restoreFxn__E)
                  84017e6e    00000002     --HOLE-- [fill = 0]
                  84017e70    00000006                  : BIOS.obj (.text:ti_sysbios_family_arm_m3_Hwi_setFunc__E)
                  84017e76    00000002     --HOLE-- [fill = 0]
                  84017e78    00000006                  : BIOS.obj (.text:ti_sysbios_gates_GateHwi_leave__E)
                  84017e7e    00000002     --HOLE-- [fill = 0]
                  84017e80    00000006                  : BIOS.obj (.text:ti_sysbios_heaps_HeapMem_isBlocking__E)
                  84017e86    00000002     --HOLE-- [fill = 0]
                  84017e88    00000006                  : BIOS.obj (.text:ti_sysbios_knl_Queue_Instance_init__E)
                  84017e8e    00000002     --HOLE-- [fill = 0]
                  84017e90    00000006                  : BIOS.obj (.text:ti_sysbios_knl_Task_enable__E)
                  84017e96    00000002     --HOLE-- [fill = 0]
                  84017e98    00000004                  : BIOS.obj (.text:ti_sysbios_family_arm_ducati_GateDualCore_query__E)
                  84017e9c    00000004     --HOLE-- [fill = 0]
                  84017ea0    00000004                  : BIOS.obj (.text:ti_sysbios_family_arm_ducati_Timer_getCurrentTick__E)
                  84017ea4    00000004     --HOLE-- [fill = 0]
                  84017ea8    00000004                  : BIOS.obj (.text:ti_sysbios_family_arm_ducati_Timer_getExpiredTicks__E)
                  84017eac    00000004     --HOLE-- [fill = 0]
                  84017eb0    00000004                  : BIOS.obj (.text:ti_sysbios_family_arm_ducati_Timer_getMaxTicks__E)
                  84017eb4    00000004     --HOLE-- [fill = 0]
                  84017eb8    00000004                  : BIOS.obj (.text:ti_sysbios_family_arm_ducati_Timer_getNumTimers__E)
                  84017ebc    00000004     --HOLE-- [fill = 0]
                  84017ec0    00000004                  : BIOS.obj (.text:ti_sysbios_family_arm_ducati_Timer_getPeriod__E)
                  84017ec4    00000004     --HOLE-- [fill = 0]
                  84017ec8    00000004                  : BIOS.obj (.text:ti_sysbios_family_arm_m3_Hwi_getIrp__E)
                  84017ecc    00000004     --HOLE-- [fill = 0]
                  84017ed0    00000004                  : BIOS.obj (.text:ti_sysbios_gates_GateHwi_query__E)
                  84017ed4    00000004     --HOLE-- [fill = 0]
                  84017ed8    00000004                  : BIOS.obj (.text:ti_sysbios_gates_GateMutex_query__E)
                  84017edc    00000004     --HOLE-- [fill = 0]
                  84017ee0    00000004                  : BIOS.obj (.text:ti_sysbios_hal_Cache_inv__E)
                  84017ee4    00000004     --HOLE-- [fill = 0]
                  84017ee8    00000004                  : BIOS.obj (.text:ti_sysbios_hal_Cache_wb__E)
                  84017eec    00000004     --HOLE-- [fill = 0]
                  84017ef0    00000004                  : BIOS.obj (.text:ti_sysbios_hal_Hwi_disableInterrupt__E)
                  84017ef4    00000004     --HOLE-- [fill = 0]
                  84017ef8    00000004                  : BIOS.obj (.text:ti_sysbios_hal_Hwi_enableInterrupt__E)
                  84017efc    00000004     --HOLE-- [fill = 0]
                  84017f00    00000004                  : BIOS.obj (.text:ti_sysbios_hal_Hwi_startup__E)
                  84017f04    00000004     --HOLE-- [fill = 0]
                  84017f08    00000004                  : BIOS.obj (.text:ti_sysbios_knl_Task_startup__E)
                  84017f0c    00000004     --HOLE-- [fill = 0]
                  84017f10    00000002                  : BIOS.obj (.text:ti_sysbios_BIOS_linkedWithIncorrectBootLibrary__E)
                  84017f12    00000006     --HOLE-- [fill = 0]
                  84017f18    00000002                  : BIOS.obj (.text:ti_sysbios_family_arm_ducati_Timer_setNextTick__E)
                  84017f1a    00000006     --HOLE-- [fill = 0]
                  84017f20    00000002                  : BIOS.obj (.text:ti_sysbios_gates_GateHwi_Instance_init__E)

.const     0    8503997c    00002b78     
                  8503997c    00001bee     edma3_drv_bios6_tda2xx_m4_c0_st_sample_pem4.oem4 (.const:xdc_runtime_Text_charTab__A)
                  8503b56a    00000002     edma3_drv_bios6_tda2xx_m4_c0_st_sample_pem4.oem4 (.const:ti_sysbios_family_arm_ducati_Core_Module__id__C)
                  8503b56c    000004b8     edma3_drv_bios6_tda2xx_m4_c0_st_sample_pem4.oem4 (.const:ti_sysbios_hal_ammu_AMMU_mmuInitConfig__C)
                  8503ba24    00000101     rtsv7M4_T_le_eabi.lib : ctype.obj (.const:.string:_ctypes_)
                  8503bb25    00000001     edma3_drv_bios6_tda2xx_m4_c0_st_sample_pem4.oem4 (.const:xdc_runtime_Error_policy__C)
                  8503bb26    000000d0     edma3_drv_bios6_tda2xx_m4_c0_st_sample_pem4.oem4 (.const:xdc_runtime_Text_nodeTab__A)
                  8503bbf6    00000002     edma3_drv_bios6_tda2xx_m4_c0_st_sample_pem4.oem4 (.const:ti_sysbios_family_arm_ducati_GateDualCore_Module__id__C)
                  8503bbf8    00000048     edma3_drv_bios6_tda2xx_m4_c0_st_sample_pem4.oem4 (.const:.string)
                  8503bc40    0000003c     edma3_drv_bios6_tda2xx_m4_c0_st_sample_pem4.oem4 (.const:ti_sysbios_knl_Task_Object__PARAMS__C)
                  8503bc7c    00000038     edma3_drv_bios6_tda2xx_m4_c0_st_sample_pem4.oem4 (.const:ti_sysbios_hal_unicache_Cache_Module__FXNS__C)
                  8503bcb4    00000035     edma3_lld_drv.aem4 : edma3_drv_basic.oem4 (.const:.string:edma3LldVersionStr)
                  8503bce9    00000001     --HOLE-- [fill = 0]
                  8503bcea    00000002     edma3_drv_bios6_tda2xx_m4_c0_st_sample_pem4.oem4 (.const:ti_sysbios_family_arm_ducati_GateDualCore_initGates__C)
                  8503bcec    00000034     edma3_drv_bios6_tda2xx_m4_c0_st_sample_pem4.oem4 (.const:ti_sysbios_family_arm_ducati_Timer_Object__PARAMS__C)
                  8503bd20    00000030     edma3_drv_bios6_tda2xx_m4_c0_st_sample_pem4.oem4 (.const:ti_sysbios_family_arm_m3_Hwi_Object__PARAMS__C)
                  8503bd50    0000002c     edma3_drv_bios6_tda2xx_m4_c0_st_sample_pem4.oem4 (.const:ti_sysbios_hal_Hwi_Object__PARAMS__C)
                  8503bd7c    0000002c     edma3_drv_bios6_tda2xx_m4_c0_st_sample_pem4.oem4 (.const:xdc_runtime_SysMin_Module__FXNS__C)
                  8503bda8    00000028     edma3_drv_bios6_tda2xx_m4_c0_st_sample_pem4.oem4 (.const:ti_sysbios_heaps_HeapMem_Module__FXNS__C)
                  8503bdd0    00000028     edma3_drv_bios6_tda2xx_m4_c0_st_sample_pem4.oem4 (.const:ti_sysbios_knl_Swi_Object__PARAMS__C)
                  8503bdf8    00000028     edma3_drv_bios6_tda2xx_m4_c0_st_sample_pem4.oem4 (.const:xdc_runtime_Startup_sfxnTab__A)
                  8503be20    00000024     edma3_drv_bios6_tda2xx_m4_c0_st_sample_pem4.oem4 (.const:ti_sysbios_family_arm_ducati_GateDualCore_Module__FXNS__C)
                  8503be44    00000024     edma3_drv_bios6_tda2xx_m4_c0_st_sample_pem4.oem4 (.const:ti_sysbios_gates_GateHwi_Module__FXNS__C)
                  8503be68    00000024     edma3_drv_bios6_tda2xx_m4_c0_st_sample_pem4.oem4 (.const:ti_sysbios_gates_GateMutex_Module__FXNS__C)
                  8503be8c    00000024     edma3_drv_bios6_tda2xx_m4_c0_st_sample_pem4.oem4 (.const:ti_sysbios_heaps_HeapMem_Object__PARAMS__C)
                  8503beb0    00000024     edma3_drv_bios6_tda2xx_m4_c0_st_sample_pem4.oem4 (.const:ti_sysbios_knl_Clock_Object__PARAMS__C)
                  8503bed4    00000024     edma3_drv_bios6_tda2xx_m4_c0_st_sample_pem4.oem4 (.const:ti_sysbios_knl_Semaphore_Object__PARAMS__C)
                  8503bef8    00000020     dma_link_test.oem4 (.const:$P$T0$1)
                  8503bf18    00000020     dma_ping_pong_test.oem4 (.const:$P$T0$1)
                  8503bf38    00000020     dma_test.oem4 (.const:$P$T0$1)
                  8503bf58    00000020     edma3_drv_bios6_tda2xx_m4_c0_st_sample_pem4.oem4 (.const:ti_sysbios_family_arm_ducati_GateDualCore_Object__DESC__C)
                  8503bf78    00000020     edma3_drv_bios6_tda2xx_m4_c0_st_sample_pem4.oem4 (.const:ti_sysbios_family_arm_ducati_Timer_Object__DESC__C)
                  8503bf98    00000020     edma3_drv_bios6_tda2xx_m4_c0_st_sample_pem4.oem4 (.const:ti_sysbios_family_arm_m3_Hwi_Object__DESC__C)
                  8503bfb8    00000020     edma3_drv_bios6_tda2xx_m4_c0_st_sample_pem4.oem4 (.const:ti_sysbios_gates_GateHwi_Object__DESC__C)
                  8503bfd8    00000020     edma3_drv_bios6_tda2xx_m4_c0_st_sample_pem4.oem4 (.const:ti_sysbios_gates_GateMutex_Object__DESC__C)
                  8503bff8    00000020     edma3_drv_bios6_tda2xx_m4_c0_st_sample_pem4.oem4 (.const:ti_sysbios_hal_Hwi_Object__DESC__C)
                  8503c018    00000020     edma3_drv_bios6_tda2xx_m4_c0_st_sample_pem4.oem4 (.const:ti_sysbios_heaps_HeapMem_Object__DESC__C)
                  8503c038    00000020     edma3_drv_bios6_tda2xx_m4_c0_st_sample_pem4.oem4 (.const:ti_sysbios_knl_Clock_Object__DESC__C)
                  8503c058    00000020     edma3_drv_bios6_tda2xx_m4_c0_st_sample_pem4.oem4 (.const:ti_sysbios_knl_Queue_Object__DESC__C)
                  8503c078    00000020     edma3_drv_bios6_tda2xx_m4_c0_st_sample_pem4.oem4 (.const:ti_sysbios_knl_Semaphore_Object__DESC__C)
                  8503c098    00000020     edma3_drv_bios6_tda2xx_m4_c0_st_sample_pem4.oem4 (.const:ti_sysbios_knl_Swi_Object__DESC__C)
                  8503c0b8    00000020     edma3_drv_bios6_tda2xx_m4_c0_st_sample_pem4.oem4 (.const:ti_sysbios_knl_Task_Object__DESC__C)
                  8503c0d8    0000001c     edma3_drv_bios6_tda2xx_m4_c0_st_sample_pem4.oem4 (.const:ti_sysbios_family_arm_ducati_GateDualCore_Object__PARAMS__C)
                  8503c0f4    0000001c     edma3_drv_bios6_tda2xx_m4_c0_st_sample_pem4.oem4 (.const:ti_sysbios_family_arm_m3_IntrinsicsSupport_Module__FXNS__C)
                  8503c110    00000018     edma3_drv_bios6_tda2xx_m4_c0_st_sample_pem4.oem4 (.const:ti_sysbios_gates_GateHwi_Object__PARAMS__C)
                  8503c128    00000018     edma3_drv_bios6_tda2xx_m4_c0_st_sample_pem4.oem4 (.const:ti_sysbios_gates_GateMutex_Object__PARAMS__C)
                  8503c140    00000018     edma3_drv_bios6_tda2xx_m4_c0_st_sample_pem4.oem4 (.const:ti_sysbios_knl_Queue_Object__PARAMS__C)
                  8503c158    00000014     edma3_drv_bios6_tda2xx_m4_c0_st_sample_pem4.oem4 (.const:xdc_runtime_Startup_sfxnRts__A)
                  8503c16c    0000000c     edma3_drv_bios6_tda2xx_m4_c0_st_sample_pem4.oem4 (.const:xdc_runtime_Startup_firstFxns__A)
                  8503c178    00000008     edma3_lld_drv_sample.aem4 : sample_tda2xx_cfg.oem4 (.const)
                  8503c180    00000008     edma3_drv_bios6_tda2xx_m4_c0_st_sample_pem4.oem4 (.const:ti_sysbios_family_arm_m3_Hwi_excHookFuncs__A)
                  8503c188    00000008     edma3_drv_bios6_tda2xx_m4_c0_st_sample_pem4.oem4 (.const:ti_sysbios_knl_Idle_funcList__C)
                  8503c190    00000008     edma3_drv_bios6_tda2xx_m4_c0_st_sample_pem4.oem4 (.const:xdc_runtime_Startup_firstFxns__C)
                  8503c198    00000008     edma3_drv_bios6_tda2xx_m4_c0_st_sample_pem4.oem4 (.const:xdc_runtime_Startup_lastFxns__C)
                  8503c1a0    00000004     dma_chain_test.oem4 (.const:$P$T0$1)
                  8503c1a4    00000004     edma3_lld_rm.aem4 : edma3_rm_gbl_data.oem4 (.const)
                  8503c1a8    00000004     edma3_drv_bios6_tda2xx_m4_c0_st_sample_pem4.oem4 (.const:ti_sysbios_BIOS_installedErrorHook__C)
                  8503c1ac    00000004     edma3_drv_bios6_tda2xx_m4_c0_st_sample_pem4.oem4 (.const:ti_sysbios_family_arm_ducati_Core_E_mismatchedIds__C)
                  8503c1b0    00000004     edma3_drv_bios6_tda2xx_m4_c0_st_sample_pem4.oem4 (.const:ti_sysbios_family_arm_ducati_Core_id__C)
                  8503c1b4    00000004     edma3_drv_bios6_tda2xx_m4_c0_st_sample_pem4.oem4 (.const:ti_sysbios_family_arm_ducati_Core_ipuId__C)
                  8503c1b8    00000004     edma3_drv_bios6_tda2xx_m4_c0_st_sample_pem4.oem4 (.const:ti_sysbios_family_arm_ducati_GateDualCore_A_nestedEnter__C)
                  8503c1bc    00000004     edma3_drv_bios6_tda2xx_m4_c0_st_sample_pem4.oem4 (.const:ti_sysbios_family_arm_ducati_GateDualCore_E_gateInUse__C)
                  8503c1c0    00000004     edma3_drv_bios6_tda2xx_m4_c0_st_sample_pem4.oem4 (.const:ti_sysbios_family_arm_ducati_GateDualCore_E_invalidIndex__C)
                  8503c1c4    00000004     edma3_drv_bios6_tda2xx_m4_c0_st_sample_pem4.oem4 (.const:ti_sysbios_family_arm_ducati_GateDualCore_Module__diagsEnabled__C)
                  8503c1c8    00000004     edma3_drv_bios6_tda2xx_m4_c0_st_sample_pem4.oem4 (.const:ti_sysbios_family_arm_ducati_GateDualCore_Module__diagsIncluded__C)
                  8503c1cc    00000004     edma3_drv_bios6_tda2xx_m4_c0_st_sample_pem4.oem4 (.const:ti_sysbios_family_arm_ducati_GateDualCore_Module__diagsMask__C)
                  8503c1d0    00000004     edma3_drv_bios6_tda2xx_m4_c0_st_sample_pem4.oem4 (.const:ti_sysbios_family_arm_ducati_GateDualCore_Object__count__C)
                  8503c1d4    00000004     edma3_drv_bios6_tda2xx_m4_c0_st_sample_pem4.oem4 (.const:ti_sysbios_family_arm_ducati_GateDualCore_Object__table__C)
                  8503c1d8    00000004     edma3_drv_bios6_tda2xx_m4_c0_st_sample_pem4.oem4 (.const:ti_sysbios_family_arm_ducati_GateDualCore_numGates__C)
                  8503c1dc    00000004     edma3_drv_bios6_tda2xx_m4_c0_st_sample_pem4.oem4 (.const:ti_sysbios_family_arm_ducati_Timer_E_cannotSupport__C)
                  8503c1e0    00000004     edma3_drv_bios6_tda2xx_m4_c0_st_sample_pem4.oem4 (.const:ti_sysbios_family_arm_ducati_Timer_E_invalidTimer__C)
                  8503c1e4    00000004     edma3_drv_bios6_tda2xx_m4_c0_st_sample_pem4.oem4 (.const:ti_sysbios_family_arm_ducati_Timer_E_notAvailable__C)
                  8503c1e8    00000004     edma3_drv_bios6_tda2xx_m4_c0_st_sample_pem4.oem4 (.const:ti_sysbios_family_arm_ducati_Timer_Module__diagsEnabled__C)
                  8503c1ec    00000004     edma3_drv_bios6_tda2xx_m4_c0_st_sample_pem4.oem4 (.const:ti_sysbios_family_arm_ducati_Timer_Module__diagsIncluded__C)
                  8503c1f0    00000004     edma3_drv_bios6_tda2xx_m4_c0_st_sample_pem4.oem4 (.const:ti_sysbios_family_arm_ducati_Timer_Module__diagsMask__C)
                  8503c1f4    00000004     edma3_drv_bios6_tda2xx_m4_c0_st_sample_pem4.oem4 (.const:ti_sysbios_family_arm_ducati_Timer_Object__count__C)
                  8503c1f8    00000004     edma3_drv_bios6_tda2xx_m4_c0_st_sample_pem4.oem4 (.const:ti_sysbios_family_arm_ducati_Timer_Object__table__C)
                  8503c1fc    00000004     edma3_drv_bios6_tda2xx_m4_c0_st_sample_pem4.oem4 (.const:ti_sysbios_family_arm_ducati_Timer_anyMask__C)
                  8503c200    00000004     edma3_drv_bios6_tda2xx_m4_c0_st_sample_pem4.oem4 (.const:ti_sysbios_family_arm_ducati_Timer_startupNeeded__C)
                  8503c204    00000004     edma3_drv_bios6_tda2xx_m4_c0_st_sample_pem4.oem4 (.const:ti_sysbios_family_arm_m3_Hwi_E_NMI__C)
                  8503c208    00000004     edma3_drv_bios6_tda2xx_m4_c0_st_sample_pem4.oem4 (.const:ti_sysbios_family_arm_m3_Hwi_E_alreadyDefined__C)
                  8503c20c    00000004     edma3_drv_bios6_tda2xx_m4_c0_st_sample_pem4.oem4 (.const:ti_sysbios_family_arm_m3_Hwi_E_busFault__C)
                  8503c210    00000004     edma3_drv_bios6_tda2xx_m4_c0_st_sample_pem4.oem4 (.const:ti_sysbios_family_arm_m3_Hwi_E_debugMon__C)
                  8503c214    00000004     edma3_drv_bios6_tda2xx_m4_c0_st_sample_pem4.oem4 (.const:ti_sysbios_family_arm_m3_Hwi_E_hardFault__C)
                  8503c218    00000004     edma3_drv_bios6_tda2xx_m4_c0_st_sample_pem4.oem4 (.const:ti_sysbios_family_arm_m3_Hwi_E_memFault__C)
                  8503c21c    00000004     edma3_drv_bios6_tda2xx_m4_c0_st_sample_pem4.oem4 (.const:ti_sysbios_family_arm_m3_Hwi_E_noIsr__C)
                  8503c220    00000004     edma3_drv_bios6_tda2xx_m4_c0_st_sample_pem4.oem4 (.const:ti_sysbios_family_arm_m3_Hwi_E_reserved__C)
                  8503c224    00000004     edma3_drv_bios6_tda2xx_m4_c0_st_sample_pem4.oem4 (.const:ti_sysbios_family_arm_m3_Hwi_E_svCall__C)
                  8503c228    00000004     edma3_drv_bios6_tda2xx_m4_c0_st_sample_pem4.oem4 (.const:ti_sysbios_family_arm_m3_Hwi_E_usageFault__C)
                  8503c22c    00000004     edma3_drv_bios6_tda2xx_m4_c0_st_sample_pem4.oem4 (.const:ti_sysbios_family_arm_m3_Hwi_LD_end__C)
                  8503c230    00000004     edma3_drv_bios6_tda2xx_m4_c0_st_sample_pem4.oem4 (.const:ti_sysbios_family_arm_m3_Hwi_LM_begin__C)
                  8503c234    00000004     edma3_drv_bios6_tda2xx_m4_c0_st_sample_pem4.oem4 (.const:ti_sysbios_family_arm_m3_Hwi_Module__diagsEnabled__C)
                  8503c238    00000004     edma3_drv_bios6_tda2xx_m4_c0_st_sample_pem4.oem4 (.const:ti_sysbios_family_arm_m3_Hwi_Module__diagsIncluded__C)
                  8503c23c    00000004     edma3_drv_bios6_tda2xx_m4_c0_st_sample_pem4.oem4 (.const:ti_sysbios_family_arm_m3_Hwi_Module__diagsMask__C)
                  8503c240    00000004     edma3_drv_bios6_tda2xx_m4_c0_st_sample_pem4.oem4 (.const:ti_sysbios_family_arm_m3_Hwi_Module__loggerFxn1__C)
                  8503c244    00000004     edma3_drv_bios6_tda2xx_m4_c0_st_sample_pem4.oem4 (.const:ti_sysbios_family_arm_m3_Hwi_Module__loggerFxn8__C)
                  8503c248    00000004     edma3_drv_bios6_tda2xx_m4_c0_st_sample_pem4.oem4 (.const:ti_sysbios_family_arm_m3_Hwi_Module__loggerObj__C)
                  8503c24c    00000004     edma3_drv_bios6_tda2xx_m4_c0_st_sample_pem4.oem4 (.const:ti_sysbios_family_arm_m3_Hwi_NUM_INTERRUPTS__C)
                  8503c250    00000004     edma3_drv_bios6_tda2xx_m4_c0_st_sample_pem4.oem4 (.const:ti_sysbios_family_arm_m3_Hwi_Object__count__C)
                  8503c254    00000004     edma3_drv_bios6_tda2xx_m4_c0_st_sample_pem4.oem4 (.const:ti_sysbios_family_arm_m3_Hwi_Object__table__C)
                  8503c258    00000004     edma3_drv_bios6_tda2xx_m4_c0_st_sample_pem4.oem4 (.const:ti_sysbios_family_arm_m3_Hwi_ccr__C)
                  8503c25c    00000004     edma3_drv_bios6_tda2xx_m4_c0_st_sample_pem4.oem4 (.const:ti_sysbios_family_arm_m3_Hwi_excHandlerFunc__C)
                  8503c260    00000004     edma3_drv_bios6_tda2xx_m4_c0_st_sample_pem4.oem4 (.const:ti_sysbios_family_arm_m3_Hwi_excHookFuncs__C)
                  8503c264    00000004     edma3_drv_bios6_tda2xx_m4_c0_st_sample_pem4.oem4 (.const:ti_sysbios_family_arm_m3_Hwi_nullIsrFunc__C)
                  8503c268    00000004     edma3_drv_bios6_tda2xx_m4_c0_st_sample_pem4.oem4 (.const:ti_sysbios_family_arm_m3_Hwi_priGroup__C)
                  8503c26c    00000004     edma3_drv_bios6_tda2xx_m4_c0_st_sample_pem4.oem4 (.const:ti_sysbios_family_arm_m3_TaskSupport_defaultStackSize__C)
                  8503c270    00000004     edma3_drv_bios6_tda2xx_m4_c0_st_sample_pem4.oem4 (.const:ti_sysbios_family_arm_m3_TaskSupport_stackAlignment__C)
                  8503c274    00000004     edma3_drv_bios6_tda2xx_m4_c0_st_sample_pem4.oem4 (.const:ti_sysbios_family_shared_vayu_IntXbar_A_badBenelliIpuId__C)
                  8503c278    00000004     edma3_drv_bios6_tda2xx_m4_c0_st_sample_pem4.oem4 (.const:ti_sysbios_family_shared_vayu_IntXbar_A_badBenelliXbarInstanceNum__C)
                  8503c27c    00000004     edma3_drv_bios6_tda2xx_m4_c0_st_sample_pem4.oem4 (.const:ti_sysbios_family_shared_vayu_IntXbar_A_badIntSourceIdx__C)
                  8503c280    00000004     edma3_drv_bios6_tda2xx_m4_c0_st_sample_pem4.oem4 (.const:ti_sysbios_family_shared_vayu_IntXbar_Module__diagsEnabled__C)
                  8503c284    00000004     edma3_drv_bios6_tda2xx_m4_c0_st_sample_pem4.oem4 (.const:ti_sysbios_family_shared_vayu_IntXbar_Module__diagsIncluded__C)
                  8503c288    00000004     edma3_drv_bios6_tda2xx_m4_c0_st_sample_pem4.oem4 (.const:ti_sysbios_family_shared_vayu_IntXbar_Module__diagsMask__C)
                  8503c28c    00000004     edma3_drv_bios6_tda2xx_m4_c0_st_sample_pem4.oem4 (.const:ti_sysbios_family_shared_vayu_IntXbar_mmrBaseAddr__C)
                  8503c290    00000004     edma3_drv_bios6_tda2xx_m4_c0_st_sample_pem4.oem4 (.const:ti_sysbios_gates_GateHwi_Object__count__C)
                  8503c294    00000004     edma3_drv_bios6_tda2xx_m4_c0_st_sample_pem4.oem4 (.const:ti_sysbios_gates_GateHwi_Object__table__C)
                  8503c298    00000004     edma3_drv_bios6_tda2xx_m4_c0_st_sample_pem4.oem4 (.const:ti_sysbios_gates_GateMutex_A_badContext__C)
                  8503c29c    00000004     edma3_drv_bios6_tda2xx_m4_c0_st_sample_pem4.oem4 (.const:ti_sysbios_gates_GateMutex_Instance_State_sem__O)
                  8503c2a0    00000004     edma3_drv_bios6_tda2xx_m4_c0_st_sample_pem4.oem4 (.const:ti_sysbios_gates_GateMutex_Module__diagsEnabled__C)
                  8503c2a4    00000004     edma3_drv_bios6_tda2xx_m4_c0_st_sample_pem4.oem4 (.const:ti_sysbios_gates_GateMutex_Module__diagsIncluded__C)
                  8503c2a8    00000004     edma3_drv_bios6_tda2xx_m4_c0_st_sample_pem4.oem4 (.const:ti_sysbios_gates_GateMutex_Module__diagsMask__C)
                  8503c2ac    00000004     edma3_drv_bios6_tda2xx_m4_c0_st_sample_pem4.oem4 (.const:ti_sysbios_gates_GateMutex_Object__count__C)
                  8503c2b0    00000004     edma3_drv_bios6_tda2xx_m4_c0_st_sample_pem4.oem4 (.const:ti_sysbios_gates_GateMutex_Object__table__C)
                  8503c2b4    00000004     edma3_drv_bios6_tda2xx_m4_c0_st_sample_pem4.oem4 (.const:ti_sysbios_hal_Hwi_Object__count__C)
                  8503c2b8    00000004     edma3_drv_bios6_tda2xx_m4_c0_st_sample_pem4.oem4 (.const:ti_sysbios_hal_Hwi_Object__table__C)
                  8503c2bc    00000004     edma3_drv_bios6_tda2xx_m4_c0_st_sample_pem4.oem4 (.const:ti_sysbios_hal_ammu_AMMU_numLargePages__C)
                  8503c2c0    00000004     edma3_drv_bios6_tda2xx_m4_c0_st_sample_pem4.oem4 (.const:ti_sysbios_hal_ammu_AMMU_numLinePages__C)
                  8503c2c4    00000004     edma3_drv_bios6_tda2xx_m4_c0_st_sample_pem4.oem4 (.const:ti_sysbios_hal_ammu_AMMU_numMediumPages__C)
                  8503c2c8    00000004     edma3_drv_bios6_tda2xx_m4_c0_st_sample_pem4.oem4 (.const:ti_sysbios_hal_ammu_AMMU_numSmallPages__C)
                  8503c2cc    00000004     edma3_drv_bios6_tda2xx_m4_c0_st_sample_pem4.oem4 (.const:ti_sysbios_hal_unicache_Cache_Module__gateObj__C)
                  8503c2d0    00000004     edma3_drv_bios6_tda2xx_m4_c0_st_sample_pem4.oem4 (.const:ti_sysbios_hal_unicache_Cache_l1ocpConfig__C)
                  8503c2d4    00000004     edma3_drv_bios6_tda2xx_m4_c0_st_sample_pem4.oem4 (.const:ti_sysbios_hal_unicache_Cache_l1secConfig__C)
                  8503c2d8    00000004     edma3_drv_bios6_tda2xx_m4_c0_st_sample_pem4.oem4 (.const:ti_sysbios_hal_unicache_Cache_l2ocpConfig__C)
                  8503c2dc    00000004     edma3_drv_bios6_tda2xx_m4_c0_st_sample_pem4.oem4 (.const:ti_sysbios_hal_unicache_Cache_l2secConfig__C)
                  8503c2e0    00000004     edma3_drv_bios6_tda2xx_m4_c0_st_sample_pem4.oem4 (.const:ti_sysbios_hal_unicache_Cache_maxLineModeBufSize__C)
                  8503c2e4    00000004     edma3_drv_bios6_tda2xx_m4_c0_st_sample_pem4.oem4 (.const:ti_sysbios_heaps_HeapMem_A_align__C)
                  8503c2e8    00000004     edma3_drv_bios6_tda2xx_m4_c0_st_sample_pem4.oem4 (.const:ti_sysbios_heaps_HeapMem_A_heapSize__C)
                  8503c2ec    00000004     edma3_drv_bios6_tda2xx_m4_c0_st_sample_pem4.oem4 (.const:ti_sysbios_heaps_HeapMem_A_invalidFree__C)
                  8503c2f0    00000004     edma3_drv_bios6_tda2xx_m4_c0_st_sample_pem4.oem4 (.const:ti_sysbios_heaps_HeapMem_A_zeroBlock__C)
                  8503c2f4    00000004     edma3_drv_bios6_tda2xx_m4_c0_st_sample_pem4.oem4 (.const:ti_sysbios_heaps_HeapMem_E_memory__C)
                  8503c2f8    00000004     edma3_drv_bios6_tda2xx_m4_c0_st_sample_pem4.oem4 (.const:ti_sysbios_heaps_HeapMem_Module__diagsEnabled__C)
                  8503c2fc    00000004     edma3_drv_bios6_tda2xx_m4_c0_st_sample_pem4.oem4 (.const:ti_sysbios_heaps_HeapMem_Module__diagsIncluded__C)
                  8503c300    00000004     edma3_drv_bios6_tda2xx_m4_c0_st_sample_pem4.oem4 (.const:ti_sysbios_heaps_HeapMem_Module__diagsMask__C)
                  8503c304    00000004     edma3_drv_bios6_tda2xx_m4_c0_st_sample_pem4.oem4 (.const:ti_sysbios_heaps_HeapMem_Module__gateObj__C)
                  8503c308    00000004     edma3_drv_bios6_tda2xx_m4_c0_st_sample_pem4.oem4 (.const:ti_sysbios_heaps_HeapMem_Object__count__C)
                  8503c30c    00000004     edma3_drv_bios6_tda2xx_m4_c0_st_sample_pem4.oem4 (.const:ti_sysbios_heaps_HeapMem_Object__table__C)
                  8503c310    00000004     edma3_drv_bios6_tda2xx_m4_c0_st_sample_pem4.oem4 (.const:ti_sysbios_heaps_HeapMem_reqAlign__C)
                  8503c314    00000004     edma3_drv_bios6_tda2xx_m4_c0_st_sample_pem4.oem4 (.const:ti_sysbios_interfaces_ICache_Interface__BASE__C)
                  8503c318    00000004     edma3_drv_bios6_tda2xx_m4_c0_st_sample_pem4.oem4 (.const:ti_sysbios_interfaces_IIntrinsicsSupport_Interface__BASE__C)
                  8503c31c    00000004     edma3_drv_bios6_tda2xx_m4_c0_st_sample_pem4.oem4 (.const:ti_sysbios_knl_Clock_A_badThreadType__C)
                  8503c320    00000004     edma3_drv_bios6_tda2xx_m4_c0_st_sample_pem4.oem4 (.const:ti_sysbios_knl_Clock_LM_begin__C)
                  8503c324    00000004     edma3_drv_bios6_tda2xx_m4_c0_st_sample_pem4.oem4 (.const:ti_sysbios_knl_Clock_LM_tick__C)
                  8503c328    00000004     edma3_drv_bios6_tda2xx_m4_c0_st_sample_pem4.oem4 (.const:ti_sysbios_knl_Clock_LW_delayed__C)
                  8503c32c    00000004     edma3_drv_bios6_tda2xx_m4_c0_st_sample_pem4.oem4 (.const:ti_sysbios_knl_Clock_Module_State_clockQ__O)
                  8503c330    00000004     edma3_drv_bios6_tda2xx_m4_c0_st_sample_pem4.oem4 (.const:ti_sysbios_knl_Clock_Module__diagsEnabled__C)
                  8503c334    00000004     edma3_drv_bios6_tda2xx_m4_c0_st_sample_pem4.oem4 (.const:ti_sysbios_knl_Clock_Module__diagsIncluded__C)
                  8503c338    00000004     edma3_drv_bios6_tda2xx_m4_c0_st_sample_pem4.oem4 (.const:ti_sysbios_knl_Clock_Module__diagsMask__C)
                  8503c33c    00000004     edma3_drv_bios6_tda2xx_m4_c0_st_sample_pem4.oem4 (.const:ti_sysbios_knl_Clock_Module__loggerFxn1__C)
                  8503c340    00000004     edma3_drv_bios6_tda2xx_m4_c0_st_sample_pem4.oem4 (.const:ti_sysbios_knl_Clock_Module__loggerFxn2__C)
                  8503c344    00000004     edma3_drv_bios6_tda2xx_m4_c0_st_sample_pem4.oem4 (.const:ti_sysbios_knl_Clock_Module__loggerObj__C)
                  8503c348    00000004     edma3_drv_bios6_tda2xx_m4_c0_st_sample_pem4.oem4 (.const:ti_sysbios_knl_Clock_Object__count__C)
                  8503c34c    00000004     edma3_drv_bios6_tda2xx_m4_c0_st_sample_pem4.oem4 (.const:ti_sysbios_knl_Clock_Object__table__C)
                  8503c350    00000004     edma3_drv_bios6_tda2xx_m4_c0_st_sample_pem4.oem4 (.const:ti_sysbios_knl_Queue_Object__count__C)
                  8503c354    00000004     edma3_drv_bios6_tda2xx_m4_c0_st_sample_pem4.oem4 (.const:ti_sysbios_knl_Queue_Object__table__C)
                  8503c358    00000004     edma3_drv_bios6_tda2xx_m4_c0_st_sample_pem4.oem4 (.const:ti_sysbios_knl_Semaphore_A_badContext__C)
[...]
8503c1b8  ti_sysbios_family_arm_ducati_GateDualCore_A_nestedEnter__C           
8503c1bc  ti_sysbios_family_arm_ducati_GateDualCore_E_gateInUse__C             
8503c1c0  ti_sysbios_family_arm_ducati_GateDualCore_E_invalidIndex__C          
8503c1c4  ti_sysbios_family_arm_ducati_GateDualCore_Module__diagsEnabled__C    
8503c1c8  ti_sysbios_family_arm_ducati_GateDualCore_Module__diagsIncluded__C   
8503c1cc  ti_sysbios_family_arm_ducati_GateDualCore_Module__diagsMask__C       
8503c1d0  ti_sysbios_family_arm_ducati_GateDualCore_Object__count__C           
8503c1d4  ti_sysbios_family_arm_ducati_GateDualCore_Object__table__C           
8503c1d8  ti_sysbios_family_arm_ducati_GateDualCore_numGates__C                
8503c1dc  ti_sysbios_family_arm_ducati_Timer_E_cannotSupport__C                
8503c1e0  ti_sysbios_family_arm_ducati_Timer_E_invalidTimer__C                 
8503c1e4  ti_sysbios_family_arm_ducati_Timer_E_notAvailable__C                 
8503c1e8  ti_sysbios_family_arm_ducati_Timer_Module__diagsEnabled__C           
8503c1ec  ti_sysbios_family_arm_ducati_Timer_Module__diagsIncluded__C          
8503c1f0  ti_sysbios_family_arm_ducati_Timer_Module__diagsMask__C              
8503c1f4  ti_sysbios_family_arm_ducati_Timer_Object__count__C                  
8503c1f8  ti_sysbios_family_arm_ducati_Timer_Object__table__C                  
8503c1fc  ti_sysbios_family_arm_ducati_Timer_anyMask__C                        
8503c200  ti_sysbios_family_arm_ducati_Timer_startupNeeded__C                  
8503c204  ti_sysbios_family_arm_m3_Hwi_E_NMI__C                                
8503c208  ti_sysbios_family_arm_m3_Hwi_E_alreadyDefined__C                     
8503c20c  ti_sysbios_family_arm_m3_Hwi_E_busFault__C                           
8503c210  ti_sysbios_family_arm_m3_Hwi_E_debugMon__C                           
8503c214  ti_sysbios_family_arm_m3_Hwi_E_hardFault__C                          
8503c218  ti_sysbios_family_arm_m3_Hwi_E_memFault__C                           
8503c21c  ti_sysbios_family_arm_m3_Hwi_E_noIsr__C                              
8503c220  ti_sysbios_family_arm_m3_Hwi_E_reserved__C                           
8503c224  ti_sysbios_family_arm_m3_Hwi_E_svCall__C                             
8503c228  ti_sysbios_family_arm_m3_Hwi_E_usageFault__C                         
8503c22c  ti_sysbios_family_arm_m3_Hwi_LD_end__C                               
8503c230  ti_sysbios_family_arm_m3_Hwi_LM_begin__C                             
8503c234  ti_sysbios_family_arm_m3_Hwi_Module__diagsEnabled__C                 
8503c238  ti_sysbios_family_arm_m3_Hwi_Module__diagsIncluded__C                
8503c23c  ti_sysbios_family_arm_m3_Hwi_Module__diagsMask__C                    
8503c240  ti_sysbios_family_arm_m3_Hwi_Module__loggerFxn1__C                   
8503c244  ti_sysbios_family_arm_m3_Hwi_Module__loggerFxn8__C                   
8503c248  ti_sysbios_family_arm_m3_Hwi_Module__loggerObj__C                    
8503c24c  ti_sysbios_family_arm_m3_Hwi_NUM_INTERRUPTS__C                       
8503c250  ti_sysbios_family_arm_m3_Hwi_Object__count__C                        
8503c254  ti_sysbios_family_arm_m3_Hwi_Object__table__C                        
8503c258  ti_sysbios_family_arm_m3_Hwi_ccr__C                                  
8503c25c  ti_sysbios_family_arm_m3_Hwi_excHandlerFunc__C                       
8503c260  ti_sysbios_family_arm_m3_Hwi_excHookFuncs__C                         
8503c264  ti_sysbios_family_arm_m3_Hwi_nullIsrFunc__C                          
8503c268  ti_sysbios_family_arm_m3_Hwi_priGroup__C                             
8503c26c  ti_sysbios_family_arm_m3_TaskSupport_defaultStackSize__C             
8503c270  ti_sysbios_family_arm_m3_TaskSupport_stackAlignment__C               
8503c274  ti_sysbios_family_shared_vayu_IntXbar_A_badBenelliIpuId__C           
8503c278  ti_sysbios_family_shared_vayu_IntXbar_A_badBenelliXbarInstanceNum__C 
8503c27c  ti_sysbios_family_shared_vayu_IntXbar_A_badIntSourceIdx__C           
8503c280  ti_sysbios_family_shared_vayu_IntXbar_Module__diagsEnabled__C        
8503c284  ti_sysbios_family_shared_vayu_IntXbar_Module__diagsIncluded__C       
8503c288  ti_sysbios_family_shared_vayu_IntXbar_Module__diagsMask__C           
8503c28c  ti_sysbios_family_shared_vayu_IntXbar_mmrBaseAddr__C                 
8503c290  ti_sysbios_gates_GateHwi_Object__count__C                            
8503c294  ti_sysbios_gates_GateHwi_Object__table__C                            
8503c298  ti_sysbios_gates_GateMutex_A_badContext__C                           
8503c29c  ti_sysbios_gates_GateMutex_Instance_State_sem__O                     
8503c2a0  ti_sysbios_gates_GateMutex_Module__diagsEnabled__C                   
8503c2a4  ti_sysbios_gates_GateMutex_Module__diagsIncluded__C                  
8503c2a8  ti_sysbios_gates_GateMutex_Module__diagsMask__C                      
8503c2ac  ti_sysbios_gates_GateMutex_Object__count__C                          
8503c2b0  ti_sysbios_gates_GateMutex_Object__table__C                          
8503c2b4  ti_sysbios_hal_Hwi_Object__count__C                                  
8503c2b8  ti_sysbios_hal_Hwi_Object__table__C                                  
8503c2bc  ti_sysbios_hal_ammu_AMMU_numLargePages__C                            
8503c2c0  ti_sysbios_hal_ammu_AMMU_numLinePages__C                             
8503c2c4  ti_sysbios_hal_ammu_AMMU_numMediumPages__C                           
8503c2c8  ti_sysbios_hal_ammu_AMMU_numSmallPages__C                            
8503c2cc  ti_sysbios_hal_unicache_Cache_Module__gateObj__C                     
8503c2d0  ti_sysbios_hal_unicache_Cache_l1ocpConfig__C                         
8503c2d4  ti_sysbios_hal_unicache_Cache_l1secConfig__C                         
8503c2d8  ti_sysbios_hal_unicache_Cache_l2ocpConfig__C                         
8503c2dc  ti_sysbios_hal_unicache_Cache_l2secConfig__C                         
8503c2e0  ti_sysbios_hal_unicache_Cache_maxLineModeBufSize__C                  
8503c2e4  ti_sysbios_heaps_HeapMem_A_align__C                                  
8503c2e8  ti_sysbios_heaps_HeapMem_A_heapSize__C                               
8503c2ec  ti_sysbios_heaps_HeapMem_A_invalidFree__C                            
8503c2f0  ti_sysbios_heaps_HeapMem_A_zeroBlock__C                              
8503c2f4  ti_sysbios_heaps_HeapMem_E_memory__C                                 
8503c2f8  ti_sysbios_heaps_HeapMem_Module__diagsEnabled__C                     
8503c2fc  ti_sysbios_heaps_HeapMem_Module__diagsIncluded__C                    
8503c300  ti_sysbios_heaps_HeapMem_Module__diagsMask__C                        
8503c304  ti_sysbios_heaps_HeapMem_Module__gateObj__C                          
8503c308  ti_sysbios_heaps_HeapMem_Object__count__C                            
8503c30c  ti_sysbios_heaps_HeapMem_Object__table__C                            
8503c310  ti_sysbios_heaps_HeapMem_reqAlign__C                                 
8503c314  ti_sysbios_interfaces_ICache_Interface__BASE__C                      
8503c318  ti_sysbios_interfaces_IIntrinsicsSupport_Interface__BASE__C          
8503c31c  ti_sysbios_knl_Clock_A_badThreadType__C                              
8503c320  ti_sysbios_knl_Clock_LM_begin__C                                     
8503c324  ti_sysbios_knl_Clock_LM_tick__C                                      
8503c328  ti_sysbios_knl_Clock_LW_delayed__C                                   
8503c32c  ti_sysbios_knl_Clock_Module_State_clockQ__O                          
8503c330  ti_sysbios_knl_Clock_Module__diagsEnabled__C                         
8503c334  ti_sysbios_knl_Clock_Module__diagsIncluded__C                        
8503c338  ti_sysbios_knl_Clock_Module__diagsMask__C                            
8503c33c  ti_sysbios_knl_Clock_Module__loggerFxn1__C                           
8503c340  ti_sysbios_knl_Clock_Module__loggerFxn2__C                           
8503c344  ti_sysbios_knl_Clock_Module__loggerObj__C                            
8503c348  ti_sysbios_knl_Clock_Object__count__C                                
8503c34c  ti_sysbios_knl_Clock_Object__table__C                                
8503c350  ti_sysbios_knl_Queue_Object__count__C                                
8503c354  ti_sysbios_knl_Queue_Object__table__C                                
8503c358  ti_sysbios_knl_Semaphore_A_badContext__C                             
8503c35c  ti_sysbios_knl_Semaphore_A_noEvents__C                               
8503c360  ti_sysbios_knl_Semaphore_A_overflow__C                               
8503c364  ti_sysbios_knl_Semaphore_A_pendTaskDisabled__C                       
8503c368  ti_sysbios_knl_Semaphore_Instance_State_pendQ__O                     
8503c36c  ti_sysbios_knl_Semaphore_LM_pend__C                                  
8503c370  ti_sysbios_knl_Semaphore_LM_post__C                                  
8503c374  ti_sysbios_knl_Semaphore_Module__diagsEnabled__C                     
8503c378  ti_sysbios_knl_Semaphore_Module__diagsIncluded__C                    
8503c37c  ti_sysbios_knl_Semaphore_Module__diagsMask__C                        
8503c380  ti_sysbios_knl_Semaphore_Module__loggerFxn2__C                       
8503c384  ti_sysbios_knl_Semaphore_Module__loggerFxn4__C                       
8503c388  ti_sysbios_knl_Semaphore_Module__loggerObj__C                        
8503c38c  ti_sysbios_knl_Semaphore_Object__count__C                            
8503c390  ti_sysbios_knl_Semaphore_Object__table__C                            
8503c394  ti_sysbios_knl_Swi_A_badPriority__C                                  
8503c398  ti_sysbios_knl_Swi_LD_end__C                                         
8503c39c  ti_sysbios_knl_Swi_LM_begin__C                                       
8503c3a0  ti_sysbios_knl_Swi_LM_post__C                                        
8503c3a4  ti_sysbios_knl_Swi_Module__diagsEnabled__C                           
8503c3a8  ti_sysbios_knl_Swi_Module__diagsIncluded__C                          
8503c3ac  ti_sysbios_knl_Swi_Module__diagsMask__C                              
8503c3b0  ti_sysbios_knl_Swi_Module__loggerFxn1__C                             
8503c3b4  ti_sysbios_knl_Swi_Module__loggerFxn4__C                             
8503c3b8  ti_sysbios_knl_Swi_Module__loggerObj__C                              
8503c3bc  ti_sysbios_knl_Swi_Object__count__C                                  
8503c3c0  ti_sysbios_knl_Swi_Object__table__C                                  
8503c3c4  ti_sysbios_knl_Task_A_badPriority__C                                 
8503c3c8  ti_sysbios_knl_Task_A_badTaskState__C                                
8503c3cc  ti_sysbios_knl_Task_A_badThreadType__C                               
8503c3d0  ti_sysbios_knl_Task_A_noPendElem__C                                  
8503c3d4  ti_sysbios_knl_Task_LD_block__C                                      
8503c3d8  ti_sysbios_knl_Task_LD_exit__C                                       
8503c3dc  ti_sysbios_knl_Task_LD_ready__C                                      
8503c3e0  ti_sysbios_knl_Task_LM_switch__C                                     
8503c3e4  ti_sysbios_knl_Task_Module_State_inactiveQ__O                        
8503c3e8  ti_sysbios_knl_Task_Module__diagsEnabled__C                          
8503c3ec  ti_sysbios_knl_Task_Module__diagsIncluded__C                         
8503c3f0  ti_sysbios_knl_Task_Module__diagsMask__C                             
8503c3f4  ti_sysbios_knl_Task_Module__loggerFxn2__C                            
8503c3f8  ti_sysbios_knl_Task_Module__loggerFxn4__C                            
8503c3fc  ti_sysbios_knl_Task_Module__loggerObj__C                             
8503c400  ti_sysbios_knl_Task_Object__count__C                                 
8503c404  ti_sysbios_knl_Task_Object__table__C                                 
8503c408  ti_sysbios_knl_Task_allBlockedFunc__C                                
8503c40c  ti_sysbios_knl_Task_defaultStackHeap__C                              
8503c410  ti_sysbios_knl_Task_defaultStackSize__C                              
8503c414  ti_sysbios_knl_Task_numConstructedTasks__C                           
8503c418  xdc_runtime_Assert_E_assertFailed__C                                 
8503c41c  xdc_runtime_Core_A_initializedParams__C                              
8503c420  xdc_runtime_Core_Module__diagsEnabled__C                             
8503c424  xdc_runtime_Core_Module__diagsIncluded__C                            
8503c428  xdc_runtime_Core_Module__diagsMask__C                                
8503c42c  xdc_runtime_Error_E_memory__C                                        
8503c430  xdc_runtime_Error_Module__diagsEnabled__C                            
8503c434  xdc_runtime_Error_Module__diagsIncluded__C                           
8503c438  xdc_runtime_Error_Module__diagsMask__C                               
8503c43c  xdc_runtime_Error_Module__loggerFxn8__C                              
8503c440  xdc_runtime_Error_Module__loggerObj__C                               
8503c444  xdc_runtime_Error_policyFxn__C                                       
8503c448  xdc_runtime_Error_raiseHook__C                                       
8503c44c  xdc_runtime_IGateProvider_Interface__BASE__C                         
8503c450  xdc_runtime_IHeap_Interface__BASE__C                                 
8503c454  xdc_runtime_IModule_Interface__BASE__C                               
8503c458  xdc_runtime_ISystemSupport_Interface__BASE__C                        
8503c45c  xdc_runtime_Log_L_error__C                                           
8503c460  xdc_runtime_Main_Module__diagsEnabled__C                             
8503c464  xdc_runtime_Main_Module__diagsIncluded__C                            
8503c468  xdc_runtime_Main_Module__diagsMask__C                                
8503c46c  xdc_runtime_Memory_defaultHeapInstance__C                            
8503c470  xdc_runtime_Startup_execImpl__C                                      
8503c474  xdc_runtime_Startup_lastFxns__A                                      
8503c478  xdc_runtime_Startup_maxPasses__C                                     
8503c47c  xdc_runtime_Startup_sfxnRts__C                                       
8503c480  xdc_runtime_Startup_sfxnTab__C                                       
8503c484  xdc_runtime_Startup_startModsFxn__C                                  
8503c488  xdc_runtime_SysMin_bufSize__C                                        
8503c48c  xdc_runtime_SysMin_outputFunc__C                                     
8503c490  xdc_runtime_System_Module__gateObj__C                                
8503c494  xdc_runtime_System_abortFxn__C                                       
8503c498  xdc_runtime_System_exitFxn__C                                        
8503c49c  xdc_runtime_System_extendFxn__C                                      
8503c4a0  xdc_runtime_System_maxAtexitHandlers__C                              
8503c4a4  xdc_runtime_Text_charTab__C                                          
8503c4a8  xdc_runtime_Text_nameEmpty__C                                        
8503c4ac  xdc_runtime_Text_nameStatic__C                                       
8503c4b0  xdc_runtime_Text_nameUnknown__C                                      
8503c4b4  xdc_runtime_Text_nodeTab__C                                          
8503c4b8  xdc_runtime_Text_visitRopeFxn__C                                     
8503c4bc  ti_sysbios_family_arm_ducati_Timer_Module__id__C                     
8503c4be  ti_sysbios_family_arm_m3_Hwi_Module__id__C                           
8503c4c0  ti_sysbios_family_arm_m3_Hwi_Module__loggerDefined__C                
8503c4c2  ti_sysbios_family_shared_vayu_IntXbar_Module__id__C                  
8503c4c4  ti_sysbios_gates_GateMutex_Module__id__C                             
8503c4c6  ti_sysbios_hal_ammu_AMMU_configureAmmu__C                            
8503c4c8  ti_sysbios_hal_unicache_Cache_configureCache__C                      
8503c4ca  ti_sysbios_hal_unicache_Cache_enableCache__C                         
8503c4cc  ti_sysbios_hal_unicache_Cache_l2CacheSupported__C                    
8503c4ce  ti_sysbios_heaps_HeapMem_Module__id__C                               
8503c4d0  ti_sysbios_knl_Clock_Module__id__C                                   
8503c4d2  ti_sysbios_knl_Clock_Module__loggerDefined__C                        
8503c4d4  ti_sysbios_knl_Semaphore_Module__id__C                               
8503c4d6  ti_sysbios_knl_Semaphore_Module__loggerDefined__C                    
8503c4d8  ti_sysbios_knl_Swi_Module__id__C                                     
8503c4da  ti_sysbios_knl_Swi_Module__loggerDefined__C                          
8503c4dc  ti_sysbios_knl_Task_Module__id__C                                    
8503c4de  ti_sysbios_knl_Task_Module__loggerDefined__C                         
8503c4e0  xdc_runtime_Core_Module__id__C                                       
8503c4e2  xdc_runtime_Error_Module__loggerDefined__C                           
8503c4e4  xdc_runtime_Error_maxDepth__C                                        
8503c4e6  xdc_runtime_Main_Module__id__C                                       
8503c4e8  xdc_runtime_Memory_Module__id__C                                     
8503c4ea  xdc_runtime_SysMin_flushAtExit__C                                    
8503c4ec  xdc_runtime_Text_charCnt__C                                          
8503c4ee  xdc_runtime_Text_isLoaded__C                                         
8503c4f0  xdc_runtime_Text_registryModsLastId__C                               
8503c4f2  xdc_runtime_Text_unnamedModsLastId__C                                
8503c500  _pingpongSrcBuf                                                      
8503d280  _pingpongDestBuf                                                     
8503e000  _dstL1DBuff1                                                         
8503e280  _dstL1DBuff2                                                         
8503e500  _srcBuff1                                                            
8503e580  _dstBuff1                                                            
8503e600  _srcBuff2                                                            
8503e680  _dstBuff2                                                            
8503e6c0  ti_sysbios_knl_Task_Instance_State_0_stack__A                        
e000e000  ti_sysbios_family_arm_m3_Hwi_nvic                                    
ffffffff  __TI_pprof_out_hndl                                                  
ffffffff  __TI_prof_data_size                                                  
ffffffff  __TI_prof_data_start                                                 
ffffffff  __TI_static_base__                                                   
ffffffff  __binit__                                                            
ffffffff  __c_args__                                                           
ffffffff  binit                                                                
UNDEFED   SHT$$INIT_ARRAY$$Base                                                
UNDEFED   SHT$$INIT_ARRAY$$Limit                                               
UNDEFED   __TI_CINIT_Base                                                      
UNDEFED   __TI_CINIT_Limit                                                     
UNDEFED   __TI_Handler_Table_Base                                              
UNDEFED   __TI_Handler_Table_Limit                                             
UNDEFED   ti_sysbios_family_arm_m3_Hwi_getCoreStackInfo__E                     

[1235 symbols]


DYNAMIC SYMBOLS: SORTED ALPHABETICALLY BY Name 

address  name
-------  ----
UNDEFED      

[1 symbols]


IMPORTED and EXPORTED SYMBOLS: SORTED ALPHABETICALLY BY Name 

IMPORTED SYMBOLS

name                           size      Imported from
-----------------------------  --------  -------------

[0 symbols]


EXPORTED SYMBOLS


[0 symbols]
