******************************************************************************
                  TI ARM Linker Unix v16.9.2                   
******************************************************************************
>> Linked Mon Mar 26 12:13:59 2018

OUTPUT FILE NAME:   <bin/tda2xx-evm/edma3_drv_arm_tda2xx_core0_sample_m4_release.xem4>
ENTRY POINT SYMBOL: "ti_sysbios_family_arm_ducati_Core_reset"  address: 00000009


MEMORY CONFIGURATION

         name            origin    length      used     unused   attr    fill
----------------------  --------  ---------  --------  --------  ----  --------
  L2_ROM                00000000   00004000  000001a0  00003e60  RWIX
  L2_RAM                20000000   00010000  00000000  00010000  RWIX
  OCMC_RAM1             40300000   00080000  00000000  00080000  RWIX
  OCMC_RAM2             40400000   00100000  00000000  00100000  RWIX
  OCMC_RAM3             40500000   00100000  00000000  00100000  RWIX
  CODE_CORE_IPU1_0      84000000   01000000  0001209a  00fedf66  RW X
  PRIVATE_DATA_CORE_IPU 85000000   01800000  0003ee3c  017c11c4  RW X
  SHARED_FRAME_BUFFER   8a000000   04000000  00000000  04000000  RW X
  SHARED_CTRL           a0000000   01000000  00000000  01000000  RW X
  SHARED_LOG_MEM        a1000000   00700000  00000000  00700000  RW X
  HDVPSS_DESCRIPTOR_NON a1800000   00800000  00000000  00800000  RW X
  SHARED_MEM            a2000000   01000000  00000000  01000000  RW X


SEGMENT ALLOCATION MAP

run origin  load origin   length   init length attrs members
----------  ----------- ---------- ----------- ----- -------
00000000    00000000    00000050   00000050    r-x
  00000000    00000000    00000050   00000050    r-x .ducatiBoot
00000400    00000400    00000140   00000140    r--
  00000400    00000400    00000140   00000140    r-- .resetVecs
000007f0    000007f0    00000010   00000000    rw-
  000007f0    000007f0    00000010   00000000    rw- .ducatiGates
84000000    84000000    0001209a   0001209a    r-x
  84000000    84000000    0001209a   0001209a    r-x .text
85000000    85000000    00030788   00000000    rw-
  85000000    85000000    00030788   00000000    rw- .bss
85030788    85030788    000091f4   000051f2    rw-
  85030788    85030788    000051f2   000051f2    rw- .data
  8503597c    8503597c    00004000   00000000    rw- .stack
8503997c    8503997c    00002b02   00002b02    r--
  8503997c    8503997c    00002b02   00002b02    r-- .const
8503c480    8503c480    000029c0   00000000    rw-
  8503c480    8503c480    000021c0   00000000    rw- .my_sect_ddr
  8503e640    8503e640    00000800   00000000    rw- .bss:taskStackSection


SECTION ALLOCATION MAP

 output                                  attributes/
section   page    origin      length       input sections
--------  ----  ----------  ----------   ----------------
.bss       0    85000000    00030788     UNINITIALIZED
                  85000000    00015000     (.common:ti_sysbios_heaps_HeapMem_Instance_State_0_buf__A)
                  85015000    000088e0     (.common:edma3DrvChBoundRes)
                  8501d8e0    00005b40     edma3_lld_rm.aem4 : edma3resmgr.oem4 (.bss:edma3RmChBoundRes)
                  85023420    000047e0     (.common:drvInstance)
                  85027c00    00003ca0     (.common:resMgrInstanceArray)
                  8502b8a0    00001a40     (.common:userInstInitConfigArray)
                  8502d2e0    00000e74     (.common:drvObj)
                  8502e154    00000e74     (.common:resMgrObj)
                  8502efc8    00000a00                       : edma3resmgr.oem4 (.bss:edma3IntrParams)
                  8502f9c8    00000500                       : edma3resmgr.oem4 (.bss:edma3DmaChTccMapping)
                  8502fec8    00000400     (.common:xdc_runtime_SysMin_Module_State_0_outbuf__A)
                  850302c8    00000140     (.common:ti_sysbios_family_arm_m3_Hwi_dispatchTable)
                  85030408    00000120     rtsv7M4_T_le_eabi.lib : trgmsg.obj (.bss:_CIOBUF_)
                  85030528    000000a0     edma3_lld_rm.aem4 : edma3resmgr.oem4 (.bss:edma3QdmaChTccMapping)
                  850305c8    000000a0     (.common:__TI_tmpnams)
                  85030668    00000040                       : edma3resmgr.oem4 (.bss:contiguousParamRes)
                  850306a8    00000020     (.common:hwiTCErrInt)
                  850306c8    00000014     (.common:edma3_dma_ch_max_val)
                  850306dc    00000014     (.common:edma3_link_ch_max_val)
                  850306f0    00000014     (.common:edma3_link_ch_min_val)
                  85030704    00000014     (.common:edma3_log_ch_max_val)
                  85030718    00000014     (.common:edma3_qdma_ch_max_val)
                  8503072c    00000014     (.common:edma3_qdma_ch_min_val)
                  85030740    00000008     rtsv7M4_T_le_eabi.lib : trgdrv.obj (.bss:parmbuf)
                  85030748    00000004     (.common:dsp_num)
                  8503074c    00000004     (.common:dsp_num_tmp)
                  85030750    00000004     (.common:dstBuff1)
                  85030754    00000004     (.common:dstBuff2)
                  85030758    00000004     (.common:dstL1DBuff1)
                  8503075c    00000004     (.common:dstL1DBuff2)
                  85030760    00000004     (.common:hwiCCErrInt)
                  85030764    00000004     (.common:hwiCCXferCompInt)
                  85030768    00000004     (.common:myCoreNum)
                  8503076c    00000004     (.common:pingpongDestBuf)
                  85030770    00000004     (.common:pingpongDestBufCopy)
                  85030774    00000004     (.common:pingpongSrcBuf)
                  85030778    00000004     (.common:pingpongSrcBufCopy)
                  8503077c    00000004     (.common:region_id)
                  85030780    00000004     (.common:srcBuff1)
                  85030784    00000004     (.common:srcBuff2)

.neardata 
*          0    85030788    00000000     UNINITIALIZED

.rodata    0    85030788    00000000     UNINITIALIZED

.stack     0    8503597c    00004000     UNINITIALIZED
                  8503597c    00004000     --HOLE--

.cinit     0    84000000    00000000     UNINITIALIZED

.init_array 
*          0    84000000    00000000     UNINITIALIZED

.bootVecs 
*          0    00000000    00000008     DSECT
                  00000000    00000008     boot.aem4 : boot.oem4 (.bootVecs)

.resetVecs 
*          0    00000400    00000140     
                  00000400    00000140     edma3_drv_bios6_tda2xx_m4_c0_st_sample_pem4.oem4 (.resetVecs)

.vecs      0    00000400    00000000     DSECT

.ducatiBoot 
*          0    00000000    00000050     
                  00000000    00000050     sysbios.aem4 : ducati_Core_asm.obj (.ducatiBoot)

.ducatiGates 
*          0    000007f0    00000010     UNINITIALIZED
                  000007f0    00000010     edma3_drv_bios6_tda2xx_m4_c0_st_sample_pem4.oem4 (.ducatiGates)

.data      0    85030788    000051f2     
                  85030788    000017a0     edma3_lld_drv_sample.aem4 : sample_tda2xx_cfg.oem4 (.data:sampleXbarChanInitConfig)
                  85031f28    00000fc0     edma3_lld_rm.aem4 : edma3_tda2xx_cfg.oem4 (.data:defInstInitConfig)
                  85032ee8    00000fc0     edma3_lld_drv_sample.aem4 : sample_tda2xx_cfg.oem4 (.data:sampleInstInitConfig)
                  85033ea8    00000888     edma3_lld_rm.aem4 : edma3_tda2xx_cfg.oem4 (.data:edma3GblCfgParams)
                  85034730    00000888     edma3_lld_drv_sample.aem4 : sample_tda2xx_cfg.oem4 (.data:sampleEdma3GblCfgParams)
                  85034fb8    000000f0     rtsv7M4_T_le_eabi.lib : defs.obj (.data:_ftable)
                  850350a8    000000d0                           : lowlev.obj (.data:$O1$$)
                  85035178    00000080     edma3_drv_bios6_tda2xx_m4_c0_st_sample_pem4.oem4 (.data:ti_sysbios_knl_Swi_Module_State_0_readyQ__A)
                  850351f8    00000080     edma3_drv_bios6_tda2xx_m4_c0_st_sample_pem4.oem4 (.data:ti_sysbios_knl_Task_Module_State_0_readyQ__A)
                  85035278    00000072     edma3_drv_bios6_tda2xx_m4_c0_st_sample_pem4.oem4 (.data:ti_sysbios_family_shared_vayu_IntXbar_Module_State_0_intXbar__A)
                  850352ea    00000002     edma3_lld_drv.aem4 : edma3_drv_init.oem4 (.data)
                  850352ec    00000060     edma3_lld_drv_sample.aem4 : sample_tda2xx_cfg.oem4 (.data:ccCompEdmaXbarIndex)
                  8503534c    00000060                               : sample_tda2xx_cfg.oem4 (.data:ccXferCompInt)
                  850353ac    00000060                               : sample_tda2xx_cfg.oem4 (.data:ccXferCompIntXbarInstNo)
                  8503540c    00000060                               : sample_tda2xx_cfg.oem4 (.data:tcErrEdmaXbarIndex)
                  8503546c    00000060                               : sample_tda2xx_cfg.oem4 (.data:tcErrorInt)
                  850354cc    00000060                               : sample_tda2xx_cfg.oem4 (.data:tcErrorIntXbarInstNo)
                  8503552c    0000004c     edma3_drv_bios6_tda2xx_m4_c0_st_sample_pem4.oem4 (.data:ti_sysbios_knl_Task_Object__table__V)
                  85035578    00000044     edma3_drv_bios6_tda2xx_m4_c0_st_sample_pem4.oem4 (.data:ti_sysbios_knl_Task_Module__state__V)
                  850355bc    00000038     edma3_drv_bios6_tda2xx_m4_c0_st_sample_pem4.oem4 (.data:ti_sysbios_gates_GateMutex_Object__table__V)
                  850355f4    00000034     edma3_drv_bios6_tda2xx_m4_c0_st_sample_pem4.oem4 (.data:ti_sysbios_family_arm_ducati_Timer_Object__table__V)
                  85035628    00000034     edma3_drv_bios6_tda2xx_m4_c0_st_sample_pem4.oem4 (.data:ti_sysbios_family_arm_m3_Hwi_Module__state__V)
                  8503565c    00000030     edma3_drv_bios6_tda2xx_m4_c0_st_sample_pem4.oem4 (.data:ti_sysbios_family_arm_m3_Hwi_Object__table__V)
                  8503568c    00000030     edma3_drv_bios6_tda2xx_m4_c0_st_sample_pem4.oem4 (.data:ti_sysbios_knl_Swi_Object__table__V)
                  850356bc    0000002c     edma3_drv_bios6_tda2xx_m4_c0_st_sample_pem4.oem4 (.data:ti_sysbios_knl_Clock_Module__state__V)
                  850356e8    00000028     edma3_lld_rm.aem4 : edma3resmgr.oem4 (.data:allocatedTCCs)
                  85035710    00000024     edma3_drv_bios6_tda2xx_m4_c0_st_sample_pem4.oem4 (.data:ti_sysbios_BIOS_Module__state__V)
                  85035734    00000020     edma3_lld_drv_sample.aem4 : sample_tda2xx_arm_int_reg.oem4 (.data:ptrEdma3TcIsrHandler)
                  85035754    00000020     edma3_drv_bios6_tda2xx_m4_c0_st_sample_pem4.oem4 (.data:ti_sysbios_family_arm_ducati_GateDualCore_Object__table__V)
                  85035774    00000020     edma3_drv_bios6_tda2xx_m4_c0_st_sample_pem4.oem4 (.data:xdc_runtime_Error_IgnoreBlock)
                  85035794    00000020     edma3_drv_bios6_tda2xx_m4_c0_st_sample_pem4.oem4 (.data:xdc_runtime_System_Module_State_0_atexitHandlers__A)
                  850357b4    0000001c     edma3_drv_bios6_tda2xx_m4_c0_st_sample_pem4.oem4 (.data:ti_sysbios_knl_Swi_Module__state__V)
                  850357d0    00000018     edma3_drv_bios6_tda2xx_m4_c0_st_sample_pem4.oem4 (.data:ti_sysbios_heaps_HeapMem_Object__table__V)
                  850357e8    00000014     edma3_lld_rm.aem4 : edma3resmgr.oem4 (.data:masterExists)
                  850357fc    00000010                       : edma3_rm_gbl_data.oem4 (.data)
                  8503580c    00000010     qdma_link_test.oem4 (.data)
                  8503581c    00000010     rtsv7M4_T_le_eabi.lib : defs.obj (.data)
                  8503582c    0000000c                           : exit.obj (.data:$O1$$)
                  85035838    0000000c     edma3_lld_drv_sample.aem4 : sample_tda2xx_cfg.oem4 (.data:ccErrEdmaXbarIndex)
                  85035844    0000000c                               : sample_tda2xx_cfg.oem4 (.data:ccErrorInt)
                  85035850    0000000c                               : sample_tda2xx_cfg.oem4 (.data:ccErrorIntXbarInstNo)
                  8503585c    0000000c     common.oem4 (.data)
                  85035868    0000000c     edma3_lld_drv_sample.aem4 : sample_tda2xx_arm_int_reg.oem4 (.data)
                  85035874    0000000c                               : sample_tda2xx_cfg.oem4 (.data:numEdma3Tc)
                  85035880    0000000c                               : sample_tda2xx_cfg.oem4 (.data:semHandle)
                  8503588c    0000000c     edma3_drv_bios6_tda2xx_m4_c0_st_sample_pem4.oem4 (.data:ti_sysbios_family_arm_ducati_Timer_Module__state__V)
                  85035898    0000000c     edma3_drv_bios6_tda2xx_m4_c0_st_sample_pem4.oem4 (.data:xdc_runtime_SysMin_Module__state__V)
                  850358a4    0000000a     edma3_lld_rm.aem4 : edma3resmgr.oem4 (.data)
                  850358ae    00000002     edma3_drv_bios6_tda2xx_m4_c0_st_sample_pem4.oem4 (.data:ti_sysbios_family_arm_m3_Hwi_Module_State_0_excActive__A)
                  850358b0    00000008     rtsv7M4_T_le_eabi.lib : _lock.obj (.data:$O1$$)
                  850358b8    00000008     edma3_lld_rm.aem4 : edma3resmgr.oem4 (.data:contiguousDmaRes)
                  850358c0    00000008                       : edma3resmgr.oem4 (.data:contiguousTccRes)
                  850358c8    00000008     qdma_test.oem4 (.data)
                  850358d0    00000008     edma3_drv_bios6_tda2xx_m4_c0_st_sample_pem4.oem4 (.data:ti_sysbios_family_arm_ducati_GateDualCore_Module__root__V)
                  850358d8    00000008     edma3_drv_bios6_tda2xx_m4_c0_st_sample_pem4.oem4 (.data:ti_sysbios_family_arm_ducati_Timer_Module__root__V)
                  850358e0    00000008     edma3_drv_bios6_tda2xx_m4_c0_st_sample_pem4.oem4 (.data:ti_sysbios_family_arm_m3_Hwi_Module__root__V)
                  850358e8    00000008     edma3_drv_bios6_tda2xx_m4_c0_st_sample_pem4.oem4 (.data:ti_sysbios_gates_GateHwi_Module__root__V)
                  850358f0    00000008     edma3_drv_bios6_tda2xx_m4_c0_st_sample_pem4.oem4 (.data:ti_sysbios_gates_GateMutex_Module__root__V)
                  850358f8    00000008     edma3_drv_bios6_tda2xx_m4_c0_st_sample_pem4.oem4 (.data:ti_sysbios_hal_Hwi_Module__root__V)
                  85035900    00000008     edma3_drv_bios6_tda2xx_m4_c0_st_sample_pem4.oem4 (.data:ti_sysbios_heaps_HeapMem_Module__root__V)
                  85035908    00000008     edma3_drv_bios6_tda2xx_m4_c0_st_sample_pem4.oem4 (.data:ti_sysbios_knl_Clock_Module__root__V)
                  85035910    00000008     edma3_drv_bios6_tda2xx_m4_c0_st_sample_pem4.oem4 (.data:ti_sysbios_knl_Queue_Module__root__V)
                  85035918    00000008     edma3_drv_bios6_tda2xx_m4_c0_st_sample_pem4.oem4 (.data:ti_sysbios_knl_Semaphore_Module__root__V)
                  85035920    00000008     edma3_drv_bios6_tda2xx_m4_c0_st_sample_pem4.oem4 (.data:ti_sysbios_knl_Swi_Module__root__V)
                  85035928    00000008     edma3_drv_bios6_tda2xx_m4_c0_st_sample_pem4.oem4 (.data:ti_sysbios_knl_Task_Module__root__V)
                  85035930    00000008     edma3_drv_bios6_tda2xx_m4_c0_st_sample_pem4.oem4 (.data:xdc_runtime_Registry_Module__state__V)
                  85035938    00000008     edma3_drv_bios6_tda2xx_m4_c0_st_sample_pem4.oem4 (.data:xdc_runtime_Startup_Module__state__V)
                  85035940    00000008     edma3_drv_bios6_tda2xx_m4_c0_st_sample_pem4.oem4 (.data:xdc_runtime_System_Module__state__V)
                  85035948    00000004     edma3_lld_rm.aem4 : edma3resmgr.oem4 (.data:contiguousQdmaRes)
                  8503594c    00000004     main.oem4 (.data)
                  85035950    00000004     rtsv7M4_T_le_eabi.lib : errno.obj (.data)
                  85035954    00000004                           : fopen.obj (.data)
                  85035958    00000004                           : stkdepth_vars.obj (.data)
                  8503595c    00000004     edma3_drv_bios6_tda2xx_m4_c0_st_sample_pem4.oem4 (.data:ti_sysbios_family_arm_ducati_GateDualCore_Module__state__V)
                  85035960    00000004     edma3_drv_bios6_tda2xx_m4_c0_st_sample_pem4.oem4 (.data:ti_sysbios_family_arm_m3_Hwi_Module_State_0_excContext__A)
                  85035964    00000004     edma3_drv_bios6_tda2xx_m4_c0_st_sample_pem4.oem4 (.data:ti_sysbios_family_arm_m3_Hwi_Module_State_0_excStack__A)
                  85035968    00000004     edma3_drv_bios6_tda2xx_m4_c0_st_sample_pem4.oem4 (.data:ti_sysbios_family_shared_vayu_IntXbar_Module__state__V)
                  8503596c    00000004     edma3_drv_bios6_tda2xx_m4_c0_st_sample_pem4.oem4 (.data:ti_sysbios_gates_GateHwi_Object__table__V)
                  85035970    00000004     edma3_drv_bios6_tda2xx_m4_c0_st_sample_pem4.oem4 (.data:ti_sysbios_knl_Task_Module_State_0_idleTask__A)
                  85035974    00000004     edma3_drv_bios6_tda2xx_m4_c0_st_sample_pem4.oem4 (.data:xdc_runtime_Memory_Module__state__V)
                  85035978    00000002     edma3_drv_bios6_tda2xx_m4_c0_st_sample_pem4.oem4 (.data:xdc_runtime_Error_Module__state__V)

.bss:taskStackSection 
*          0    8503e640    00000800     UNINITIALIZED
                  8503e640    00000800     edma3_drv_bios6_tda2xx_m4_c0_st_sample_pem4.oem4 (.bss:taskStackSection)

.my_sect_ddr 
*          0    8503c480    000021c0     UNINITIALIZED
                  8503c480    00001fc0     dma_ping_pong_test.oem4 (.my_sect_ddr)
                  8503e440    00000040     --HOLE--
                  8503e480    000001c0     common.oem4 (.my_sect_ddr)

xdc.meta   0    85000000    000001b2     COPY SECTION
                  85000000    000001b2     edma3_drv_bios6_tda2xx_m4_c0_st_sample_pem4.oem4 (xdc.meta)

.text      0    84000000    0001209a     
                  84000000    00002f2c     edma3_lld_rm.aem4 : edma3resmgr.oem4 (.text)
                  84002f2c    00001610     edma3_drv_bios6_tda2xx_m4_c0_st_sample_pem4.oem4 (.text)
                  8400453c    00001288     edma3_lld_drv.aem4 : edma3_drv_basic.oem4 (.text)
                  840057c4    00001122     rtsv7M4_T_le_eabi.lib : _printfi.obj (.text)
                  840068e6    00000002                           : i_div0.obj (.text)
                  840068e8    00000d40     edma3_lld_drv.aem4 : edma3_drv_adv.oem4 (.text)
                  84007628    00000c12     main.oem4 (.text)
                  8400823a    00000002     --HOLE-- [fill = 0]
                  8400823c    00000758     qdma_link_test.oem4 (.text)
                  84008994    000004e4     edma3_lld_drv.aem4 : edma3_drv_init.oem4 (.text)
                  84008e78    000004ba     dma_poll_test.oem4 (.text)
                  84009332    00000006     ti.targets.arm.rtsarm.aem4 : System.oem4 (.text:xdc_runtime_System_Module_startup__E)
                  84009338    00000430     sysbios.aem4 : BIOS.obj (.text:ti_sysbios_family_arm_m3_Hwi_excDumpRegs__I)
                  84009768    00000428     dma_ping_pong_test.oem4 (.text)
                  84009b90    00000400     dma_link_test.oem4 (.text)
                  84009f90    000003bc     dma_chain_test.oem4 (.text)
                  8400a34c    000003b4     qdma_test.oem4 (.text)
                  8400a700    00000378     dma_test.oem4 (.text)
                  8400aa78    00000354     ti.targets.arm.rtsarm.aem4 : System.oem4 (.text:xdc_runtime_System_doPrint__I)
                  8400adcc    00000324     rtsv7M4_T_le_eabi.lib : trgdrv.obj (.text)
                  8400b0f0    00000314     sysbios.aem4 : BIOS.obj (.text:ti_sysbios_knl_Semaphore_pend__E)
                  8400b404    0000030c     rtsv7M4_T_le_eabi.lib : lowlev.obj (.text)
                  8400b710    000002c8     edma3_lld_drv_sample.aem4 : sample_tda2xx_arm_int_reg.oem4 (.text)
                  8400b9d8    00000250     sysbios.aem4 : BIOS.obj (.text:ti_sysbios_heaps_HeapMem_freeUnprotected__E)
                  8400bc28    00000224                  : BIOS.obj (.text:ti_sysbios_knl_Task_Instance_finalize__E)
                  8400be4c    00000004     rtsv7M4_T_le_eabi.lib : remove.obj (.text:remove)
                  8400be50    000001fc     sysbios.aem4 : BIOS.obj (.text:ti_sysbios_family_arm_m3_Hwi_excHandlerMax__I)
                  8400c04c    00000004     edma3_drv_bios6_tda2xx_m4_c0_st_sample_pem4.oem4 (.text:ti_sysbios_hal_Cache_CacheProxy_inv__E)
                  8400c050    000001fc     sysbios.aem4 : BIOS.obj (.text:ti_sysbios_heaps_HeapMem_allocUnprotected__E)
                  8400c24c    000001f4     rtsv7M4_T_le_eabi.lib : ull_div_t2.obj (.text)
                  8400c440    000001d8     sysbios.aem4 : BIOS.obj (.text:ti_sysbios_hal_unicache_Cache_startup__I)
                  8400c618    000001c4     rtsv7M4_T_le_eabi.lib : fopen.obj (.text)
                  8400c7dc    00000004     edma3_drv_bios6_tda2xx_m4_c0_st_sample_pem4.oem4 (.text:ti_sysbios_hal_Cache_CacheProxy_wb__E)
                  8400c7e0    000001c4     sysbios.aem4 : BIOS.obj (.text:ti_sysbios_family_arm_ducati_Timer_Instance_init__E)
                  8400c9a4    00000004     edma3_drv_bios6_tda2xx_m4_c0_st_sample_pem4.oem4 (.text:ti_sysbios_hal_Hwi_HwiProxy_disableInterrupt__E)
                  8400c9a8    000001c0     sysbios.aem4 : BIOS.obj (.text:ti_sysbios_knl_Task_Instance_init__E)
                  8400cb68    000001b6     rtsv7M4_T_le_eabi.lib : fd_add_t2.obj (.text)
                  8400cd1e    00000002     --HOLE-- [fill = 0]
                  8400cd20    0000019c     sysbios.aem4 : BIOS.obj (.text:ti_sysbios_knl_Task_Module_startup__E)
                  8400cebc    00000004     edma3_drv_bios6_tda2xx_m4_c0_st_sample_pem4.oem4 (.text:ti_sysbios_hal_Hwi_HwiProxy_enableInterrupt__E)
                  8400cec0    00000174     sysbios.aem4 : BIOS.obj (.text:ti_sysbios_family_arm_m3_Hwi_excBusFault__I)
                  8400d034    00000164     edma3_lld_drv_sample.aem4 : sample_arm_cs.oem4 (.text)
                  8400d198    00000164     sysbios.aem4 : BIOS.obj (.text:ti_sysbios_family_arm_m3_Hwi_excUsageFault__I)
                  8400d2fc    00000004     edma3_drv_bios6_tda2xx_m4_c0_st_sample_pem4.oem4 (.text:ti_sysbios_hal_Hwi_HwiProxy_startup__E)
                  8400d300    00000150     sysbios.aem4 : BIOS.obj (.text:ti_sysbios_hal_unicache_Cache_inv__E)
                  8400d450    0000014c                  : BIOS.obj (.text:ti_sysbios_family_shared_vayu_IntXbar_connect__E)
                  8400d59c    00000004     edma3_drv_bios6_tda2xx_m4_c0_st_sample_pem4.oem4 (.text:ti_sysbios_hal_Hwi_HwiProxy_switchFromBootStack__E)
                  8400d5a0    00000148     sysbios.aem4 : BIOS.obj (.text:ti_sysbios_family_arm_m3_Hwi_excMemFault__I)
                  8400d6e8    00000140                  : BIOS.obj (.text:ti_sysbios_knl_Semaphore_post__E)
                  8400d828    0000013c                  : BIOS.obj (.text:ti_sysbios_heaps_HeapMem_Instance_init__E)
                  8400d964    00000004     edma3_drv_bios6_tda2xx_m4_c0_st_sample_pem4.oem4 (.text:ti_sysbios_heaps_HeapMem_Module_GateProxy_query__E)
                  8400d968    0000013c     sysbios.aem4 : BIOS.obj (.text:ti_sysbios_knl_Clock_workFunc__E)
                  8400daa4    00000004     edma3_drv_bios6_tda2xx_m4_c0_st_sample_pem4.oem4 (.text:ti_sysbios_knl_Task_SupportProxy_getStackAlignment__E)
                  8400daa8    00000138     sysbios.aem4 : BIOS.obj (.text:ti_sysbios_family_arm_m3_Hwi_dispatchC__I)
                  8400dbe0    00000136     rtsv7M4_T_le_eabi.lib : fd_div_t2.obj (.text)
                  8400dd16    00000002     --HOLE-- [fill = 0]
                  8400dd18    00000134                           : fputs.obj (.text)
                  8400de4c    00000130     ti.targets.arm.rtsarm.aem4 : Error.oem4 (.text:xdc_runtime_Error_policyDefault__E)
                  8400df7c    00000004     edma3_drv_bios6_tda2xx_m4_c0_st_sample_pem4.oem4 (.text:ti_sysbios_knl_Task_SupportProxy_start__E)
                  8400df80    00000128     sysbios.aem4 : BIOS.obj (.text:ti_sysbios_hal_unicache_Cache_wbInv__E)
                  8400e0a8    00000128                  : BIOS.obj (.text:ti_sysbios_hal_unicache_Cache_wb__E)
                  8400e1d0    0000011c                  : BIOS.obj (.text:ti_sysbios_knl_Clock_Instance_init__E)
                  8400e2ec    00000004     edma3_drv_bios6_tda2xx_m4_c0_st_sample_pem4.oem4 (.text:ti_sysbios_knl_Task_SupportProxy_swap__E)
                  8400e2f0    0000011c     sysbios.aem4 : BIOS.obj (.text:ti_sysbios_knl_Swi_run__I)
                  8400e40c    00000100     edma3_lld_drv_sample.aem4 : sample_arm_init.oem4 (.text)
                  8400e50c    000000fc     rtsv7M4_T_le_eabi.lib : fd_mul_t2.obj (.text)
                  8400e608    000000f8     ti.targets.arm.rtsarm.aem4 : Startup.oem4 (.text:xdc_runtime_Startup_startMods__I)
                  8400e700    000000e8                                : Core-mem.oem4 (.text:xdc_runtime_Core_createObject__I)
                  8400e7e8    000000dc     rtsv7M4_T_le_eabi.lib : setvbuf.obj (.text)
                  8400e8c4    000000d0     dma_misc_test.oem4 (.text)
                  8400e994    000000d0     rtsv7M4_T_le_eabi.lib : s_scalbn.obj (.text)
                  8400ea64    00000004     ti.targets.arm.rtsarm.aem4 : Error.oem4 (.text:xdc_runtime_Error_getCode__E)
                  8400ea68    000000d0     sysbios.aem4 : BIOS.obj (.text:ti_sysbios_family_arm_ducati_GateDualCore_enter__E)
                  8400eb38    000000d0                  : BIOS.obj (.text:ti_sysbios_family_arm_m3_Hwi_Module_startup__E)
                  8400ec08    000000cc                  : m3_Hwi_asm.obj (.text:ti_sysbios_family_arm_m3_Hwi_dispatch__I)
                  8400ecd4    000000cc     ti.targets.arm.rtsarm.aem4 : Core-smem.oem4 (.text:xdc_runtime_Core_constructObject__I)
                  8400eda0    000000c8     rtsv7M4_T_le_eabi.lib : fflush.obj (.text)
                  8400ee68    000000c4     sysbios.aem4 : BIOS.obj (.text:ti_sysbios_knl_Swi_Instance_init__E)
                  8400ef2c    00000004     ti.targets.arm.rtsarm.aem4 : Error.oem4 (.text:xdc_runtime_Error_getSite__E)
                  8400ef30    000000c4     sysbios.aem4 : BIOS.obj (.text:ti_sysbios_knl_Task_schedule__I)
                  8400eff4    00000004     edma3_drv_bios6_tda2xx_m4_c0_st_sample_pem4.oem4 (.text:xdc_runtime_Startup_reset__I)
                  8400eff8    000000c0     sysbios.aem4 : BIOS.obj (.text:ti_sysbios_knl_Task_exit__E)
                  8400f0b8    000000bc                  : BIOS.obj (.text:ti_sysbios_family_arm_m3_Hwi_excDebugMon__I)
                  8400f174    00000004     edma3_drv_bios6_tda2xx_m4_c0_st_sample_pem4.oem4 (.text:xdc_runtime_System_SupportProxy_abort__E)
                  8400f178    000000bc     sysbios.aem4 : BIOS.obj (.text:ti_sysbios_family_arm_m3_Hwi_excHardFault__I)
                  8400f234    00000004     edma3_drv_bios6_tda2xx_m4_c0_st_sample_pem4.oem4 (.text:xdc_runtime_System_SupportProxy_exit__E)
                  8400f238    000000bc     sysbios.aem4 : BIOS.obj (.text:ti_sysbios_knl_Task_startCore__E)
                  8400f2f4    00000004     edma3_drv_bios6_tda2xx_m4_c0_st_sample_pem4.oem4 (.text:xdc_runtime_System_SupportProxy_putch__E)
                  8400f2f8    000000b4     sysbios.aem4 : BIOS.obj (.text:ti_sysbios_family_arm_ducati_Timer_startup__E)
                  8400f3ac    00000004     edma3_drv_bios6_tda2xx_m4_c0_st_sample_pem4.oem4 (.text:xdc_runtime_System_SupportProxy_ready__E)
                  8400f3b0    000000b4     sysbios.aem4 : BIOS.obj (.text:ti_sysbios_family_shared_vayu_IntXbar_initXbarRegs__I)
                  8400f464    00000004     ti.targets.arm.rtsarm.aem4 : System.oem4 (.text:xdc_runtime_System_abortStd__E)
                  8400f468    000000b4     sysbios.aem4 : BIOS.obj (.text:ti_sysbios_gates_GateMutex_enter__E)
                  8400f51c    00000004     ti.targets.arm.rtsarm.aem4 : System.oem4 (.text:xdc_runtime_System_aprintf_va__F)
                  8400f520    000000b0     sysbios.aem4 : BIOS.obj (.text:ti_sysbios_knl_Task_postInit__I)
                  8400f5d0    000000ac     rtsv7M4_T_le_eabi.lib : _io_perm.obj (.text)
                  8400f67c    00000004     ti.targets.arm.rtsarm.aem4 : System.oem4 (.text:xdc_runtime_System_asprintf_va__F)
                  8400f680    000000ac     sysbios.aem4 : BIOS.obj (.text:ti_sysbios_knl_Swi_post__E)
                  8400f72c    00000004     ti.targets.arm.rtsarm.aem4 : System.oem4 (.text:xdc_runtime_System_exitStd__E)
                  8400f730    000000a8     sysbios.aem4 : BIOS.obj (.text:ti_sysbios_knl_Task_blockI__E)
                  8400f7d8    000000a4                  : BIOS.obj (.text:ti_sysbios_knl_Clock_Instance_finalize__E)
                  8400f87c    000000a0     auto_init.aem4 : auto_init.oem4 (.text)
                  8400f91c    00000004     ti.targets.arm.rtsarm.aem4 : System.oem4 (.text:xdc_runtime_System_printf_va__F)
                  8400f920    000000a0     sysbios.aem4 : BIOS.obj (.text:ti_sysbios_family_arm_ducati_Timer_trigger__E)
                  8400f9c0    0000009c     rtsv7M4_T_le_eabi.lib : memcpy_t2.obj (.text)
                  8400fa5c    00000004     ti.targets.arm.rtsarm.aem4 : System.oem4 (.text:xdc_runtime_System_snprintf_va__F)
                  8400fa60    0000009c     sysbios.aem4 : BIOS.obj (.text:ti_sysbios_knl_Semaphore_Instance_init__E)
                  8400fafc    0000009a     ti.targets.arm.rtsarm.aem4 : Text.oem4 (.text:xdc_runtime_Text_putSite__E)
                  8400fb96    00000002     --HOLE-- [fill = 0]
                  8400fb98    00000098     rtsv7M4_T_le_eabi.lib : fclose.obj (.text)
                  8400fc30    00000098                           : fputc.obj (.text)
                  8400fcc8    00000098     ti.targets.arm.rtsarm.aem4 : Text.oem4 (.text:xdc_runtime_Text_putMod__E)
                  8400fd60    00000090     sysbios.aem4 : BIOS.obj (.text:ti_sysbios_family_arm_ducati_GateDualCore_Instance_init__E)
                  8400fdf0    00000090                  : BIOS.obj (.text:ti_sysbios_knl_Task_unblockI__E)
                  8400fe80    0000008c                  : BIOS.obj (.text:ti_sysbios_family_arm_m3_Hwi_Instance_init__E)
                  8400ff0c    00000004     ti.targets.arm.rtsarm.aem4 : System.oem4 (.text:xdc_runtime_System_sprintf_va__F)
                  8400ff10    00000088     sysbios.aem4 : BIOS.obj (.text:ti_sysbios_family_arm_ducati_Timer_setPeriod__E)
                  8400ff98    00000088                  : BIOS.obj (.text:ti_sysbios_family_arm_m3_Hwi_initNVIC__E)
                  84010020    00000086     rtsv7M4_T_le_eabi.lib : fd_cmp_t2.obj (.text:__aeabi_cdcmple)
                  840100a6    00000086                           : fd_cmp_t2.obj (.text:__aeabi_cdrcmple)
                  8401012c    00000004     --HOLE-- [fill = 0]
                  84010130    00000084     sysbios.aem4 : BIOS.obj (.text:ti_sysbios_family_arm_m3_Hwi_postInit__I)
                  840101b4    00000004     --HOLE-- [fill = 0]
                  840101b8    00000080                  : BIOS.obj (.text:ti_sysbios_family_shared_vayu_IntXbar_initIntXbar__I)
                  84010238    0000007c                  : BIOS.obj (.text:ti_sysbios_family_arm_ducati_GateDualCore_Module_startup__E)
                  840102b4    00000004     --HOLE-- [fill = 0]
                  840102b8    0000007c                  : BIOS.obj (.text:ti_sysbios_family_arm_ducati_Timer_getExpiredCounts__E)
                  84010334    0000007a     rtsv7M4_T_le_eabi.lib : memset_t2.obj (.text)
                  840103ae    00000002     --HOLE-- [fill = 0]
                  840103b0    00000078     sysbios.aem4 : BIOS.obj (.text:ti_sysbios_family_arm_ducati_Timer_start__E)
                  84010428    00000074                  : BIOS.obj (.text:ti_sysbios_knl_Clock_start__E)
                  8401049c    00000070     rtsv7M4_T_le_eabi.lib : printf.obj (.text)
                  8401050c    00000004     --HOLE-- [fill = 0]
                  84010510    00000070     sysbios.aem4 : BIOS.obj (.text:ti_sysbios_family_arm_ducati_Timer_setPeriodMicroSecs__E)
                  84010580    00000070     ti.targets.arm.rtsarm.aem4 : Error.oem4 (.text:xdc_runtime_Error_print__E)
                  840105f0    0000006d                                : System.oem4 (.text:xdc_runtime_System_formatNum__I)
                  8401065d    00000003     --HOLE-- [fill = 0]
                  84010660    0000006c     sysbios.aem4 : BIOS.obj (.text:ti_sysbios_knl_Swi_restoreHwi__E)
                  840106cc    0000006c     ti.targets.arm.rtsarm.aem4 : Memory.oem4 (.text:xdc_runtime_Memory_alloc__E)
                  84010738    00000068     rtsv7M4_T_le_eabi.lib : trgmsg.obj (.text)
                  840107a0    00000068     sysbios.aem4 : BIOS.obj (.text:ti_sysbios_family_arm_ducati_Timer_Module_startup__E)
                  84010808    00000066     ti.targets.arm.rtsarm.aem4 : Core-mem.oem4 (.text:xdc_runtime_Core_deleteObject__I)
                  8401086e    00000002     --HOLE-- [fill = 0]
                  84010870    00000064     rtsv7M4_T_le_eabi.lib : fseek.obj (.text)
                  840108d4    00000060     common.oem4 (.text)
                  84010934    00000004     --HOLE-- [fill = 0]
                  84010938    00000060     sysbios.aem4 : BIOS.obj (.text:ti_sysbios_family_arm_ducati_Timer_initDevice__I)
                  84010998    00000060                  : BIOS.obj (.text:ti_sysbios_knl_Clock_logTick__E)
                  840109f8    0000005c     rtsv7M4_T_le_eabi.lib : s_frexp.obj (.text)
                  84010a54    00000004     --HOLE-- [fill = 0]
                  84010a58    0000005c     sysbios.aem4 : BIOS.obj (.text:ti_sysbios_knl_Swi_schedule__I)
                  84010ab4    0000005b     ti.targets.arm.rtsarm.aem4 : Text.oem4 (.text:xdc_runtime_Text_putLab__E)
                  84010b0f    00000001     --HOLE-- [fill = 0]
                  84010b10    00000058     sysbios.aem4 : BIOS.obj (.text:ti_sysbios_heaps_HeapMem_alloc__E)
                  84010b68    00000054     edma3_lld_drv_sample.aem4 : sample_tda2xx_cfg.oem4 (.text)
                  84010bbc    00000054     rtsv7M4_T_le_eabi.lib : exit.obj (.text)
                  84010c10    00000054                           : ltoa.obj (.text)
                  84010c64    00000004     --HOLE-- [fill = 0]
                  84010c68    00000054     sysbios.aem4 : BIOS.obj (.text:ti_sysbios_knl_Swi_Instance_finalize__E)
                  84010cbc    00000054     ti.targets.arm.rtsarm.aem4 : Assert.oem4 (.text:xdc_runtime_Assert_raise__I)
                  84010d10    00000050                                : Startup.oem4 (.text:xdc_runtime_Startup_exec__E)
                  84010d60    00000050                                : Text.oem4 (.text:xdc_runtime_Text_visitRope2__I)
                  84010db0    0000004c     rtsv7M4_T_le_eabi.lib : atoi.obj (.text)
                  84010dfc    0000004c                           : cpy_tbl.obj (.text)
                  84010e48    0000004c     sysbios.aem4 : BIOS.obj (.text:ti_sysbios_family_arm_ducati_Timer_Instance_finalize__E)
                  84010e94    0000004c                  : m3_TaskSupport_asm.obj (.text:ti_sysbios_family_arm_m3_TaskSupport_buildTaskStack)
                  84010ee0    0000004c                  : BIOS.obj (.text:ti_sysbios_heaps_HeapMem_getStats__E)
                  84010f2c    00000004     --HOLE-- [fill = 0]
                  84010f30    0000004c                  : BIOS.obj (.text:ti_sysbios_knl_Swi_runLoop__I)
                  84010f7c    00000004     --HOLE-- [fill = 0]
                  84010f80    0000004c                  : BIOS.obj (.text:ti_sysbios_knl_Task_allBlockedFunction__I)
                  84010fcc    00000048     rtsv7M4_T_le_eabi.lib : fd_toi_t2.obj (.text)
                  84011014    00000004     --HOLE-- [fill = 0]
                  84011018    00000048     sysbios.aem4 : BIOS.obj (.text:ti_sysbios_family_arm_m3_Hwi_disableInterrupt__E)
                  84011060    00000048                  : BIOS.obj (.text:ti_sysbios_family_arm_m3_Hwi_enableInterrupt__E)
                  840110a8    00000048                  : BIOS.obj (.text:ti_sysbios_family_arm_m3_Hwi_excReserved__I)
                  840110f0    00000048                  : m3_Hwi_asm_switch.obj (.text:ti_sysbios_family_arm_m3_Hwi_initStacks__E)
                  84011138    00000048                  : BIOS.obj (.text:ti_sysbios_hal_unicache_Cache_wbInvAll__E)
                  84011180    00000046     ti.targets.arm.rtsarm.aem4 : Core-params.oem4 (.text:xdc_runtime_Core_assignParams__I)
                  840111c6    00000002     --HOLE-- [fill = 0]
                  840111c8    00000044     boot.aem4 : boot.oem4 (.text)
                  8401120c    00000004     --HOLE-- [fill = 0]
                  84011210    00000044     sysbios.aem4 : BIOS.obj (.text:ti_sysbios_family_arm_ducati_Timer_oneShotStub__E)
                  84011254    00000004     --HOLE-- [fill = 0]
                  84011258    00000044                  : BIOS.obj (.text:ti_sysbios_hal_unicache_Cache_wbAll__E)
                  8401129c    00000044     ti.targets.arm.rtsarm.aem4 : Error.oem4 (.text:xdc_runtime_Error_setX__E)
                  840112e0    00000044                                : SysMin.oem4 (.text:xdc_runtime_SysMin_flush__E)
                  84011324    00000044                                : Text.oem4 (.text:xdc_runtime_Text_xprintf__I)
                  84011368    00000040     rtsv7M4_T_le_eabi.lib : u_divt2.obj (.text)
                  840113a8    00000040     sysbios.aem4 : BIOS.obj (.text:ti_sysbios_family_arm_ducati_Timer_getFreq__E)
                  840113e8    00000040                  : BIOS.obj (.text:ti_sysbios_hal_unicache_Cache_seizeRegs__I)
                  84011428    0000003c                  : BIOS.obj (.text:ti_sysbios_family_arm_ducati_Core_Module_startup__E)
                  84011464    00000004     --HOLE-- [fill = 0]
                  84011468    0000003c                  : BIOS.obj (.text:ti_sysbios_family_arm_m3_Hwi_Instance_finalize__E)
                  840114a4    00000004     --HOLE-- [fill = 0]
                  840114a8    0000003c                  : BIOS.obj (.text:ti_sysbios_family_arm_m3_Hwi_excSvCall__I)
                  840114e4    00000004     --HOLE-- [fill = 0]
                  840114e8    0000003c                  : BIOS.obj (.text:ti_sysbios_hal_unicache_Cache_disable__E)
                  84011524    00000004     --HOLE-- [fill = 0]
                  84011528    0000003c                  : BIOS.obj (.text:ti_sysbios_hal_unicache_Cache_enable__E)
                  84011564    00000004     --HOLE-- [fill = 0]
                  84011568    0000003c                  : BIOS.obj (.text:ti_sysbios_heaps_HeapMem_init__I)
                  840115a4    00000004     --HOLE-- [fill = 0]
                  840115a8    0000003c                  : BIOS.obj (.text:ti_sysbios_knl_Swi_startup__E)
                  840115e4    00000004     --HOLE-- [fill = 0]
                  840115e8    00000038                  : BIOS.obj (.text:ti_sysbios_family_arm_m3_Hwi_excNoIsr__I)
                  84011620    00000038                  : BIOS.obj (.text:ti_sysbios_knl_Task_processVitalTaskFlag__I)
                  84011658    00000038     ti.targets.arm.rtsarm.aem4 : SysMin.oem4 (.text:xdc_runtime_SysMin_putch__E)
                  84011690    00000038                                : System.oem4 (.text:xdc_runtime_System_atexit__E)
                  840116c8    00000036     rtsv7M4_T_le_eabi.lib : strncpy.obj (.text)
                  840116fe    00000002     --HOLE-- [fill = 0]
                  84011700    00000034     sysbios.aem4 : BIOS.obj (.text:ti_sysbios_family_arm_m3_Hwi_excNmi__I)
                  84011734    00000034     ti.targets.arm.rtsarm.aem4 : Core-label.oem4 (.text:xdc_runtime_Core_assignLabel__I)
                  84011768    00000033                                : Text.oem4 (.text:xdc_runtime_Text_printVisFxn__I)
                  8401179b    00000005     --HOLE-- [fill = 0]
                  840117a0    00000032     sysbios.aem4 : BIOS.obj (.text:ti_sysbios_knl_Semaphore_pendTimeout__I)
                  840117d2    00000006     --HOLE-- [fill = 0]
                  840117d8    00000030                  : BIOS.obj (.text:ti_sysbios_family_arm_ducati_Timer_stop__E)
                  84011808    00000030                  : BIOS.obj (.text:ti_sysbios_heaps_HeapMem_free__E)
                  84011838    00000030     ti.targets.arm.rtsarm.aem4 : SysMin.oem4 (.text:xdc_runtime_SysMin_abort__E)
                  84011868    00000030                                : System.oem4 (.text:xdc_runtime_System_processAtExit__E)
                  84011898    0000002e     rtsv7M4_T_le_eabi.lib : i_tofd_t2.obj (.text)
                  840118c6    00000002     --HOLE-- [fill = 0]
                  840118c8    0000002c                           : assert.obj (.text)
                  840118f4    00000004     --HOLE-- [fill = 0]
                  840118f8    0000002c     sysbios.aem4 : BIOS.obj (.text:ti_sysbios_knl_Task_restore__E)
                  84011924    0000002c     ti.targets.arm.rtsarm.aem4 : Text.oem4 (.text:xdc_runtime_Text_cordText__E)
                  84011950    0000002a                                : System.oem4 (.text:xdc_runtime_System_putchar__I)
                  8401197a    00000006     --HOLE-- [fill = 0]
                  84011980    00000028     sysbios.aem4 : BIOS.obj (.text:ti_sysbios_hal_unicache_Cache_wait__E)
                  840119a8    00000028                  : BIOS.obj (.text:ti_sysbios_knl_Swi_Module_startup__E)
                  840119d0    00000026     ti.targets.arm.rtsarm.aem4 : System.oem4 (.text:xdc_runtime_System_avprintf__E)
                  840119f6    00000002     --HOLE-- [fill = 0]
                  840119f8    00000024     sysbios.aem4 : BIOS.obj (.text:ti_sysbios_family_arm_m3_Hwi_doTaskRestore__I)
                  84011a1c    00000004     --HOLE-- [fill = 0]
                  84011a20    00000024                  : BIOS.obj (.text:ti_sysbios_knl_Clock_Module_startup__E)
                  84011a44    00000024     ti.targets.arm.rtsarm.aem4 : System.oem4 (.text:xdc_runtime_System_vprintf__E)
                  84011a68    00000020     rtsv7M4_T_le_eabi.lib : memchr.obj (.text)
                  84011a88    00000020     sysbios.aem4 : BIOS.obj (.text:ti_sysbios_family_arm_ducati_Timer_getCount__E)
                  84011aa8    00000020                  : m3_Hwi_asm.obj (.text:ti_sysbios_family_arm_m3_Hwi_excHandlerAsm__I)
                  84011ac8    00000020                  : BIOS.obj (.text:ti_sysbios_family_arm_m3_Hwi_excHandler__I)
                  84011ae8    00000020                  : BIOS.obj (.text:ti_sysbios_hal_Hwi_Instance_init__E)
                  84011b08    00000020                  : BIOS.obj (.text:ti_sysbios_knl_Idle_run__E)
                  84011b28    00000020     ti.targets.arm.rtsarm.aem4 : Registry.oem4 (.text:xdc_runtime_Registry_findById__E)
                  84011b48    00000020                                : SysMin.oem4 (.text:xdc_runtime_SysMin_Module_startup__E)
                  84011b68    0000001e     sysbios.aem4 : m3_Hwi_asm_switch.obj (.text:ti_sysbios_family_xxx_Hwi_switchAndRunFunc)
                  84011b86    0000001c     rtsv7M4_T_le_eabi.lib : memccpy.obj (.text)
                  84011ba2    00000006     --HOLE-- [fill = 0]
                  84011ba8    0000001c     sysbios.aem4 : BIOS.obj (.text:ti_sysbios_family_arm_ducati_Timer_periodicStub__E)
                  84011bc4    00000004     --HOLE-- [fill = 0]
                  84011bc8    0000001c                  : BIOS.obj (.text:ti_sysbios_family_arm_m3_TaskSupport_start__E)
                  84011be4    00000004     --HOLE-- [fill = 0]
                  84011be8    0000001c                  : BIOS.obj (.text:ti_sysbios_gates_GateMutex_Instance_init__E)
                  84011c04    00000004     --HOLE-- [fill = 0]
                  84011c08    0000001c                  : BIOS.obj (.text:ti_sysbios_knl_Task_enter__I)
                  84011c24    0000001c     ti.targets.arm.rtsarm.aem4 : Error.oem4 (.text:xdc_runtime_Error_check__E)
                  84011c40    0000001c                                : Error.oem4 (.text:xdc_runtime_Error_raiseX__E)
                  84011c5c    0000001c                                : Memory.oem4 (.text:xdc_runtime_Memory_valloc__E)
                  84011c78    0000001c                                : SysMin.oem4 (.text:xdc_runtime_SysMin_exit__E)
                  84011c94    0000001c                                : System.oem4 (.text:xdc_runtime_System_abort__E)
                  84011cb0    0000001a     sysbios.aem4 : m3_Hwi_asm.obj (.text:ti_sysbios_family_arm_m3_Hwi_pendSV__I)
                  84011cca    00000002     --HOLE-- [fill = 0]
                  84011ccc    00000018     rtsv7M4_T_le_eabi.lib : args_main.obj (.text)
                  84011ce4    00000018                           : strcmp.obj (.text)
                  84011cfc    00000004     --HOLE-- [fill = 0]
                  84011d00    00000018     sysbios.aem4 : BIOS.obj (.text:ti_sysbios_gates_GateMutex_leave__E)
                  84011d18    00000018     ti.targets.arm.rtsarm.aem4 : Error.oem4 (.text:xdc_runtime_Error_init__E)
                  84011d30    00000018                                : System.oem4 (.text:xdc_runtime_System_exit__E)
                  84011d48    00000018                                : Text.oem4 (.text:xdc_runtime_Text_ropeText__E)
                  84011d60    00000016     rtsv7M4_T_le_eabi.lib : strchr.obj (.text)
                  84011d76    00000016     ti.targets.arm.rtsarm.aem4 : System.oem4 (.text:xdc_runtime_System_avsprintf__E)
                  84011d8c    00000016                                : System.oem4 (.text:xdc_runtime_System_vsprintf__E)
                  84011da2    00000002     --HOLE-- [fill = 0]
                  84011da4    00000014     rtsv7M4_T_le_eabi.lib : _lock.obj (.text)
                  84011db8    00000014                           : strcpy.obj (.text)
                  84011dcc    00000014                           : strlen.obj (.text)
                  84011de0    00000014     sysbios.aem4 : BIOS.obj (.text:ti_sysbios_family_arm_m3_Hwi_switchFromBootStack__E)
                  84011df4    00000004     --HOLE-- [fill = 0]
                  84011df8    00000012                  : BIOS.obj (.text:ti_sysbios_family_arm_ducati_Timer_setFunc__E)
                  84011e0a    00000006     --HOLE-- [fill = 0]
                  84011e10    00000012                  : BIOS.obj (.text:ti_sysbios_hal_Hwi_Module_startup__E)
                  84011e22    00000006     --HOLE-- [fill = 0]
                  84011e28    00000010                  : BIOS.obj (.text:ti_sysbios_BIOS_setThreadType__E)
                  84011e38    00000010                  : BIOS.obj (.text:ti_sysbios_BIOS_start__E)
                  84011e48    00000010                  : m3_TaskSupport_asm.obj (.text:ti_sysbios_family_arm_m3_TaskSupport_glue)
                  84011e58    00000010                  : m3_TaskSupport_asm.obj (.text:ti_sysbios_family_arm_m3_TaskSupport_swap__E)
                  84011e68    00000010                  : BIOS.obj (.text:ti_sysbios_gates_GateMutex_Instance_finalize__E)
                  84011e78    00000010                  : BIOS.obj (.text:ti_sysbios_knl_Semaphore_Instance_finalize__E)
                  84011e88    00000010                  : BIOS.obj (.text:ti_sysbios_knl_Swi_disable__E)
                  84011e98    00000010                  : BIOS.obj (.text:ti_sysbios_knl_Task_disable__E)
                  84011ea8    00000010     ti.targets.arm.rtsarm.aem4 : Gate.oem4 (.text:xdc_runtime_Gate_leaveSystem__E)
                  84011eb8    00000010                                : Memory.oem4 (.text:xdc_runtime_Memory_free__E)
                  84011ec8    00000010                                : SysMin.oem4 (.text:xdc_runtime_SysMin_ready__E)
                  84011ed8    00000010                                : System.oem4 (.text:xdc_runtime_System_vsnprintf__E)
                  84011ee8    0000000e     sysbios.aem4 : BIOS.obj (.text:ti_sysbios_knl_Idle_loop__E)
                  84011ef6    00000002     --HOLE-- [fill = 0]
                  84011ef8    0000000e                  : BIOS.obj (.text:ti_sysbios_knl_Queue_empty__E)
                  84011f06    00000002     --HOLE-- [fill = 0]
                  84011f08    0000000c                  : BIOS.obj (.text:ti_sysbios_family_arm_ducati_Core_getIpuId__E)
                  84011f14    00000004     --HOLE-- [fill = 0]
                  84011f18    0000000c                  : BIOS.obj (.text:ti_sysbios_family_arm_ducati_Core_startCore1__I)
                  84011f24    00000004     --HOLE-- [fill = 0]
                  84011f28    0000000c                  : BIOS.obj (.text:ti_sysbios_family_arm_ducati_GateDualCore_leave__E)
                  84011f34    00000004     --HOLE-- [fill = 0]
                  84011f38    0000000c                  : BIOS.obj (.text:ti_sysbios_family_arm_m3_Hwi_disableFxn__E)
                  84011f44    00000004     --HOLE-- [fill = 0]
                  84011f48    0000000c                  : BIOS.obj (.text:ti_sysbios_family_arm_m3_TaskSupport_getStackAlignment__E)
                  84011f54    00000004     --HOLE-- [fill = 0]
                  84011f58    0000000c                  : BIOS.obj (.text:ti_sysbios_gates_GateHwi_enter__E)
                  84011f64    0000000c     ti.targets.arm.rtsarm.aem4 : Gate.oem4 (.text:xdc_runtime_Gate_enterSystem__E)
                  84011f70    0000000c                                : Memory.oem4 (.text:xdc_runtime_Memory_calloc__E)
                  84011f7c    0000000c                                : Memory.oem4 (.text:xdc_runtime_Memory_getMaxDefaultTypeAlign__E)
                  84011f88    0000000c                                : Startup.oem4 (.text:xdc_runtime_Startup_rtsDone__E)
                  84011f94    0000000a     sysbios.aem4 : m3_IntrinsicsSupport_asm.obj (.text:ti_sysbios_family_arm_m3_IntrinsicsSupport_maxbit__E)
                  84011f9e    00000002     --HOLE-- [fill = 0]
                  84011fa0    0000000a                  : BIOS.obj (.text:ti_sysbios_hal_Hwi_Instance_finalize__E)
                  84011faa    00000008     rtsv7M4_T_le_eabi.lib : s_copysign.obj (.text)
                  84011fb2    00000006     --HOLE-- [fill = 0]
                  84011fb8    00000008     sysbios.aem4 : BIOS.obj (.text:ti_sysbios_family_arm_ducati_Timer_getFunc__E)
                  84011fc0    00000008                  : BIOS.obj (.text:ti_sysbios_family_arm_m3_Hwi_doSwiRestore__I)
                  84011fc8    00000008                  : BIOS.obj (.text:ti_sysbios_family_arm_m3_Hwi_getFunc__E)
                  84011fd0    00000008                  : BIOS.obj (.text:ti_sysbios_family_arm_m3_Hwi_getHookContext__E)
                  84011fd8    00000008                  : BIOS.obj (.text:ti_sysbios_family_arm_m3_Hwi_setHookContext__E)
                  84011fe0    00000008                  : BIOS.obj (.text:ti_sysbios_family_arm_m3_Hwi_startup__E)
                  84011fe8    00000006                  : BIOS.obj (.text:ti_sysbios_family_arm_m3_Hwi_restoreFxn__E)
                  84011fee    00000002     --HOLE-- [fill = 0]
                  84011ff0    00000006                  : BIOS.obj (.text:ti_sysbios_family_arm_m3_Hwi_setFunc__E)
                  84011ff6    00000002     --HOLE-- [fill = 0]
                  84011ff8    00000006                  : BIOS.obj (.text:ti_sysbios_gates_GateHwi_leave__E)
                  84011ffe    00000002     --HOLE-- [fill = 0]
                  84012000    00000006                  : BIOS.obj (.text:ti_sysbios_heaps_HeapMem_isBlocking__E)
                  84012006    00000002     --HOLE-- [fill = 0]
                  84012008    00000006                  : BIOS.obj (.text:ti_sysbios_knl_Queue_Instance_init__E)
                  8401200e    00000002     --HOLE-- [fill = 0]
                  84012010    00000006                  : BIOS.obj (.text:ti_sysbios_knl_Task_enable__E)
                  84012016    00000002     --HOLE-- [fill = 0]
                  84012018    00000004                  : BIOS.obj (.text:ti_sysbios_family_arm_ducati_GateDualCore_query__E)
                  8401201c    00000004     --HOLE-- [fill = 0]
                  84012020    00000004                  : BIOS.obj (.text:ti_sysbios_family_arm_ducati_Timer_getCurrentTick__E)
                  84012024    00000004     --HOLE-- [fill = 0]
                  84012028    00000004                  : BIOS.obj (.text:ti_sysbios_family_arm_ducati_Timer_getExpiredTicks__E)
                  8401202c    00000004     --HOLE-- [fill = 0]
                  84012030    00000004                  : BIOS.obj (.text:ti_sysbios_family_arm_ducati_Timer_getMaxTicks__E)
                  84012034    00000004     --HOLE-- [fill = 0]
                  84012038    00000004                  : BIOS.obj (.text:ti_sysbios_family_arm_ducati_Timer_getPeriod__E)
                  8401203c    00000004     --HOLE-- [fill = 0]
                  84012040    00000004                  : BIOS.obj (.text:ti_sysbios_family_arm_m3_Hwi_getIrp__E)
                  84012044    00000004     --HOLE-- [fill = 0]
                  84012048    00000004                  : BIOS.obj (.text:ti_sysbios_gates_GateHwi_query__E)
                  8401204c    00000004     --HOLE-- [fill = 0]
                  84012050    00000004                  : BIOS.obj (.text:ti_sysbios_gates_GateMutex_query__E)
                  84012054    00000004     --HOLE-- [fill = 0]
                  84012058    00000004                  : BIOS.obj (.text:ti_sysbios_hal_Cache_inv__E)
                  8401205c    00000004     --HOLE-- [fill = 0]
                  84012060    00000004                  : BIOS.obj (.text:ti_sysbios_hal_Cache_wb__E)
                  84012064    00000004     --HOLE-- [fill = 0]
                  84012068    00000004                  : BIOS.obj (.text:ti_sysbios_hal_Hwi_disableInterrupt__E)
                  8401206c    00000004     --HOLE-- [fill = 0]
                  84012070    00000004                  : BIOS.obj (.text:ti_sysbios_hal_Hwi_enableInterrupt__E)
                  84012074    00000004     --HOLE-- [fill = 0]
                  84012078    00000004                  : BIOS.obj (.text:ti_sysbios_hal_Hwi_startup__E)
                  8401207c    00000004     --HOLE-- [fill = 0]
                  84012080    00000004                  : BIOS.obj (.text:ti_sysbios_knl_Task_startup__E)
                  84012084    00000004     --HOLE-- [fill = 0]
                  84012088    00000002                  : BIOS.obj (.text:ti_sysbios_BIOS_linkedWithIncorrectBootLibrary__E)
                  8401208a    00000006     --HOLE-- [fill = 0]
                  84012090    00000002                  : BIOS.obj (.text:ti_sysbios_family_arm_ducati_Timer_setNextTick__E)
                  84012092    00000006     --HOLE-- [fill = 0]
                  84012098    00000002                  : BIOS.obj (.text:ti_sysbios_gates_GateHwi_Instance_init__E)

.const     0    8503997c    00002b02     
                  8503997c    00001bee     edma3_drv_bios6_tda2xx_m4_c0_st_sample_pem4.oem4 (.const:xdc_runtime_Text_charTab__A)
                  8503b56a    00000002     edma3_drv_bios6_tda2xx_m4_c0_st_sample_pem4.oem4 (.const:ti_sysbios_family_arm_ducati_Core_Module__id__C)
                  8503b56c    000004b8     edma3_drv_bios6_tda2xx_m4_c0_st_sample_pem4.oem4 (.const:ti_sysbios_hal_ammu_AMMU_mmuInitConfig__C)
                  8503ba24    00000101     rtsv7M4_T_le_eabi.lib : ctype.obj (.const:.string:_ctypes_)
                  8503bb25    00000001     edma3_drv_bios6_tda2xx_m4_c0_st_sample_pem4.oem4 (.const:xdc_runtime_Error_policy__C)
                  8503bb26    000000d0     edma3_drv_bios6_tda2xx_m4_c0_st_sample_pem4.oem4 (.const:xdc_runtime_Text_nodeTab__A)
                  8503bbf6    00000002     edma3_drv_bios6_tda2xx_m4_c0_st_sample_pem4.oem4 (.const:ti_sysbios_family_arm_ducati_GateDualCore_Module__id__C)
                  8503bbf8    00000048     edma3_drv_bios6_tda2xx_m4_c0_st_sample_pem4.oem4 (.const:.string)
                  8503bc40    0000003c     edma3_drv_bios6_tda2xx_m4_c0_st_sample_pem4.oem4 (.const:ti_sysbios_knl_Task_Object__PARAMS__C)
                  8503bc7c    00000038     edma3_drv_bios6_tda2xx_m4_c0_st_sample_pem4.oem4 (.const:ti_sysbios_hal_unicache_Cache_Module__FXNS__C)
                  8503bcb4    00000035     edma3_lld_drv.aem4 : edma3_drv_basic.oem4 (.const:.string:edma3LldVersionStr)
                  8503bce9    00000001     --HOLE-- [fill = 0]
                  8503bcea    00000002     edma3_drv_bios6_tda2xx_m4_c0_st_sample_pem4.oem4 (.const:ti_sysbios_family_arm_ducati_GateDualCore_initGates__C)
                  8503bcec    00000034     edma3_drv_bios6_tda2xx_m4_c0_st_sample_pem4.oem4 (.const:ti_sysbios_family_arm_ducati_Timer_Object__PARAMS__C)
                  8503bd20    00000030     edma3_drv_bios6_tda2xx_m4_c0_st_sample_pem4.oem4 (.const:ti_sysbios_family_arm_m3_Hwi_Object__PARAMS__C)
                  8503bd50    0000002c     edma3_drv_bios6_tda2xx_m4_c0_st_sample_pem4.oem4 (.const:ti_sysbios_hal_Hwi_Object__PARAMS__C)
                  8503bd7c    0000002c     edma3_drv_bios6_tda2xx_m4_c0_st_sample_pem4.oem4 (.const:xdc_runtime_SysMin_Module__FXNS__C)
                  8503bda8    00000028     edma3_drv_bios6_tda2xx_m4_c0_st_sample_pem4.oem4 (.const:ti_sysbios_heaps_HeapMem_Module__FXNS__C)
                  8503bdd0    00000028     edma3_drv_bios6_tda2xx_m4_c0_st_sample_pem4.oem4 (.const:ti_sysbios_knl_Swi_Object__PARAMS__C)
                  8503bdf8    00000028     edma3_drv_bios6_tda2xx_m4_c0_st_sample_pem4.oem4 (.const:xdc_runtime_Startup_sfxnTab__A)
                  8503be20    00000024     edma3_drv_bios6_tda2xx_m4_c0_st_sample_pem4.oem4 (.const:ti_sysbios_family_arm_ducati_GateDualCore_Module__FXNS__C)
                  8503be44    00000024     edma3_drv_bios6_tda2xx_m4_c0_st_sample_pem4.oem4 (.const:ti_sysbios_gates_GateHwi_Module__FXNS__C)
                  8503be68    00000024     edma3_drv_bios6_tda2xx_m4_c0_st_sample_pem4.oem4 (.const:ti_sysbios_gates_GateMutex_Module__FXNS__C)
                  8503be8c    00000024     edma3_drv_bios6_tda2xx_m4_c0_st_sample_pem4.oem4 (.const:ti_sysbios_heaps_HeapMem_Object__PARAMS__C)
                  8503beb0    00000024     edma3_drv_bios6_tda2xx_m4_c0_st_sample_pem4.oem4 (.const:ti_sysbios_knl_Clock_Object__PARAMS__C)
                  8503bed4    00000024     edma3_drv_bios6_tda2xx_m4_c0_st_sample_pem4.oem4 (.const:ti_sysbios_knl_Semaphore_Object__PARAMS__C)
                  8503bef8    00000020     dma_link_test.oem4 (.const:$P$T0$1)
                  8503bf18    00000020     dma_ping_pong_test.oem4 (.const:$P$T0$1)
                  8503bf38    00000020     dma_test.oem4 (.const:$P$T0$1)
                  8503bf58    00000020     edma3_drv_bios6_tda2xx_m4_c0_st_sample_pem4.oem4 (.const:ti_sysbios_family_arm_ducati_GateDualCore_Object__DESC__C)
                  8503bf78    00000020     edma3_drv_bios6_tda2xx_m4_c0_st_sample_pem4.oem4 (.const:ti_sysbios_family_arm_ducati_Timer_Object__DESC__C)
                  8503bf98    00000020     edma3_drv_bios6_tda2xx_m4_c0_st_sample_pem4.oem4 (.const:ti_sysbios_family_arm_m3_Hwi_Object__DESC__C)
                  8503bfb8    00000020     edma3_drv_bios6_tda2xx_m4_c0_st_sample_pem4.oem4 (.const:ti_sysbios_gates_GateHwi_Object__DESC__C)
                  8503bfd8    00000020     edma3_drv_bios6_tda2xx_m4_c0_st_sample_pem4.oem4 (.const:ti_sysbios_gates_GateMutex_Object__DESC__C)
                  8503bff8    00000020     edma3_drv_bios6_tda2xx_m4_c0_st_sample_pem4.oem4 (.const:ti_sysbios_hal_Hwi_Object__DESC__C)
                  8503c018    00000020     edma3_drv_bios6_tda2xx_m4_c0_st_sample_pem4.oem4 (.const:ti_sysbios_heaps_HeapMem_Object__DESC__C)
                  8503c038    00000020     edma3_drv_bios6_tda2xx_m4_c0_st_sample_pem4.oem4 (.const:ti_sysbios_knl_Clock_Object__DESC__C)
                  8503c058    00000020     edma3_drv_bios6_tda2xx_m4_c0_st_sample_pem4.oem4 (.const:ti_sysbios_knl_Queue_Object__DESC__C)
                  8503c078    00000020     edma3_drv_bios6_tda2xx_m4_c0_st_sample_pem4.oem4 (.const:ti_sysbios_knl_Semaphore_Object__DESC__C)
                  8503c098    00000020     edma3_drv_bios6_tda2xx_m4_c0_st_sample_pem4.oem4 (.const:ti_sysbios_knl_Swi_Object__DESC__C)
                  8503c0b8    00000020     edma3_drv_bios6_tda2xx_m4_c0_st_sample_pem4.oem4 (.const:ti_sysbios_knl_Task_Object__DESC__C)
                  8503c0d8    0000001c     edma3_drv_bios6_tda2xx_m4_c0_st_sample_pem4.oem4 (.const:ti_sysbios_family_arm_ducati_GateDualCore_Object__PARAMS__C)
                  8503c0f4    0000001c     edma3_drv_bios6_tda2xx_m4_c0_st_sample_pem4.oem4 (.const:ti_sysbios_family_arm_m3_IntrinsicsSupport_Module__FXNS__C)
                  8503c110    00000018     edma3_drv_bios6_tda2xx_m4_c0_st_sample_pem4.oem4 (.const:ti_sysbios_gates_GateHwi_Object__PARAMS__C)
                  8503c128    00000018     edma3_drv_bios6_tda2xx_m4_c0_st_sample_pem4.oem4 (.const:ti_sysbios_gates_GateMutex_Object__PARAMS__C)
                  8503c140    00000018     edma3_drv_bios6_tda2xx_m4_c0_st_sample_pem4.oem4 (.const:ti_sysbios_knl_Queue_Object__PARAMS__C)
                  8503c158    00000014     edma3_drv_bios6_tda2xx_m4_c0_st_sample_pem4.oem4 (.const:xdc_runtime_Startup_sfxnRts__A)
                  8503c16c    0000000c     edma3_drv_bios6_tda2xx_m4_c0_st_sample_pem4.oem4 (.const:xdc_runtime_Startup_firstFxns__A)
                  8503c178    00000008     edma3_lld_drv_sample.aem4 : sample_tda2xx_cfg.oem4 (.const)
                  8503c180    00000008     edma3_drv_bios6_tda2xx_m4_c0_st_sample_pem4.oem4 (.const:ti_sysbios_family_arm_m3_Hwi_excHookFuncs__A)
                  8503c188    00000008     edma3_drv_bios6_tda2xx_m4_c0_st_sample_pem4.oem4 (.const:ti_sysbios_knl_Idle_funcList__C)
                  8503c190    00000008     edma3_drv_bios6_tda2xx_m4_c0_st_sample_pem4.oem4 (.const:xdc_runtime_Startup_firstFxns__C)
                  8503c198    00000008     edma3_drv_bios6_tda2xx_m4_c0_st_sample_pem4.oem4 (.const:xdc_runtime_Startup_lastFxns__C)
                  8503c1a0    00000004     edma3_lld_rm.aem4 : edma3_rm_gbl_data.oem4 (.const)
                  8503c1a4    00000004     edma3_drv_bios6_tda2xx_m4_c0_st_sample_pem4.oem4 (.const:ti_sysbios_family_arm_ducati_Core_E_mismatchedIds__C)
                  8503c1a8    00000004     edma3_drv_bios6_tda2xx_m4_c0_st_sample_pem4.oem4 (.const:ti_sysbios_family_arm_ducati_Core_id__C)
                  8503c1ac    00000004     edma3_drv_bios6_tda2xx_m4_c0_st_sample_pem4.oem4 (.const:ti_sysbios_family_arm_ducati_Core_ipuId__C)
                  8503c1b0    00000004     edma3_drv_bios6_tda2xx_m4_c0_st_sample_pem4.oem4 (.const:ti_sysbios_family_arm_ducati_GateDualCore_A_nestedEnter__C)
                  8503c1b4    00000004     edma3_drv_bios6_tda2xx_m4_c0_st_sample_pem4.oem4 (.const:ti_sysbios_family_arm_ducati_GateDualCore_E_gateInUse__C)
                  8503c1b8    00000004     edma3_drv_bios6_tda2xx_m4_c0_st_sample_pem4.oem4 (.const:ti_sysbios_family_arm_ducati_GateDualCore_E_invalidIndex__C)
                  8503c1bc    00000004     edma3_drv_bios6_tda2xx_m4_c0_st_sample_pem4.oem4 (.const:ti_sysbios_family_arm_ducati_GateDualCore_Module__diagsEnabled__C)
                  8503c1c0    00000004     edma3_drv_bios6_tda2xx_m4_c0_st_sample_pem4.oem4 (.const:ti_sysbios_family_arm_ducati_GateDualCore_Module__diagsIncluded__C)
                  8503c1c4    00000004     edma3_drv_bios6_tda2xx_m4_c0_st_sample_pem4.oem4 (.const:ti_sysbios_family_arm_ducati_GateDualCore_Module__diagsMask__C)
                  8503c1c8    00000004     edma3_drv_bios6_tda2xx_m4_c0_st_sample_pem4.oem4 (.const:ti_sysbios_family_arm_ducati_GateDualCore_Object__count__C)
                  8503c1cc    00000004     edma3_drv_bios6_tda2xx_m4_c0_st_sample_pem4.oem4 (.const:ti_sysbios_family_arm_ducati_GateDualCore_numGates__C)
                  8503c1d0    00000004     edma3_drv_bios6_tda2xx_m4_c0_st_sample_pem4.oem4 (.const:ti_sysbios_family_arm_ducati_Timer_E_cannotSupport__C)
                  8503c1d4    00000004     edma3_drv_bios6_tda2xx_m4_c0_st_sample_pem4.oem4 (.const:ti_sysbios_family_arm_ducati_Timer_E_invalidTimer__C)
                  8503c1d8    00000004     edma3_drv_bios6_tda2xx_m4_c0_st_sample_pem4.oem4 (.const:ti_sysbios_family_arm_ducati_Timer_E_notAvailable__C)
                  8503c1dc    00000004     edma3_drv_bios6_tda2xx_m4_c0_st_sample_pem4.oem4 (.const:ti_sysbios_family_arm_ducati_Timer_anyMask__C)
                  8503c1e0    00000004     edma3_drv_bios6_tda2xx_m4_c0_st_sample_pem4.oem4 (.const:ti_sysbios_family_arm_ducati_Timer_startupNeeded__C)
                  8503c1e4    00000004     edma3_drv_bios6_tda2xx_m4_c0_st_sample_pem4.oem4 (.const:ti_sysbios_family_arm_m3_Hwi_E_NMI__C)
                  8503c1e8    00000004     edma3_drv_bios6_tda2xx_m4_c0_st_sample_pem4.oem4 (.const:ti_sysbios_family_arm_m3_Hwi_E_alreadyDefined__C)
                  8503c1ec    00000004     edma3_drv_bios6_tda2xx_m4_c0_st_sample_pem4.oem4 (.const:ti_sysbios_family_arm_m3_Hwi_E_busFault__C)
                  8503c1f0    00000004     edma3_drv_bios6_tda2xx_m4_c0_st_sample_pem4.oem4 (.const:ti_sysbios_family_arm_m3_Hwi_E_debugMon__C)
                  8503c1f4    00000004     edma3_drv_bios6_tda2xx_m4_c0_st_sample_pem4.oem4 (.const:ti_sysbios_family_arm_m3_Hwi_E_hardFault__C)
                  8503c1f8    00000004     edma3_drv_bios6_tda2xx_m4_c0_st_sample_pem4.oem4 (.const:ti_sysbios_family_arm_m3_Hwi_E_memFault__C)
                  8503c1fc    00000004     edma3_drv_bios6_tda2xx_m4_c0_st_sample_pem4.oem4 (.const:ti_sysbios_family_arm_m3_Hwi_E_noIsr__C)
                  8503c200    00000004     edma3_drv_bios6_tda2xx_m4_c0_st_sample_pem4.oem4 (.const:ti_sysbios_family_arm_m3_Hwi_E_reserved__C)
                  8503c204    00000004     edma3_drv_bios6_tda2xx_m4_c0_st_sample_pem4.oem4 (.const:ti_sysbios_family_arm_m3_Hwi_E_svCall__C)
                  8503c208    00000004     edma3_drv_bios6_tda2xx_m4_c0_st_sample_pem4.oem4 (.const:ti_sysbios_family_arm_m3_Hwi_E_usageFault__C)
                  8503c20c    00000004     edma3_drv_bios6_tda2xx_m4_c0_st_sample_pem4.oem4 (.const:ti_sysbios_family_arm_m3_Hwi_LD_end__C)
                  8503c210    00000004     edma3_drv_bios6_tda2xx_m4_c0_st_sample_pem4.oem4 (.const:ti_sysbios_family_arm_m3_Hwi_LM_begin__C)
                  8503c214    00000004     edma3_drv_bios6_tda2xx_m4_c0_st_sample_pem4.oem4 (.const:ti_sysbios_family_arm_m3_Hwi_Module__diagsEnabled__C)
                  8503c218    00000004     edma3_drv_bios6_tda2xx_m4_c0_st_sample_pem4.oem4 (.const:ti_sysbios_family_arm_m3_Hwi_Module__diagsIncluded__C)
                  8503c21c    00000004     edma3_drv_bios6_tda2xx_m4_c0_st_sample_pem4.oem4 (.const:ti_sysbios_family_arm_m3_Hwi_Module__diagsMask__C)
                  8503c220    00000004     edma3_drv_bios6_tda2xx_m4_c0_st_sample_pem4.oem4 (.const:ti_sysbios_family_arm_m3_Hwi_Module__loggerFxn1__C)
                  8503c224    00000004     edma3_drv_bios6_tda2xx_m4_c0_st_sample_pem4.oem4 (.const:ti_sysbios_family_arm_m3_Hwi_Module__loggerFxn8__C)
                  8503c228    00000004     edma3_drv_bios6_tda2xx_m4_c0_st_sample_pem4.oem4 (.const:ti_sysbios_family_arm_m3_Hwi_Module__loggerObj__C)
                  8503c22c    00000004     edma3_drv_bios6_tda2xx_m4_c0_st_sample_pem4.oem4 (.const:ti_sysbios_family_arm_m3_Hwi_NUM_INTERRUPTS__C)
                  8503c230    00000004     edma3_drv_bios6_tda2xx_m4_c0_st_sample_pem4.oem4 (.const:ti_sysbios_family_arm_m3_Hwi_Object__count__C)
                  8503c234    00000004     edma3_drv_bios6_tda2xx_m4_c0_st_sample_pem4.oem4 (.const:ti_sysbios_family_arm_m3_Hwi_ccr__C)
                  8503c238    00000004     edma3_drv_bios6_tda2xx_m4_c0_st_sample_pem4.oem4 (.const:ti_sysbios_family_arm_m3_Hwi_excHandlerFunc__C)
                  8503c23c    00000004     edma3_drv_bios6_tda2xx_m4_c0_st_sample_pem4.oem4 (.const:ti_sysbios_family_arm_m3_Hwi_excHookFuncs__C)
                  8503c240    00000004     edma3_drv_bios6_tda2xx_m4_c0_st_sample_pem4.oem4 (.const:ti_sysbios_family_arm_m3_Hwi_nullIsrFunc__C)
                  8503c244    00000004     edma3_drv_bios6_tda2xx_m4_c0_st_sample_pem4.oem4 (.const:ti_sysbios_family_arm_m3_Hwi_priGroup__C)
                  8503c248    00000004     edma3_drv_bios6_tda2xx_m4_c0_st_sample_pem4.oem4 (.const:ti_sysbios_family_arm_m3_TaskSupport_stackAlignment__C)
                  8503c24c    00000004     edma3_drv_bios6_tda2xx_m4_c0_st_sample_pem4.oem4 (.const:ti_sysbios_family_shared_vayu_IntXbar_A_badBenelliIpuId__C)
                  8503c250    00000004     edma3_drv_bios6_tda2xx_m4_c0_st_sample_pem4.oem4 (.const:ti_sysbios_family_shared_vayu_IntXbar_A_badBenelliXbarInstanceNum__C)
                  8503c254    00000004     edma3_drv_bios6_tda2xx_m4_c0_st_sample_pem4.oem4 (.const:ti_sysbios_family_shared_vayu_IntXbar_A_badIntSourceIdx__C)
                  8503c258    00000004     edma3_drv_bios6_tda2xx_m4_c0_st_sample_pem4.oem4 (.const:ti_sysbios_family_shared_vayu_IntXbar_Module__diagsEnabled__C)
                  8503c25c    00000004     edma3_drv_bios6_tda2xx_m4_c0_st_sample_pem4.oem4 (.const:ti_sysbios_family_shared_vayu_IntXbar_Module__diagsIncluded__C)
                  8503c260    00000004     edma3_drv_bios6_tda2xx_m4_c0_st_sample_pem4.oem4 (.const:ti_sysbios_family_shared_vayu_IntXbar_Module__diagsMask__C)
                  8503c264    00000004     edma3_drv_bios6_tda2xx_m4_c0_st_sample_pem4.oem4 (.const:ti_sysbios_family_shared_vayu_IntXbar_mmrBaseAddr__C)
                  8503c268    00000004     edma3_drv_bios6_tda2xx_m4_c0_st_sample_pem4.oem4 (.const:ti_sysbios_gates_GateMutex_A_badContext__C)
                  8503c26c    00000004     edma3_drv_bios6_tda2xx_m4_c0_st_sample_pem4.oem4 (.const:ti_sysbios_gates_GateMutex_Instance_State_sem__O)
                  8503c270    00000004     edma3_drv_bios6_tda2xx_m4_c0_st_sample_pem4.oem4 (.const:ti_sysbios_gates_GateMutex_Module__diagsEnabled__C)
                  8503c274    00000004     edma3_drv_bios6_tda2xx_m4_c0_st_sample_pem4.oem4 (.const:ti_sysbios_gates_GateMutex_Module__diagsIncluded__C)
                  8503c278    00000004     edma3_drv_bios6_tda2xx_m4_c0_st_sample_pem4.oem4 (.const:ti_sysbios_gates_GateMutex_Module__diagsMask__C)
                  8503c27c    00000004     edma3_drv_bios6_tda2xx_m4_c0_st_sample_pem4.oem4 (.const:ti_sysbios_hal_ammu_AMMU_numLargePages__C)
                  8503c280    00000004     edma3_drv_bios6_tda2xx_m4_c0_st_sample_pem4.oem4 (.const:ti_sysbios_hal_ammu_AMMU_numLinePages__C)
                  8503c284    00000004     edma3_drv_bios6_tda2xx_m4_c0_st_sample_pem4.oem4 (.const:ti_sysbios_hal_ammu_AMMU_numMediumPages__C)
                  8503c288    00000004     edma3_drv_bios6_tda2xx_m4_c0_st_sample_pem4.oem4 (.const:ti_sysbios_hal_ammu_AMMU_numSmallPages__C)
                  8503c28c    00000004     edma3_drv_bios6_tda2xx_m4_c0_st_sample_pem4.oem4 (.const:ti_sysbios_hal_unicache_Cache_Module__gateObj__C)
                  8503c290    00000004     edma3_drv_bios6_tda2xx_m4_c0_st_sample_pem4.oem4 (.const:ti_sysbios_hal_unicache_Cache_l1ocpConfig__C)
                  8503c294    00000004     edma3_drv_bios6_tda2xx_m4_c0_st_sample_pem4.oem4 (.const:ti_sysbios_hal_unicache_Cache_l1secConfig__C)
                  8503c298    00000004     edma3_drv_bios6_tda2xx_m4_c0_st_sample_pem4.oem4 (.const:ti_sysbios_hal_unicache_Cache_l2ocpConfig__C)
                  8503c29c    00000004     edma3_drv_bios6_tda2xx_m4_c0_st_sample_pem4.oem4 (.const:ti_sysbios_hal_unicache_Cache_l2secConfig__C)
                  8503c2a0    00000004     edma3_drv_bios6_tda2xx_m4_c0_st_sample_pem4.oem4 (.const:ti_sysbios_hal_unicache_Cache_maxLineModeBufSize__C)
                  8503c2a4    00000004     edma3_drv_bios6_tda2xx_m4_c0_st_sample_pem4.oem4 (.const:ti_sysbios_heaps_HeapMem_A_align__C)
                  8503c2a8    00000004     edma3_drv_bios6_tda2xx_m4_c0_st_sample_pem4.oem4 (.const:ti_sysbios_heaps_HeapMem_A_heapSize__C)
                  8503c2ac    00000004     edma3_drv_bios6_tda2xx_m4_c0_st_sample_pem4.oem4 (.const:ti_sysbios_heaps_HeapMem_A_invalidFree__C)
                  8503c2b0    00000004     edma3_drv_bios6_tda2xx_m4_c0_st_sample_pem4.oem4 (.const:ti_sysbios_heaps_HeapMem_A_zeroBlock__C)
                  8503c2b4    00000004     edma3_drv_bios6_tda2xx_m4_c0_st_sample_pem4.oem4 (.const:ti_sysbios_heaps_HeapMem_E_memory__C)
                  8503c2b8    00000004     edma3_drv_bios6_tda2xx_m4_c0_st_sample_pem4.oem4 (.const:ti_sysbios_heaps_HeapMem_Module__diagsEnabled__C)
                  8503c2bc    00000004     edma3_drv_bios6_tda2xx_m4_c0_st_sample_pem4.oem4 (.const:ti_sysbios_heaps_HeapMem_Module__diagsIncluded__C)
                  8503c2c0    00000004     edma3_drv_bios6_tda2xx_m4_c0_st_sample_pem4.oem4 (.const:ti_sysbios_heaps_HeapMem_Module__diagsMask__C)
                  8503c2c4    00000004     edma3_drv_bios6_tda2xx_m4_c0_st_sample_pem4.oem4 (.const:ti_sysbios_heaps_HeapMem_Module__gateObj__C)
                  8503c2c8    00000004     edma3_drv_bios6_tda2xx_m4_c0_st_sample_pem4.oem4 (.const:ti_sysbios_heaps_HeapMem_Object__count__C)
                  8503c2cc    00000004     edma3_drv_bios6_tda2xx_m4_c0_st_sample_pem4.oem4 (.const:ti_sysbios_heaps_HeapMem_reqAlign__C)
                  8503c2d0    00000004     edma3_drv_bios6_tda2xx_m4_c0_st_sample_pem4.oem4 (.const:ti_sysbios_interfaces_ICache_Interface__BASE__C)
                  8503c2d4    00000004     edma3_drv_bios6_tda2xx_m4_c0_st_sample_pem4.oem4 (.const:ti_sysbios_interfaces_IIntrinsicsSupport_Interface__BASE__C)
                  8503c2d8    00000004     edma3_drv_bios6_tda2xx_m4_c0_st_sample_pem4.oem4 (.const:ti_sysbios_knl_Clock_A_badThreadType__C)
                  8503c2dc    00000004     edma3_drv_bios6_tda2xx_m4_c0_st_sample_pem4.oem4 (.const:ti_sysbios_knl_Clock_LM_begin__C)
                  8503c2e0    00000004     edma3_drv_bios6_tda2xx_m4_c0_st_sample_pem4.oem4 (.const:ti_sysbios_knl_Clock_LM_tick__C)
                  8503c2e4    00000004     edma3_drv_bios6_tda2xx_m4_c0_st_sample_pem4.oem4 (.const:ti_sysbios_knl_Clock_LW_delayed__C)
                  8503c2e8    00000004     edma3_drv_bios6_tda2xx_m4_c0_st_sample_pem4.oem4 (.const:ti_sysbios_knl_Clock_Module_State_clockQ__O)
                  8503c2ec    00000004     edma3_drv_bios6_tda2xx_m4_c0_st_sample_pem4.oem4 (.const:ti_sysbios_knl_Clock_Module__diagsEnabled__C)
                  8503c2f0    00000004     edma3_drv_bios6_tda2xx_m4_c0_st_sample_pem4.oem4 (.const:ti_sysbios_knl_Clock_Module__diagsIncluded__C)
                  8503c2f4    00000004     edma3_drv_bios6_tda2xx_m4_c0_st_sample_pem4.oem4 (.const:ti_sysbios_knl_Clock_Module__diagsMask__C)
                  8503c2f8    00000004     edma3_drv_bios6_tda2xx_m4_c0_st_sample_pem4.oem4 (.const:ti_sysbios_knl_Clock_Module__loggerFxn1__C)
                  8503c2fc    00000004     edma3_drv_bios6_tda2xx_m4_c0_st_sample_pem4.oem4 (.const:ti_sysbios_knl_Clock_Module__loggerFxn2__C)
                  8503c300    00000004     edma3_drv_bios6_tda2xx_m4_c0_st_sample_pem4.oem4 (.const:ti_sysbios_knl_Clock_Module__loggerObj__C)
                  8503c304    00000004     edma3_drv_bios6_tda2xx_m4_c0_st_sample_pem4.oem4 (.const:ti_sysbios_knl_Semaphore_A_badContext__C)
                  8503c308    00000004     edma3_drv_bios6_tda2xx_m4_c0_st_sample_pem4.oem4 (.const:ti_sysbios_knl_Semaphore_A_noEvents__C)
                  8503c30c    00000004     edma3_drv_bios6_tda2xx_m4_c0_st_sample_pem4.oem4 (.const:ti_sysbios_knl_Semaphore_A_overflow__C)
                  8503c310    00000004     edma3_drv_bios6_tda2xx_m4_c0_st_sample_pem4.oem4 (.const:ti_sysbios_knl_Semaphore_A_pendTaskDisabled__C)
                  8503c314    00000004     edma3_drv_bios6_tda2xx_m4_c0_st_sample_pem4.oem4 (.const:ti_sysbios_knl_Semaphore_Instance_State_pendQ__O)
                  8503c318    00000004     edma3_drv_bios6_tda2xx_m4_c0_st_sample_pem4.oem4 (.const:ti_sysbios_knl_Semaphore_LM_pend__C)
                  8503c31c    00000004     edma3_drv_bios6_tda2xx_m4_c0_st_sample_pem4.oem4 (.const:ti_sysbios_knl_Semaphore_LM_post__C)
                  8503c320    00000004     edma3_drv_bios6_tda2xx_m4_c0_st_sample_pem4.oem4 (.const:ti_sysbios_knl_Semaphore_Module__diagsEnabled__C)
                  8503c324    00000004     edma3_drv_bios6_tda2xx_m4_c0_st_sample_pem4.oem4 (.const:ti_sysbios_knl_Semaphore_Module__diagsIncluded__C)
                  8503c328    00000004     edma3_drv_bios6_tda2xx_m4_c0_st_sample_pem4.oem4 (.const:ti_sysbios_knl_Semaphore_Module__diagsMask__C)
                  8503c32c    00000004     edma3_drv_bios6_tda2xx_m4_c0_st_sample_pem4.oem4 (.const:ti_sysbios_knl_Semaphore_Module__loggerFxn2__C)
                  8503c330    00000004     edma3_drv_bios6_tda2xx_m4_c0_st_sample_pem4.oem4 (.const:ti_sysbios_knl_Semaphore_Module__loggerFxn4__C)
                  8503c334    00000004     edma3_drv_bios6_tda2xx_m4_c0_st_sample_pem4.oem4 (.const:ti_sysbios_knl_Semaphore_Module__loggerObj__C)
                  8503c338    00000004     edma3_drv_bios6_tda2xx_m4_c0_st_sample_pem4.oem4 (.const:ti_sysbios_knl_Swi_A_badPriority__C)
                  8503c33c    00000004     edma3_drv_bios6_tda2xx_m4_c0_st_sample_pem4.oem4 (.const:ti_sysbios_knl_Swi_LD_end__C)
                  8503c340    00000004     edma3_drv_bios6_tda2xx_m4_c0_st_sample_pem4.oem4 (.const:ti_sysbios_knl_Swi_LM_begin__C)
                  8503c344    00000004     edma3_drv_bios6_tda2xx_m4_c0_st_sample_pem4.oem4 (.const:ti_sysbios_knl_Swi_LM_post__C)
                  8503c348    00000004     edma3_drv_bios6_tda2xx_m4_c0_st_sample_pem4.oem4 (.const:ti_sysbios_knl_Swi_Module__diagsEnabled__C)
                  8503c34c    00000004     edma3_drv_bios6_tda2xx_m4_c0_st_sample_pem4.oem4 (.const:ti_sysbios_knl_Swi_Module__diagsIncluded__C)
                  8503c350    00000004     edma3_drv_bios6_tda2xx_m4_c0_st_sample_pem4.oem4 (.const:ti_sysbios_knl_Swi_Module__diagsMask__C)
                  8503c354    00000004     edma3_drv_bios6_tda2xx_m4_c0_st_sample_pem4.oem4 (.const:ti_sysbios_knl_Swi_Module__loggerFxn1__C)
                  8503c358    00000004     edma3_drv_bios6_tda2xx_m4_c0_st_sample_pem4.oem4 (.const:ti_sysbios_knl_Swi_Module__loggerFxn4__C)
                  8503c35c    00000004     edma3_drv_bios6_tda2xx_m4_c0_st_sample_pem4.oem4 (.const:ti_sysbios_knl_Swi_Module__loggerObj__C)
                  8503c360    00000004     edma3_drv_bios6_tda2xx_m4_c0_st_sample_pem4.oem4 (.const:ti_sysbios_knl_Swi_Object__count__C)
                  8503c364    00000004     edma3_drv_bios6_tda2xx_m4_c0_st_sample_pem4.oem4 (.const:ti_sysbios_knl_Task_A_badPriority__C)
                  8503c368    00000004     edma3_drv_bios6_tda2xx_m4_c0_st_sample_pem4.oem4 (.const:ti_sysbios_knl_Task_A_badTaskState__C)
                  8503c36c    00000004     edma3_drv_bios6_tda2xx_m4_c0_st_sample_pem4.oem4 (.const:ti_sysbios_knl_Task_A_badThreadType__C)
                  8503c370    00000004     edma3_drv_bios6_tda2xx_m4_c0_st_sample_pem4.oem4 (.const:ti_sysbios_knl_Task_A_noPendElem__C)
                  8503c374    00000004     edma3_drv_bios6_tda2xx_m4_c0_st_sample_pem4.oem4 (.const:ti_sysbios_knl_Task_LD_block__C)
[...]
8503bf58  ti_sysbios_family_arm_ducati_GateDualCore_Object__DESC__C            
8503bf78  ti_sysbios_family_arm_ducati_Timer_Object__DESC__C                   
8503bf98  ti_sysbios_family_arm_m3_Hwi_Object__DESC__C                         
8503bfb8  ti_sysbios_gates_GateHwi_Object__DESC__C                             
8503bfd8  ti_sysbios_gates_GateMutex_Object__DESC__C                           
8503bff8  ti_sysbios_hal_Hwi_Object__DESC__C                                   
8503c018  ti_sysbios_heaps_HeapMem_Object__DESC__C                             
8503c038  ti_sysbios_knl_Clock_Object__DESC__C                                 
8503c058  ti_sysbios_knl_Queue_Object__DESC__C                                 
8503c078  ti_sysbios_knl_Semaphore_Object__DESC__C                             
8503c098  ti_sysbios_knl_Swi_Object__DESC__C                                   
8503c0b8  ti_sysbios_knl_Task_Object__DESC__C                                  
8503c0d8  ti_sysbios_family_arm_ducati_GateDualCore_Object__PARAMS__C          
8503c0f4  ti_sysbios_family_arm_m3_IntrinsicsSupport_Module__FXNS__C           
8503c110  ti_sysbios_gates_GateHwi_Object__PARAMS__C                           
8503c128  ti_sysbios_gates_GateMutex_Object__PARAMS__C                         
8503c140  ti_sysbios_knl_Queue_Object__PARAMS__C                               
8503c158  xdc_runtime_Startup_sfxnRts__A                                       
8503c16c  xdc_runtime_Startup_firstFxns__A                                     
8503c178  numEdma3Instances                                                    
8503c17c  numDsps                                                              
8503c180  ti_sysbios_family_arm_m3_Hwi_excHookFuncs__A                         
8503c188  ti_sysbios_knl_Idle_funcList__C                                      
8503c190  xdc_runtime_Startup_firstFxns__C                                     
8503c198  xdc_runtime_Startup_lastFxns__C                                      
8503c1a0  EDMA3_MAX_RM_INSTANCES                                               
8503c1a4  ti_sysbios_family_arm_ducati_Core_E_mismatchedIds__C                 
8503c1a8  ti_sysbios_family_arm_ducati_Core_id__C                              
8503c1ac  ti_sysbios_family_arm_ducati_Core_ipuId__C                           
8503c1b0  ti_sysbios_family_arm_ducati_GateDualCore_A_nestedEnter__C           
8503c1b4  ti_sysbios_family_arm_ducati_GateDualCore_E_gateInUse__C             
8503c1b8  ti_sysbios_family_arm_ducati_GateDualCore_E_invalidIndex__C          
8503c1bc  ti_sysbios_family_arm_ducati_GateDualCore_Module__diagsEnabled__C    
8503c1c0  ti_sysbios_family_arm_ducati_GateDualCore_Module__diagsIncluded__C   
8503c1c4  ti_sysbios_family_arm_ducati_GateDualCore_Module__diagsMask__C       
8503c1c8  ti_sysbios_family_arm_ducati_GateDualCore_Object__count__C           
8503c1cc  ti_sysbios_family_arm_ducati_GateDualCore_numGates__C                
8503c1d0  ti_sysbios_family_arm_ducati_Timer_E_cannotSupport__C                
8503c1d4  ti_sysbios_family_arm_ducati_Timer_E_invalidTimer__C                 
8503c1d8  ti_sysbios_family_arm_ducati_Timer_E_notAvailable__C                 
8503c1dc  ti_sysbios_family_arm_ducati_Timer_anyMask__C                        
8503c1e0  ti_sysbios_family_arm_ducati_Timer_startupNeeded__C                  
8503c1e4  ti_sysbios_family_arm_m3_Hwi_E_NMI__C                                
8503c1e8  ti_sysbios_family_arm_m3_Hwi_E_alreadyDefined__C                     
8503c1ec  ti_sysbios_family_arm_m3_Hwi_E_busFault__C                           
8503c1f0  ti_sysbios_family_arm_m3_Hwi_E_debugMon__C                           
8503c1f4  ti_sysbios_family_arm_m3_Hwi_E_hardFault__C                          
8503c1f8  ti_sysbios_family_arm_m3_Hwi_E_memFault__C                           
8503c1fc  ti_sysbios_family_arm_m3_Hwi_E_noIsr__C                              
8503c200  ti_sysbios_family_arm_m3_Hwi_E_reserved__C                           
8503c204  ti_sysbios_family_arm_m3_Hwi_E_svCall__C                             
8503c208  ti_sysbios_family_arm_m3_Hwi_E_usageFault__C                         
8503c20c  ti_sysbios_family_arm_m3_Hwi_LD_end__C                               
8503c210  ti_sysbios_family_arm_m3_Hwi_LM_begin__C                             
8503c214  ti_sysbios_family_arm_m3_Hwi_Module__diagsEnabled__C                 
8503c218  ti_sysbios_family_arm_m3_Hwi_Module__diagsIncluded__C                
8503c21c  ti_sysbios_family_arm_m3_Hwi_Module__diagsMask__C                    
8503c220  ti_sysbios_family_arm_m3_Hwi_Module__loggerFxn1__C                   
8503c224  ti_sysbios_family_arm_m3_Hwi_Module__loggerFxn8__C                   
8503c228  ti_sysbios_family_arm_m3_Hwi_Module__loggerObj__C                    
8503c22c  ti_sysbios_family_arm_m3_Hwi_NUM_INTERRUPTS__C                       
8503c230  ti_sysbios_family_arm_m3_Hwi_Object__count__C                        
8503c234  ti_sysbios_family_arm_m3_Hwi_ccr__C                                  
8503c238  ti_sysbios_family_arm_m3_Hwi_excHandlerFunc__C                       
8503c23c  ti_sysbios_family_arm_m3_Hwi_excHookFuncs__C                         
8503c240  ti_sysbios_family_arm_m3_Hwi_nullIsrFunc__C                          
8503c244  ti_sysbios_family_arm_m3_Hwi_priGroup__C                             
8503c248  ti_sysbios_family_arm_m3_TaskSupport_stackAlignment__C               
8503c24c  ti_sysbios_family_shared_vayu_IntXbar_A_badBenelliIpuId__C           
8503c250  ti_sysbios_family_shared_vayu_IntXbar_A_badBenelliXbarInstanceNum__C 
8503c254  ti_sysbios_family_shared_vayu_IntXbar_A_badIntSourceIdx__C           
8503c258  ti_sysbios_family_shared_vayu_IntXbar_Module__diagsEnabled__C        
8503c25c  ti_sysbios_family_shared_vayu_IntXbar_Module__diagsIncluded__C       
8503c260  ti_sysbios_family_shared_vayu_IntXbar_Module__diagsMask__C           
8503c264  ti_sysbios_family_shared_vayu_IntXbar_mmrBaseAddr__C                 
8503c268  ti_sysbios_gates_GateMutex_A_badContext__C                           
8503c26c  ti_sysbios_gates_GateMutex_Instance_State_sem__O                     
8503c270  ti_sysbios_gates_GateMutex_Module__diagsEnabled__C                   
8503c274  ti_sysbios_gates_GateMutex_Module__diagsIncluded__C                  
8503c278  ti_sysbios_gates_GateMutex_Module__diagsMask__C                      
8503c27c  ti_sysbios_hal_ammu_AMMU_numLargePages__C                            
8503c280  ti_sysbios_hal_ammu_AMMU_numLinePages__C                             
8503c284  ti_sysbios_hal_ammu_AMMU_numMediumPages__C                           
8503c288  ti_sysbios_hal_ammu_AMMU_numSmallPages__C                            
8503c28c  ti_sysbios_hal_unicache_Cache_Module__gateObj__C                     
8503c290  ti_sysbios_hal_unicache_Cache_l1ocpConfig__C                         
8503c294  ti_sysbios_hal_unicache_Cache_l1secConfig__C                         
8503c298  ti_sysbios_hal_unicache_Cache_l2ocpConfig__C                         
8503c29c  ti_sysbios_hal_unicache_Cache_l2secConfig__C                         
8503c2a0  ti_sysbios_hal_unicache_Cache_maxLineModeBufSize__C                  
8503c2a4  ti_sysbios_heaps_HeapMem_A_align__C                                  
8503c2a8  ti_sysbios_heaps_HeapMem_A_heapSize__C                               
8503c2ac  ti_sysbios_heaps_HeapMem_A_invalidFree__C                            
8503c2b0  ti_sysbios_heaps_HeapMem_A_zeroBlock__C                              
8503c2b4  ti_sysbios_heaps_HeapMem_E_memory__C                                 
8503c2b8  ti_sysbios_heaps_HeapMem_Module__diagsEnabled__C                     
8503c2bc  ti_sysbios_heaps_HeapMem_Module__diagsIncluded__C                    
8503c2c0  ti_sysbios_heaps_HeapMem_Module__diagsMask__C                        
8503c2c4  ti_sysbios_heaps_HeapMem_Module__gateObj__C                          
8503c2c8  ti_sysbios_heaps_HeapMem_Object__count__C                            
8503c2cc  ti_sysbios_heaps_HeapMem_reqAlign__C                                 
8503c2d0  ti_sysbios_interfaces_ICache_Interface__BASE__C                      
8503c2d4  ti_sysbios_interfaces_IIntrinsicsSupport_Interface__BASE__C          
8503c2d8  ti_sysbios_knl_Clock_A_badThreadType__C                              
8503c2dc  ti_sysbios_knl_Clock_LM_begin__C                                     
8503c2e0  ti_sysbios_knl_Clock_LM_tick__C                                      
8503c2e4  ti_sysbios_knl_Clock_LW_delayed__C                                   
8503c2e8  ti_sysbios_knl_Clock_Module_State_clockQ__O                          
8503c2ec  ti_sysbios_knl_Clock_Module__diagsEnabled__C                         
8503c2f0  ti_sysbios_knl_Clock_Module__diagsIncluded__C                        
8503c2f4  ti_sysbios_knl_Clock_Module__diagsMask__C                            
8503c2f8  ti_sysbios_knl_Clock_Module__loggerFxn1__C                           
8503c2fc  ti_sysbios_knl_Clock_Module__loggerFxn2__C                           
8503c300  ti_sysbios_knl_Clock_Module__loggerObj__C                            
8503c304  ti_sysbios_knl_Semaphore_A_badContext__C                             
8503c308  ti_sysbios_knl_Semaphore_A_noEvents__C                               
8503c30c  ti_sysbios_knl_Semaphore_A_overflow__C                               
8503c310  ti_sysbios_knl_Semaphore_A_pendTaskDisabled__C                       
8503c314  ti_sysbios_knl_Semaphore_Instance_State_pendQ__O                     
8503c318  ti_sysbios_knl_Semaphore_LM_pend__C                                  
8503c31c  ti_sysbios_knl_Semaphore_LM_post__C                                  
8503c320  ti_sysbios_knl_Semaphore_Module__diagsEnabled__C                     
8503c324  ti_sysbios_knl_Semaphore_Module__diagsIncluded__C                    
8503c328  ti_sysbios_knl_Semaphore_Module__diagsMask__C                        
8503c32c  ti_sysbios_knl_Semaphore_Module__loggerFxn2__C                       
8503c330  ti_sysbios_knl_Semaphore_Module__loggerFxn4__C                       
8503c334  ti_sysbios_knl_Semaphore_Module__loggerObj__C                        
8503c338  ti_sysbios_knl_Swi_A_badPriority__C                                  
8503c33c  ti_sysbios_knl_Swi_LD_end__C                                         
8503c340  ti_sysbios_knl_Swi_LM_begin__C                                       
8503c344  ti_sysbios_knl_Swi_LM_post__C                                        
8503c348  ti_sysbios_knl_Swi_Module__diagsEnabled__C                           
8503c34c  ti_sysbios_knl_Swi_Module__diagsIncluded__C                          
8503c350  ti_sysbios_knl_Swi_Module__diagsMask__C                              
8503c354  ti_sysbios_knl_Swi_Module__loggerFxn1__C                             
8503c358  ti_sysbios_knl_Swi_Module__loggerFxn4__C                             
8503c35c  ti_sysbios_knl_Swi_Module__loggerObj__C                              
8503c360  ti_sysbios_knl_Swi_Object__count__C                                  
8503c364  ti_sysbios_knl_Task_A_badPriority__C                                 
8503c368  ti_sysbios_knl_Task_A_badTaskState__C                                
8503c36c  ti_sysbios_knl_Task_A_badThreadType__C                               
8503c370  ti_sysbios_knl_Task_A_noPendElem__C                                  
8503c374  ti_sysbios_knl_Task_LD_block__C                                      
8503c378  ti_sysbios_knl_Task_LD_exit__C                                       
8503c37c  ti_sysbios_knl_Task_LD_ready__C                                      
8503c380  ti_sysbios_knl_Task_LM_switch__C                                     
8503c384  ti_sysbios_knl_Task_Module_State_inactiveQ__O                        
8503c388  ti_sysbios_knl_Task_Module__diagsEnabled__C                          
8503c38c  ti_sysbios_knl_Task_Module__diagsIncluded__C                         
8503c390  ti_sysbios_knl_Task_Module__diagsMask__C                             
8503c394  ti_sysbios_knl_Task_Module__loggerFxn2__C                            
8503c398  ti_sysbios_knl_Task_Module__loggerFxn4__C                            
8503c39c  ti_sysbios_knl_Task_Module__loggerObj__C                             
8503c3a0  ti_sysbios_knl_Task_Object__count__C                                 
8503c3a4  ti_sysbios_knl_Task_allBlockedFunc__C                                
8503c3a8  ti_sysbios_knl_Task_defaultStackHeap__C                              
8503c3ac  ti_sysbios_knl_Task_defaultStackSize__C                              
8503c3b0  ti_sysbios_knl_Task_numConstructedTasks__C                           
8503c3b4  xdc_runtime_Assert_E_assertFailed__C                                 
8503c3b8  xdc_runtime_Core_A_initializedParams__C                              
8503c3bc  xdc_runtime_Core_Module__diagsEnabled__C                             
8503c3c0  xdc_runtime_Core_Module__diagsIncluded__C                            
8503c3c4  xdc_runtime_Core_Module__diagsMask__C                                
8503c3c8  xdc_runtime_Error_E_memory__C                                        
8503c3cc  xdc_runtime_Error_Module__diagsEnabled__C                            
8503c3d0  xdc_runtime_Error_Module__diagsIncluded__C                           
8503c3d4  xdc_runtime_Error_Module__diagsMask__C                               
8503c3d8  xdc_runtime_Error_Module__loggerFxn8__C                              
8503c3dc  xdc_runtime_Error_Module__loggerObj__C                               
8503c3e0  xdc_runtime_Error_policyFxn__C                                       
8503c3e4  xdc_runtime_Error_raiseHook__C                                       
8503c3e8  xdc_runtime_IGateProvider_Interface__BASE__C                         
8503c3ec  xdc_runtime_IHeap_Interface__BASE__C                                 
8503c3f0  xdc_runtime_IModule_Interface__BASE__C                               
8503c3f4  xdc_runtime_ISystemSupport_Interface__BASE__C                        
8503c3f8  xdc_runtime_Log_L_error__C                                           
8503c3fc  xdc_runtime_Memory_defaultHeapInstance__C                            
8503c400  xdc_runtime_Startup_execImpl__C                                      
8503c404  xdc_runtime_Startup_lastFxns__A                                      
8503c408  xdc_runtime_Startup_maxPasses__C                                     
8503c40c  xdc_runtime_Startup_sfxnRts__C                                       
8503c410  xdc_runtime_Startup_sfxnTab__C                                       
8503c414  xdc_runtime_SysMin_bufSize__C                                        
8503c418  xdc_runtime_SysMin_outputFunc__C                                     
8503c41c  xdc_runtime_System_Module__gateObj__C                                
8503c420  xdc_runtime_System_abortFxn__C                                       
8503c424  xdc_runtime_System_exitFxn__C                                        
8503c428  xdc_runtime_System_extendFxn__C                                      
8503c42c  xdc_runtime_System_maxAtexitHandlers__C                              
8503c430  xdc_runtime_Text_charTab__C                                          
8503c434  xdc_runtime_Text_nameEmpty__C                                        
8503c438  xdc_runtime_Text_nameStatic__C                                       
8503c43c  xdc_runtime_Text_nameUnknown__C                                      
8503c440  xdc_runtime_Text_nodeTab__C                                          
8503c444  xdc_runtime_Text_visitRopeFxn__C                                     
8503c448  ti_sysbios_family_arm_ducati_Timer_Module__id__C                     
8503c44a  ti_sysbios_family_arm_m3_Hwi_Module__id__C                           
8503c44c  ti_sysbios_family_arm_m3_Hwi_Module__loggerDefined__C                
8503c44e  ti_sysbios_family_shared_vayu_IntXbar_Module__id__C                  
8503c450  ti_sysbios_gates_GateMutex_Module__id__C                             
8503c452  ti_sysbios_hal_ammu_AMMU_configureAmmu__C                            
8503c454  ti_sysbios_hal_unicache_Cache_configureCache__C                      
8503c456  ti_sysbios_hal_unicache_Cache_enableCache__C                         
8503c458  ti_sysbios_hal_unicache_Cache_l2CacheSupported__C                    
8503c45a  ti_sysbios_heaps_HeapMem_Module__id__C                               
8503c45c  ti_sysbios_knl_Clock_Module__id__C                                   
8503c45e  ti_sysbios_knl_Clock_Module__loggerDefined__C                        
8503c460  ti_sysbios_knl_Semaphore_Module__id__C                               
8503c462  ti_sysbios_knl_Semaphore_Module__loggerDefined__C                    
8503c464  ti_sysbios_knl_Swi_Module__id__C                                     
8503c466  ti_sysbios_knl_Swi_Module__loggerDefined__C                          
8503c468  ti_sysbios_knl_Task_Module__id__C                                    
8503c46a  ti_sysbios_knl_Task_Module__loggerDefined__C                         
8503c46c  xdc_runtime_Core_Module__id__C                                       
8503c46e  xdc_runtime_Error_Module__loggerDefined__C                           
8503c470  xdc_runtime_Error_maxDepth__C                                        
8503c472  xdc_runtime_Memory_Module__id__C                                     
8503c474  xdc_runtime_SysMin_flushAtExit__C                                    
8503c476  xdc_runtime_Text_charCnt__C                                          
8503c478  xdc_runtime_Text_isLoaded__C                                         
8503c47a  xdc_runtime_Text_registryModsLastId__C                               
8503c47c  xdc_runtime_Text_unnamedModsLastId__C                                
8503c480  _pingpongSrcBuf                                                      
8503d200  _pingpongDestBuf                                                     
8503df80  _dstL1DBuff1                                                         
8503e200  _dstL1DBuff2                                                         
8503e480  _srcBuff1                                                            
8503e500  _dstBuff1                                                            
8503e580  _srcBuff2                                                            
8503e600  _dstBuff2                                                            
8503e640  ti_sysbios_knl_Task_Instance_State_0_stack__A                        
e000e000  ti_sysbios_family_arm_m3_Hwi_nvic                                    
ffffffff  __TI_pprof_out_hndl                                                  
ffffffff  __TI_prof_data_size                                                  
ffffffff  __TI_prof_data_start                                                 
ffffffff  __TI_static_base__                                                   
ffffffff  __binit__                                                            
ffffffff  __c_args__                                                           
ffffffff  binit                                                                
UNDEFED   SHT$$INIT_ARRAY$$Base                                                
UNDEFED   SHT$$INIT_ARRAY$$Limit                                               
UNDEFED   __TI_CINIT_Base                                                      
UNDEFED   __TI_CINIT_Limit                                                     
UNDEFED   __TI_Handler_Table_Base                                              
UNDEFED   __TI_Handler_Table_Limit                                             

[1165 symbols]


DYNAMIC SYMBOLS: SORTED ALPHABETICALLY BY Name 

address  name
-------  ----
UNDEFED      

[1 symbols]


IMPORTED and EXPORTED SYMBOLS: SORTED ALPHABETICALLY BY Name 

IMPORTED SYMBOLS

name                           size      Imported from
-----------------------------  --------  -------------

[0 symbols]


EXPORTED SYMBOLS


[0 symbols]
